{"jsonrpc":"2.0","result":[{"name":"<module@3:1>","kind":2,"range":{"start":{"line":2,"character":0},"end":{"line":331,"character":1}},"selectionRange":{"start":{"line":2,"character":0},"end":{"line":331,"character":1}},"children":[{"name":"$dummy","kind":12,"range":{"start":{"line":4,"character":2},"end":{"line":4,"character":15}},"selectionRange":{"start":{"line":4,"character":8},"end":{"line":4,"character":14}},"children":[]},{"name":"<func@7:3>","kind":12,"range":{"start":{"line":6,"character":2},"end":{"line":6,"character":60}},"selectionRange":{"start":{"line":6,"character":2},"end":{"line":6,"character":60}},"children":[]},{"name":"<func@8:3>","kind":12,"range":{"start":{"line":7,"character":2},"end":{"line":7,"character":60}},"selectionRange":{"start":{"line":7,"character":2},"end":{"line":7,"character":60}},"children":[]},{"name":"<func@9:3>","kind":12,"range":{"start":{"line":8,"character":2},"end":{"line":8,"character":60}},"selectionRange":{"start":{"line":8,"character":2},"end":{"line":8,"character":60}},"children":[]},{"name":"<func@10:3>","kind":12,"range":{"start":{"line":9,"character":2},"end":{"line":9,"character":60}},"selectionRange":{"start":{"line":9,"character":2},"end":{"line":9,"character":60}},"children":[]},{"name":"<func@12:3>","kind":12,"range":{"start":{"line":11,"character":2},"end":{"line":13,"character":3}},"selectionRange":{"start":{"line":11,"character":2},"end":{"line":13,"character":3}},"children":[]},{"name":"<func@15:3>","kind":12,"range":{"start":{"line":14,"character":2},"end":{"line":16,"character":3}},"selectionRange":{"start":{"line":14,"character":2},"end":{"line":16,"character":3}},"children":[]},{"name":"<func@18:3>","kind":12,"range":{"start":{"line":17,"character":2},"end":{"line":19,"character":3}},"selectionRange":{"start":{"line":17,"character":2},"end":{"line":19,"character":3}},"children":[]},{"name":"<func@21:3>","kind":12,"range":{"start":{"line":20,"character":2},"end":{"line":22,"character":3}},"selectionRange":{"start":{"line":20,"character":2},"end":{"line":22,"character":3}},"children":[]},{"name":"<func@25:3>","kind":12,"range":{"start":{"line":24,"character":2},"end":{"line":26,"character":3}},"selectionRange":{"start":{"line":24,"character":2},"end":{"line":26,"character":3}},"children":[]},{"name":"<func@28:3>","kind":12,"range":{"start":{"line":27,"character":2},"end":{"line":29,"character":3}},"selectionRange":{"start":{"line":27,"character":2},"end":{"line":29,"character":3}},"children":[]},{"name":"<func@31:3>","kind":12,"range":{"start":{"line":30,"character":2},"end":{"line":32,"character":3}},"selectionRange":{"start":{"line":30,"character":2},"end":{"line":32,"character":3}},"children":[]},{"name":"<func@34:3>","kind":12,"range":{"start":{"line":33,"character":2},"end":{"line":35,"character":3}},"selectionRange":{"start":{"line":33,"character":2},"end":{"line":35,"character":3}},"children":[]},{"name":"<func@38:3>","kind":12,"range":{"start":{"line":37,"character":2},"end":{"line":39,"character":3}},"selectionRange":{"start":{"line":37,"character":2},"end":{"line":39,"character":3}},"children":[]},{"name":"<func@41:3>","kind":12,"range":{"start":{"line":40,"character":2},"end":{"line":44,"character":3}},"selectionRange":{"start":{"line":40,"character":2},"end":{"line":44,"character":3}},"children":[]},{"name":"<func@46:3>","kind":12,"range":{"start":{"line":45,"character":2},"end":{"line":49,"character":3}},"selectionRange":{"start":{"line":45,"character":2},"end":{"line":49,"character":3}},"children":[]},{"name":"<func@52:3>","kind":12,"range":{"start":{"line":51,"character":2},"end":{"line":53,"character":3}},"selectionRange":{"start":{"line":51,"character":2},"end":{"line":53,"character":3}},"children":[]},{"name":"<func@56:3>","kind":12,"range":{"start":{"line":55,"character":2},"end":{"line":57,"character":3}},"selectionRange":{"start":{"line":55,"character":2},"end":{"line":57,"character":3}},"children":[]},{"name":"<func@59:3>","kind":12,"range":{"start":{"line":58,"character":2},"end":{"line":62,"character":3}},"selectionRange":{"start":{"line":58,"character":2},"end":{"line":62,"character":3}},"children":[]},{"name":"<func@64:3>","kind":12,"range":{"start":{"line":63,"character":2},"end":{"line":67,"character":3}},"selectionRange":{"start":{"line":63,"character":2},"end":{"line":67,"character":3}},"children":[]},{"name":"<func@70:3>","kind":12,"range":{"start":{"line":69,"character":2},"end":{"line":71,"character":3}},"selectionRange":{"start":{"line":69,"character":2},"end":{"line":71,"character":3}},"children":[]},{"name":"<func@73:3>","kind":12,"range":{"start":{"line":72,"character":2},"end":{"line":76,"character":3}},"selectionRange":{"start":{"line":72,"character":2},"end":{"line":76,"character":3}},"children":[]},{"name":"<func@78:3>","kind":12,"range":{"start":{"line":77,"character":2},"end":{"line":81,"character":3}},"selectionRange":{"start":{"line":77,"character":2},"end":{"line":81,"character":3}},"children":[]},{"name":"<func@84:3>","kind":12,"range":{"start":{"line":83,"character":2},"end":{"line":85,"character":3}},"selectionRange":{"start":{"line":83,"character":2},"end":{"line":85,"character":3}},"children":[]},{"name":"<func@88:3>","kind":12,"range":{"start":{"line":87,"character":2},"end":{"line":94,"character":3}},"selectionRange":{"start":{"line":87,"character":2},"end":{"line":94,"character":3}},"children":[]},{"name":"<func@96:3>","kind":12,"range":{"start":{"line":95,"character":2},"end":{"line":102,"character":3}},"selectionRange":{"start":{"line":95,"character":2},"end":{"line":102,"character":3}},"children":[]},{"name":"<func@104:3>","kind":12,"range":{"start":{"line":103,"character":2},"end":{"line":110,"character":3}},"selectionRange":{"start":{"line":103,"character":2},"end":{"line":110,"character":3}},"children":[]},{"name":"<func@113:3>","kind":12,"range":{"start":{"line":112,"character":2},"end":{"line":116,"character":3}},"selectionRange":{"start":{"line":112,"character":2},"end":{"line":116,"character":3}},"children":[]},{"name":"<func@118:3>","kind":12,"range":{"start":{"line":117,"character":2},"end":{"line":121,"character":3}},"selectionRange":{"start":{"line":117,"character":2},"end":{"line":121,"character":3}},"children":[]},{"name":"<func@123:3>","kind":12,"range":{"start":{"line":122,"character":2},"end":{"line":126,"character":3}},"selectionRange":{"start":{"line":122,"character":2},"end":{"line":126,"character":3}},"children":[]},{"name":"$f","kind":12,"range":{"start":{"line":128,"character":2},"end":{"line":128,"character":59}},"selectionRange":{"start":{"line":128,"character":8},"end":{"line":128,"character":10}},"children":[]},{"name":"<func@130:3>","kind":12,"range":{"start":{"line":129,"character":2},"end":{"line":133,"character":3}},"selectionRange":{"start":{"line":129,"character":2},"end":{"line":133,"character":3}},"children":[]},{"name":"<func@135:3>","kind":12,"range":{"start":{"line":134,"character":2},"end":{"line":138,"character":3}},"selectionRange":{"start":{"line":134,"character":2},"end":{"line":138,"character":3}},"children":[]},{"name":"<func@140:3>","kind":12,"range":{"start":{"line":139,"character":2},"end":{"line":143,"character":3}},"selectionRange":{"start":{"line":139,"character":2},"end":{"line":143,"character":3}},"children":[]},{"name":"$sig","kind":26,"range":{"start":{"line":145,"character":2},"end":{"line":145,"character":53}},"selectionRange":{"start":{"line":145,"character":8},"end":{"line":145,"character":12}},"children":[]},{"name":"<table@147:3>","kind":11,"range":{"start":{"line":146,"character":2},"end":{"line":146,"character":27}},"selectionRange":{"start":{"line":146,"character":2},"end":{"line":146,"character":27}},"children":[]},{"name":"<func@148:3>","kind":12,"range":{"start":{"line":147,"character":2},"end":{"line":154,"character":3}},"selectionRange":{"start":{"line":147,"character":2},"end":{"line":154,"character":3}},"children":[]},{"name":"<func@156:3>","kind":12,"range":{"start":{"line":155,"character":2},"end":{"line":162,"character":3}},"selectionRange":{"start":{"line":155,"character":2},"end":{"line":162,"character":3}},"children":[]},{"name":"<func@164:3>","kind":12,"range":{"start":{"line":163,"character":2},"end":{"line":170,"character":3}},"selectionRange":{"start":{"line":163,"character":2},"end":{"line":170,"character":3}},"children":[]},{"name":"<func@172:3>","kind":12,"range":{"start":{"line":171,"character":2},"end":{"line":178,"character":3}},"selectionRange":{"start":{"line":171,"character":2},"end":{"line":178,"character":3}},"children":[]},{"name":"<func@181:3>","kind":12,"range":{"start":{"line":180,"character":2},"end":{"line":182,"character":3}},"selectionRange":{"start":{"line":180,"character":2},"end":{"line":182,"character":3}},"children":[]},{"name":"<func@184:3>","kind":12,"range":{"start":{"line":183,"character":2},"end":{"line":185,"character":3}},"selectionRange":{"start":{"line":183,"character":2},"end":{"line":185,"character":3}},"children":[]},{"name":"$a","kind":24,"range":{"start":{"line":186,"character":2},"end":{"line":186,"character":38}},"selectionRange":{"start":{"line":186,"character":10},"end":{"line":186,"character":12}},"children":[]},{"name":"<func@188:3>","kind":12,"range":{"start":{"line":187,"character":2},"end":{"line":189,"character":3}},"selectionRange":{"start":{"line":187,"character":2},"end":{"line":189,"character":3}},"children":[]},{"name":"<memory@192:3>","kind":18,"range":{"start":{"line":191,"character":2},"end":{"line":191,"character":12}},"selectionRange":{"start":{"line":191,"character":2},"end":{"line":191,"character":12}},"children":[]},{"name":"<func@193:3>","kind":12,"range":{"start":{"line":192,"character":2},"end":{"line":194,"character":3}},"selectionRange":{"start":{"line":192,"character":2},"end":{"line":194,"character":3}},"children":[]},{"name":"<func@196:3>","kind":12,"range":{"start":{"line":195,"character":2},"end":{"line":197,"character":3}},"selectionRange":{"start":{"line":195,"character":2},"end":{"line":197,"character":3}},"children":[]},{"name":"<func@200:3>","kind":12,"range":{"start":{"line":199,"character":2},"end":{"line":203,"character":3}},"selectionRange":{"start":{"line":199,"character":2},"end":{"line":203,"character":3}},"children":[]},{"name":"<func@205:3>","kind":12,"range":{"start":{"line":204,"character":2},"end":{"line":208,"character":3}},"selectionRange":{"start":{"line":204,"character":2},"end":{"line":208,"character":3}},"children":[]},{"name":"<func@211:3>","kind":12,"range":{"start":{"line":210,"character":2},"end":{"line":214,"character":3}},"selectionRange":{"start":{"line":210,"character":2},"end":{"line":214,"character":3}},"children":[]},{"name":"<func@216:3>","kind":12,"range":{"start":{"line":215,"character":2},"end":{"line":219,"character":3}},"selectionRange":{"start":{"line":215,"character":2},"end":{"line":219,"character":3}},"children":[]},{"name":"<func@222:3>","kind":12,"range":{"start":{"line":221,"character":2},"end":{"line":223,"character":3}},"selectionRange":{"start":{"line":221,"character":2},"end":{"line":223,"character":3}},"children":[]},{"name":"<func@226:3>","kind":12,"range":{"start":{"line":225,"character":2},"end":{"line":227,"character":3}},"selectionRange":{"start":{"line":225,"character":2},"end":{"line":227,"character":3}},"children":[]},{"name":"<func@229:3>","kind":12,"range":{"start":{"line":228,"character":2},"end":{"line":230,"character":3}},"selectionRange":{"start":{"line":228,"character":2},"end":{"line":230,"character":3}},"children":[]},{"name":"<func@233:3>","kind":12,"range":{"start":{"line":232,"character":2},"end":{"line":234,"character":3}},"selectionRange":{"start":{"line":232,"character":2},"end":{"line":234,"character":3}},"children":[]},{"name":"<func@237:3>","kind":12,"range":{"start":{"line":236,"character":2},"end":{"line":238,"character":3}},"selectionRange":{"start":{"line":236,"character":2},"end":{"line":238,"character":3}},"children":[]},{"name":"<func@240:3>","kind":12,"range":{"start":{"line":239,"character":2},"end":{"line":241,"character":3}},"selectionRange":{"start":{"line":239,"character":2},"end":{"line":241,"character":3}},"children":[]},{"name":"<func@244:3>","kind":12,"range":{"start":{"line":243,"character":2},"end":{"line":245,"character":3}},"selectionRange":{"start":{"line":243,"character":2},"end":{"line":245,"character":3}},"children":[]},{"name":"<func@248:3>","kind":12,"range":{"start":{"line":247,"character":2},"end":{"line":249,"character":3}},"selectionRange":{"start":{"line":247,"character":2},"end":{"line":249,"character":3}},"children":[]},{"name":"<func@252:3>","kind":12,"range":{"start":{"line":251,"character":2},"end":{"line":259,"character":3}},"selectionRange":{"start":{"line":251,"character":2},"end":{"line":259,"character":3}},"children":[]},{"name":"<func@262:3>","kind":12,"range":{"start":{"line":261,"character":2},"end":{"line":275,"character":3}},"selectionRange":{"start":{"line":261,"character":2},"end":{"line":275,"character":3}},"children":[]},{"name":"<func@278:3>","kind":12,"range":{"start":{"line":277,"character":2},"end":{"line":292,"character":3}},"selectionRange":{"start":{"line":277,"character":2},"end":{"line":292,"character":3}},"children":[]},{"name":"<func@295:3>","kind":12,"range":{"start":{"line":294,"character":2},"end":{"line":303,"character":3}},"selectionRange":{"start":{"line":294,"character":2},"end":{"line":303,"character":3}},"children":[]},{"name":"<func@306:3>","kind":12,"range":{"start":{"line":305,"character":2},"end":{"line":319,"character":3}},"selectionRange":{"start":{"line":305,"character":2},"end":{"line":319,"character":3}},"children":[]},{"name":"<func@322:3>","kind":12,"range":{"start":{"line":321,"character":2},"end":{"line":330,"character":3}},"selectionRange":{"start":{"line":321,"character":2},"end":{"line":330,"character":3}}}]}],"id":1}