{"jsonrpc":"2.0","result":[{"name":"<module@1:1>","kind":2,"range":{"start":{"line":0,"character":0},"end":{"line":4,"character":1}},"selectionRange":{"start":{"line":0,"character":0},"end":{"line":4,"character":1}},"children":[{"name":"<func@2:3>","kind":12,"range":{"start":{"line":1,"character":2},"end":{"line":1,"character":37}},"selectionRange":{"start":{"line":1,"character":2},"end":{"line":1,"character":37}},"children":[]},{"name":"<func@3:3>","kind":12,"range":{"start":{"line":2,"character":2},"end":{"line":2,"character":57}},"selectionRange":{"start":{"line":2,"character":2},"end":{"line":2,"character":57}},"children":[]},{"name":"<func@4:3>","kind":12,"range":{"start":{"line":3,"character":2},"end":{"line":3,"character":63}},"selectionRange":{"start":{"line":3,"character":2},"end":{"line":3,"character":63}}}]}],"id":1}