{"jsonrpc":"2.0","result":[{"name":"<module@1:1>","kind":2,"range":{"start":{"line":0,"character":0},"end":{"line":26,"character":1}},"selectionRange":{"start":{"line":0,"character":0},"end":{"line":26,"character":1}},"children":[{"name":"<func@2:3>","kind":12,"range":{"start":{"line":1,"character":2},"end":{"line":1,"character":98}},"selectionRange":{"start":{"line":1,"character":2},"end":{"line":1,"character":98}},"children":[]},{"name":"<func@3:3>","kind":12,"range":{"start":{"line":2,"character":2},"end":{"line":2,"character":98}},"selectionRange":{"start":{"line":2,"character":2},"end":{"line":2,"character":98}},"children":[]},{"name":"<func@4:3>","kind":12,"range":{"start":{"line":3,"character":2},"end":{"line":3,"character":90}},"selectionRange":{"start":{"line":3,"character":2},"end":{"line":3,"character":90}},"children":[]},{"name":"<func@5:3>","kind":12,"range":{"start":{"line":4,"character":2},"end":{"line":4,"character":96}},"selectionRange":{"start":{"line":4,"character":2},"end":{"line":4,"character":96}},"children":[]},{"name":"<func@6:3>","kind":12,"range":{"start":{"line":5,"character":2},"end":{"line":5,"character":96}},"selectionRange":{"start":{"line":5,"character":2},"end":{"line":5,"character":96}},"children":[]},{"name":"<func@7:3>","kind":12,"range":{"start":{"line":6,"character":2},"end":{"line":6,"character":96}},"selectionRange":{"start":{"line":6,"character":2},"end":{"line":6,"character":96}},"children":[]},{"name":"<func@8:3>","kind":12,"range":{"start":{"line":7,"character":2},"end":{"line":7,"character":96}},"selectionRange":{"start":{"line":7,"character":2},"end":{"line":7,"character":96}},"children":[]},{"name":"<func@9:3>","kind":12,"range":{"start":{"line":8,"character":2},"end":{"line":8,"character":96}},"selectionRange":{"start":{"line":8,"character":2},"end":{"line":8,"character":96}},"children":[]},{"name":"<func@10:3>","kind":12,"range":{"start":{"line":9,"character":2},"end":{"line":9,"character":96}},"selectionRange":{"start":{"line":9,"character":2},"end":{"line":9,"character":96}},"children":[]},{"name":"<func@11:3>","kind":12,"range":{"start":{"line":10,"character":2},"end":{"line":10,"character":96}},"selectionRange":{"start":{"line":10,"character":2},"end":{"line":10,"character":96}},"children":[]},{"name":"<func@12:3>","kind":12,"range":{"start":{"line":11,"character":2},"end":{"line":11,"character":96}},"selectionRange":{"start":{"line":11,"character":2},"end":{"line":11,"character":96}},"children":[]},{"name":"<func@13:3>","kind":12,"range":{"start":{"line":12,"character":2},"end":{"line":12,"character":100}},"selectionRange":{"start":{"line":12,"character":2},"end":{"line":12,"character":100}},"children":[]},{"name":"<func@14:3>","kind":12,"range":{"start":{"line":13,"character":2},"end":{"line":13,"character":100}},"selectionRange":{"start":{"line":13,"character":2},"end":{"line":13,"character":100}},"children":[]},{"name":"<func@15:3>","kind":12,"range":{"start":{"line":14,"character":2},"end":{"line":14,"character":100}},"selectionRange":{"start":{"line":14,"character":2},"end":{"line":14,"character":100}},"children":[]},{"name":"<func@16:3>","kind":12,"range":{"start":{"line":15,"character":2},"end":{"line":15,"character":100}},"selectionRange":{"start":{"line":15,"character":2},"end":{"line":15,"character":100}},"children":[]},{"name":"<func@17:3>","kind":12,"range":{"start":{"line":16,"character":2},"end":{"line":16,"character":100}},"selectionRange":{"start":{"line":16,"character":2},"end":{"line":16,"character":100}},"children":[]},{"name":"<func@18:3>","kind":12,"range":{"start":{"line":17,"character":2},"end":{"line":17,"character":100}},"selectionRange":{"start":{"line":17,"character":2},"end":{"line":17,"character":100}},"children":[]},{"name":"<func@19:3>","kind":12,"range":{"start":{"line":18,"character":2},"end":{"line":18,"character":100}},"selectionRange":{"start":{"line":18,"character":2},"end":{"line":18,"character":100}},"children":[]},{"name":"<func@20:3>","kind":12,"range":{"start":{"line":19,"character":2},"end":{"line":19,"character":100}},"selectionRange":{"start":{"line":19,"character":2},"end":{"line":19,"character":100}},"children":[]},{"name":"<func@21:3>","kind":12,"range":{"start":{"line":20,"character":2},"end":{"line":20,"character":96}},"selectionRange":{"start":{"line":20,"character":2},"end":{"line":20,"character":96}},"children":[]},{"name":"<func@22:3>","kind":12,"range":{"start":{"line":21,"character":2},"end":{"line":21,"character":94}},"selectionRange":{"start":{"line":21,"character":2},"end":{"line":21,"character":94}},"children":[]},{"name":"<func@23:3>","kind":12,"range":{"start":{"line":22,"character":2},"end":{"line":22,"character":104}},"selectionRange":{"start":{"line":22,"character":2},"end":{"line":22,"character":104}},"children":[]},{"name":"<func@24:3>","kind":12,"range":{"start":{"line":23,"character":2},"end":{"line":23,"character":104}},"selectionRange":{"start":{"line":23,"character":2},"end":{"line":23,"character":104}},"children":[]},{"name":"<func@25:3>","kind":12,"range":{"start":{"line":24,"character":2},"end":{"line":24,"character":104}},"selectionRange":{"start":{"line":24,"character":2},"end":{"line":24,"character":104}},"children":[]},{"name":"<func@26:3>","kind":12,"range":{"start":{"line":25,"character":2},"end":{"line":25,"character":104}},"selectionRange":{"start":{"line":25,"character":2},"end":{"line":25,"character":104}}}]}],"id":1}