{"jsonrpc":"2.0","result":[{"name":"<module@1:1>","kind":2,"range":{"start":{"line":0,"character":0},"end":{"line":81,"character":1}},"selectionRange":{"start":{"line":0,"character":0},"end":{"line":81,"character":1}},"children":[{"name":"<func@3:3>","kind":12,"range":{"start":{"line":2,"character":2},"end":{"line":9,"character":3}},"selectionRange":{"start":{"line":2,"character":2},"end":{"line":9,"character":3}},"children":[]},{"name":"$fac-rec-named","kind":12,"range":{"start":{"line":12,"character":2},"end":{"line":22,"character":3}},"selectionRange":{"start":{"line":12,"character":8},"end":{"line":12,"character":22}},"children":[]},{"name":"<func@26:3>","kind":12,"range":{"start":{"line":25,"character":2},"end":{"line":43,"character":3}},"selectionRange":{"start":{"line":25,"character":2},"end":{"line":43,"character":3}},"children":[]},{"name":"<func@47:3>","kind":12,"range":{"start":{"line":46,"character":2},"end":{"line":65,"character":3}},"selectionRange":{"start":{"line":46,"character":2},"end":{"line":65,"character":3}},"children":[]},{"name":"<func@69:3>","kind":12,"range":{"start":{"line":68,"character":2},"end":{"line":80,"character":3}},"selectionRange":{"start":{"line":68,"character":2},"end":{"line":80,"character":3}}}]}],"id":1}