{"jsonrpc":"2.0","result":[{"name":"<module@3:1>","kind":2,"range":{"start":{"line":2,"character":0},"end":{"line":221,"character":1}},"selectionRange":{"start":{"line":2,"character":0},"end":{"line":221,"character":1}},"children":[{"name":"$dummy","kind":12,"range":{"start":{"line":4,"character":2},"end":{"line":4,"character":15}},"selectionRange":{"start":{"line":4,"character":8},"end":{"line":4,"character":14}},"children":[]},{"name":"<func@7:3>","kind":12,"range":{"start":{"line":6,"character":2},"end":{"line":6,"character":54}},"selectionRange":{"start":{"line":6,"character":2},"end":{"line":6,"character":54}},"children":[]},{"name":"<func@8:3>","kind":12,"range":{"start":{"line":7,"character":2},"end":{"line":7,"character":54}},"selectionRange":{"start":{"line":7,"character":2},"end":{"line":7,"character":54}},"children":[]},{"name":"<func@9:3>","kind":12,"range":{"start":{"line":8,"character":2},"end":{"line":8,"character":54}},"selectionRange":{"start":{"line":8,"character":2},"end":{"line":8,"character":54}},"children":[]},{"name":"<func@10:3>","kind":12,"range":{"start":{"line":9,"character":2},"end":{"line":9,"character":54}},"selectionRange":{"start":{"line":9,"character":2},"end":{"line":9,"character":54}},"children":[]},{"name":"<func@12:3>","kind":12,"range":{"start":{"line":11,"character":2},"end":{"line":13,"character":3}},"selectionRange":{"start":{"line":11,"character":2},"end":{"line":13,"character":3}},"children":[]},{"name":"<func@15:3>","kind":12,"range":{"start":{"line":14,"character":2},"end":{"line":16,"character":3}},"selectionRange":{"start":{"line":14,"character":2},"end":{"line":16,"character":3}},"children":[]},{"name":"<func@18:3>","kind":12,"range":{"start":{"line":17,"character":2},"end":{"line":19,"character":3}},"selectionRange":{"start":{"line":17,"character":2},"end":{"line":19,"character":3}},"children":[]},{"name":"<func@21:3>","kind":12,"range":{"start":{"line":20,"character":2},"end":{"line":22,"character":3}},"selectionRange":{"start":{"line":20,"character":2},"end":{"line":22,"character":3}},"children":[]},{"name":"<func@25:3>","kind":12,"range":{"start":{"line":24,"character":2},"end":{"line":24,"character":36}},"selectionRange":{"start":{"line":24,"character":2},"end":{"line":24,"character":36}},"children":[]},{"name":"<func@26:3>","kind":12,"range":{"start":{"line":25,"character":2},"end":{"line":25,"character":61}},"selectionRange":{"start":{"line":25,"character":2},"end":{"line":25,"character":61}},"children":[]},{"name":"<func@28:3>","kind":12,"range":{"start":{"line":27,"character":2},"end":{"line":29,"character":3}},"selectionRange":{"start":{"line":27,"character":2},"end":{"line":29,"character":3}},"children":[]},{"name":"<func@31:3>","kind":12,"range":{"start":{"line":30,"character":2},"end":{"line":32,"character":3}},"selectionRange":{"start":{"line":30,"character":2},"end":{"line":32,"character":3}},"children":[]},{"name":"<func@34:3>","kind":12,"range":{"start":{"line":33,"character":2},"end":{"line":35,"character":3}},"selectionRange":{"start":{"line":33,"character":2},"end":{"line":35,"character":3}},"children":[]},{"name":"<func@37:3>","kind":12,"range":{"start":{"line":36,"character":2},"end":{"line":38,"character":3}},"selectionRange":{"start":{"line":36,"character":2},"end":{"line":38,"character":3}},"children":[]},{"name":"<func@41:3>","kind":12,"range":{"start":{"line":40,"character":2},"end":{"line":42,"character":3}},"selectionRange":{"start":{"line":40,"character":2},"end":{"line":42,"character":3}},"children":[]},{"name":"<func@44:3>","kind":12,"range":{"start":{"line":43,"character":2},"end":{"line":45,"character":3}},"selectionRange":{"start":{"line":43,"character":2},"end":{"line":45,"character":3}},"children":[]},{"name":"<func@47:3>","kind":12,"range":{"start":{"line":46,"character":2},"end":{"line":48,"character":3}},"selectionRange":{"start":{"line":46,"character":2},"end":{"line":48,"character":3}},"children":[]},{"name":"<func@50:3>","kind":12,"range":{"start":{"line":49,"character":2},"end":{"line":51,"character":3}},"selectionRange":{"start":{"line":49,"character":2},"end":{"line":51,"character":3}},"children":[]},{"name":"<func@54:3>","kind":12,"range":{"start":{"line":53,"character":2},"end":{"line":55,"character":3}},"selectionRange":{"start":{"line":53,"character":2},"end":{"line":55,"character":3}},"children":[]},{"name":"<func@57:3>","kind":12,"range":{"start":{"line":56,"character":2},"end":{"line":58,"character":3}},"selectionRange":{"start":{"line":56,"character":2},"end":{"line":58,"character":3}},"children":[]},{"name":"<func@60:3>","kind":12,"range":{"start":{"line":59,"character":2},"end":{"line":61,"character":3}},"selectionRange":{"start":{"line":59,"character":2},"end":{"line":61,"character":3}},"children":[]},{"name":"<func@64:3>","kind":12,"range":{"start":{"line":63,"character":2},"end":{"line":65,"character":3}},"selectionRange":{"start":{"line":63,"character":2},"end":{"line":65,"character":3}},"children":[]},{"name":"<func@68:3>","kind":12,"range":{"start":{"line":67,"character":2},"end":{"line":69,"character":3}},"selectionRange":{"start":{"line":67,"character":2},"end":{"line":69,"character":3}},"children":[]},{"name":"<func@71:3>","kind":12,"range":{"start":{"line":70,"character":2},"end":{"line":74,"character":3}},"selectionRange":{"start":{"line":70,"character":2},"end":{"line":74,"character":3}},"children":[]},{"name":"<func@76:3>","kind":12,"range":{"start":{"line":75,"character":2},"end":{"line":79,"character":3}},"selectionRange":{"start":{"line":75,"character":2},"end":{"line":79,"character":3}},"children":[]},{"name":"<func@82:3>","kind":12,"range":{"start":{"line":81,"character":2},"end":{"line":83,"character":3}},"selectionRange":{"start":{"line":81,"character":2},"end":{"line":83,"character":3}},"children":[]},{"name":"<func@85:3>","kind":12,"range":{"start":{"line":84,"character":2},"end":{"line":88,"character":3}},"selectionRange":{"start":{"line":84,"character":2},"end":{"line":88,"character":3}},"children":[]},{"name":"<func@90:3>","kind":12,"range":{"start":{"line":89,"character":2},"end":{"line":93,"character":3}},"selectionRange":{"start":{"line":89,"character":2},"end":{"line":93,"character":3}},"children":[]},{"name":"<func@96:3>","kind":12,"range":{"start":{"line":95,"character":2},"end":{"line":97,"character":3}},"selectionRange":{"start":{"line":95,"character":2},"end":{"line":97,"character":3}},"children":[]},{"name":"<func@100:3>","kind":12,"range":{"start":{"line":99,"character":2},"end":{"line":103,"character":3}},"selectionRange":{"start":{"line":99,"character":2},"end":{"line":103,"character":3}},"children":[]},{"name":"<func@105:3>","kind":12,"range":{"start":{"line":104,"character":2},"end":{"line":108,"character":3}},"selectionRange":{"start":{"line":104,"character":2},"end":{"line":108,"character":3}},"children":[]},{"name":"<func@110:3>","kind":12,"range":{"start":{"line":109,"character":2},"end":{"line":113,"character":3}},"selectionRange":{"start":{"line":109,"character":2},"end":{"line":113,"character":3}},"children":[]},{"name":"<func@116:3>","kind":12,"range":{"start":{"line":115,"character":2},"end":{"line":117,"character":3}},"selectionRange":{"start":{"line":115,"character":2},"end":{"line":117,"character":3}},"children":[]},{"name":"<func@119:3>","kind":12,"range":{"start":{"line":118,"character":2},"end":{"line":120,"character":3}},"selectionRange":{"start":{"line":118,"character":2},"end":{"line":120,"character":3}},"children":[]},{"name":"<func@122:3>","kind":12,"range":{"start":{"line":121,"character":2},"end":{"line":123,"character":3}},"selectionRange":{"start":{"line":121,"character":2},"end":{"line":123,"character":3}},"children":[]},{"name":"$f","kind":12,"range":{"start":{"line":125,"character":2},"end":{"line":125,"character":59}},"selectionRange":{"start":{"line":125,"character":8},"end":{"line":125,"character":10}},"children":[]},{"name":"<func@127:3>","kind":12,"range":{"start":{"line":126,"character":2},"end":{"line":128,"character":3}},"selectionRange":{"start":{"line":126,"character":2},"end":{"line":128,"character":3}},"children":[]},{"name":"<func@130:3>","kind":12,"range":{"start":{"line":129,"character":2},"end":{"line":131,"character":3}},"selectionRange":{"start":{"line":129,"character":2},"end":{"line":131,"character":3}},"children":[]},{"name":"<func@133:3>","kind":12,"range":{"start":{"line":132,"character":2},"end":{"line":134,"character":3}},"selectionRange":{"start":{"line":132,"character":2},"end":{"line":134,"character":3}},"children":[]},{"name":"$sig","kind":26,"range":{"start":{"line":136,"character":2},"end":{"line":136,"character":53}},"selectionRange":{"start":{"line":136,"character":8},"end":{"line":136,"character":12}},"children":[]},{"name":"<table@138:3>","kind":11,"range":{"start":{"line":137,"character":2},"end":{"line":137,"character":27}},"selectionRange":{"start":{"line":137,"character":2},"end":{"line":137,"character":27}},"children":[]},{"name":"<func@139:3>","kind":12,"range":{"start":{"line":138,"character":2},"end":{"line":142,"character":3}},"selectionRange":{"start":{"line":138,"character":2},"end":{"line":142,"character":3}},"children":[]},{"name":"<func@144:3>","kind":12,"range":{"start":{"line":143,"character":2},"end":{"line":147,"character":3}},"selectionRange":{"start":{"line":143,"character":2},"end":{"line":147,"character":3}},"children":[]},{"name":"<func@149:3>","kind":12,"range":{"start":{"line":148,"character":2},"end":{"line":152,"character":3}},"selectionRange":{"start":{"line":148,"character":2},"end":{"line":152,"character":3}},"children":[]},{"name":"<func@154:3>","kind":12,"range":{"start":{"line":153,"character":2},"end":{"line":157,"character":3}},"selectionRange":{"start":{"line":153,"character":2},"end":{"line":157,"character":3}},"children":[]},{"name":"<func@160:3>","kind":12,"range":{"start":{"line":159,"character":2},"end":{"line":161,"character":3}},"selectionRange":{"start":{"line":159,"character":2},"end":{"line":161,"character":3}},"children":[]},{"name":"<func@163:3>","kind":12,"range":{"start":{"line":162,"character":2},"end":{"line":164,"character":3}},"selectionRange":{"start":{"line":162,"character":2},"end":{"line":164,"character":3}},"children":[]},{"name":"$a","kind":24,"range":{"start":{"line":165,"character":2},"end":{"line":165,"character":37}},"selectionRange":{"start":{"line":165,"character":10},"end":{"line":165,"character":12}},"children":[]},{"name":"<func@167:3>","kind":12,"range":{"start":{"line":166,"character":2},"end":{"line":168,"character":3}},"selectionRange":{"start":{"line":166,"character":2},"end":{"line":168,"character":3}},"children":[]},{"name":"<memory@171:3>","kind":18,"range":{"start":{"line":170,"character":2},"end":{"line":170,"character":12}},"selectionRange":{"start":{"line":170,"character":2},"end":{"line":170,"character":12}},"children":[]},{"name":"<func@172:3>","kind":12,"range":{"start":{"line":171,"character":2},"end":{"line":173,"character":3}},"selectionRange":{"start":{"line":171,"character":2},"end":{"line":173,"character":3}},"children":[]},{"name":"<func@175:3>","kind":12,"range":{"start":{"line":174,"character":2},"end":{"line":176,"character":3}},"selectionRange":{"start":{"line":174,"character":2},"end":{"line":176,"character":3}},"children":[]},{"name":"<func@179:3>","kind":12,"range":{"start":{"line":178,"character":2},"end":{"line":180,"character":3}},"selectionRange":{"start":{"line":178,"character":2},"end":{"line":180,"character":3}},"children":[]},{"name":"<func@182:3>","kind":12,"range":{"start":{"line":181,"character":2},"end":{"line":183,"character":3}},"selectionRange":{"start":{"line":181,"character":2},"end":{"line":183,"character":3}},"children":[]},{"name":"<func@186:3>","kind":12,"range":{"start":{"line":185,"character":2},"end":{"line":187,"character":3}},"selectionRange":{"start":{"line":185,"character":2},"end":{"line":187,"character":3}},"children":[]},{"name":"<func@189:3>","kind":12,"range":{"start":{"line":188,"character":2},"end":{"line":190,"character":3}},"selectionRange":{"start":{"line":188,"character":2},"end":{"line":190,"character":3}},"children":[]},{"name":"<func@193:3>","kind":12,"range":{"start":{"line":192,"character":2},"end":{"line":194,"character":3}},"selectionRange":{"start":{"line":192,"character":2},"end":{"line":194,"character":3}},"children":[]},{"name":"<func@197:3>","kind":12,"range":{"start":{"line":196,"character":2},"end":{"line":198,"character":3}},"selectionRange":{"start":{"line":196,"character":2},"end":{"line":198,"character":3}},"children":[]},{"name":"<func@200:3>","kind":12,"range":{"start":{"line":199,"character":2},"end":{"line":201,"character":3}},"selectionRange":{"start":{"line":199,"character":2},"end":{"line":201,"character":3}},"children":[]},{"name":"<func@204:3>","kind":12,"range":{"start":{"line":203,"character":2},"end":{"line":205,"character":3}},"selectionRange":{"start":{"line":203,"character":2},"end":{"line":205,"character":3}},"children":[]},{"name":"<func@208:3>","kind":12,"range":{"start":{"line":207,"character":2},"end":{"line":209,"character":3}},"selectionRange":{"start":{"line":207,"character":2},"end":{"line":209,"character":3}},"children":[]},{"name":"<func@211:3>","kind":12,"range":{"start":{"line":210,"character":2},"end":{"line":212,"character":3}},"selectionRange":{"start":{"line":210,"character":2},"end":{"line":212,"character":3}},"children":[]},{"name":"<func@215:3>","kind":12,"range":{"start":{"line":214,"character":2},"end":{"line":216,"character":3}},"selectionRange":{"start":{"line":214,"character":2},"end":{"line":216,"character":3}},"children":[]},{"name":"<func@219:3>","kind":12,"range":{"start":{"line":218,"character":2},"end":{"line":220,"character":3}},"selectionRange":{"start":{"line":218,"character":2},"end":{"line":220,"character":3}}}]}],"id":1}