{"jsonrpc":"2.0","result":[{"name":"<module@21:1>","kind":2,"range":{"start":{"line":20,"character":0},"end":{"line":43,"character":1}},"selectionRange":{"start":{"line":20,"character":0},"end":{"line":43,"character":1}},"children":[{"name":"<memory@22:3>","kind":18,"range":{"start":{"line":21,"character":2},"end":{"line":21,"character":21}},"selectionRange":{"start":{"line":21,"character":2},"end":{"line":21,"character":21}},"children":[]},{"name":"$inc","kind":12,"range":{"start":{"line":22,"character":2},"end":{"line":30,"character":3}},"selectionRange":{"start":{"line":22,"character":8},"end":{"line":22,"character":12}},"children":[]},{"name":"$get","kind":12,"range":{"start":{"line":31,"character":2},"end":{"line":33,"character":3}},"selectionRange":{"start":{"line":31,"character":8},"end":{"line":31,"character":12}},"children":[]},{"name":"$main","kind":12,"range":{"start":{"line":34,"character":2},"end":{"line":38,"character":3}},"selectionRange":{"start":{"line":34,"character":8},"end":{"line":34,"character":13}},"children":[]}]},{"name":"<module@51:1>","kind":2,"range":{"start":{"line":50,"character":0},"end":{"line":72,"character":1}},"selectionRange":{"start":{"line":50,"character":0},"end":{"line":72,"character":1}},"children":[{"name":"<memory@52:3>","kind":18,"range":{"start":{"line":51,"character":2},"end":{"line":51,"character":21}},"selectionRange":{"start":{"line":51,"character":2},"end":{"line":51,"character":21}},"children":[]},{"name":"$inc","kind":12,"range":{"start":{"line":52,"character":2},"end":{"line":60,"character":3}},"selectionRange":{"start":{"line":52,"character":8},"end":{"line":52,"character":12}},"children":[]},{"name":"$get","kind":12,"range":{"start":{"line":61,"character":2},"end":{"line":63,"character":3}},"selectionRange":{"start":{"line":61,"character":8},"end":{"line":61,"character":12}},"children":[]},{"name":"$main","kind":12,"range":{"start":{"line":64,"character":2},"end":{"line":68,"character":3}},"selectionRange":{"start":{"line":64,"character":8},"end":{"line":64,"character":13}},"children":[]}]},{"name":"<module@80:1>","kind":2,"range":{"start":{"line":79,"character":0},"end":{"line":83,"character":1}},"selectionRange":{"start":{"line":79,"character":0},"end":{"line":83,"character":1}},"children":[{"name":"$print_i32","kind":12,"range":{"start":{"line":80,"character":2},"end":{"line":80,"character":63}},"selectionRange":{"start":{"line":80,"character":8},"end":{"line":80,"character":18}},"children":[]},{"name":"$main","kind":12,"range":{"start":{"line":81,"character":2},"end":{"line":81,"character":46}},"selectionRange":{"start":{"line":81,"character":8},"end":{"line":81,"character":13}},"children":[]}]},{"name":"<module@86:1>","kind":2,"range":{"start":{"line":85,"character":0},"end":{"line":89,"character":1}},"selectionRange":{"start":{"line":85,"character":0},"end":{"line":89,"character":1}},"children":[{"name":"$print_i32","kind":12,"range":{"start":{"line":86,"character":2},"end":{"line":86,"character":63}},"selectionRange":{"start":{"line":86,"character":8},"end":{"line":86,"character":18}},"children":[]},{"name":"$main","kind":12,"range":{"start":{"line":87,"character":2},"end":{"line":87,"character":46}},"selectionRange":{"start":{"line":87,"character":8},"end":{"line":87,"character":13}},"children":[]}]},{"name":"<module@92:1>","kind":2,"range":{"start":{"line":91,"character":0},"end":{"line":94,"character":1}},"selectionRange":{"start":{"line":91,"character":0},"end":{"line":94,"character":1}},"children":[{"name":"$print","kind":12,"range":{"start":{"line":92,"character":2},"end":{"line":92,"character":43}},"selectionRange":{"start":{"line":92,"character":8},"end":{"line":92,"character":14}}}]}],"id":1}