{"jsonrpc":"2.0","result":[{"name":"<module@3:1>","kind":2,"range":{"start":{"line":2,"character":0},"end":{"line":282,"character":1}},"selectionRange":{"start":{"line":2,"character":0},"end":{"line":282,"character":1}},"children":[{"name":"$const-i32","kind":12,"range":{"start":{"line":4,"character":2},"end":{"line":4,"character":50}},"selectionRange":{"start":{"line":4,"character":8},"end":{"line":4,"character":18}},"children":[]},{"name":"$const-i64","kind":12,"range":{"start":{"line":5,"character":2},"end":{"line":5,"character":50}},"selectionRange":{"start":{"line":5,"character":8},"end":{"line":5,"character":18}},"children":[]},{"name":"$const-f32","kind":12,"range":{"start":{"line":6,"character":2},"end":{"line":6,"character":50}},"selectionRange":{"start":{"line":6,"character":8},"end":{"line":6,"character":18}},"children":[]},{"name":"$const-f64","kind":12,"range":{"start":{"line":7,"character":2},"end":{"line":7,"character":50}},"selectionRange":{"start":{"line":7,"character":8},"end":{"line":7,"character":18}},"children":[]},{"name":"$const-i32-i64","kind":12,"range":{"start":{"line":8,"character":2},"end":{"line":8,"character":76}},"selectionRange":{"start":{"line":8,"character":8},"end":{"line":8,"character":22}},"children":[]},{"name":"$id-i32","kind":12,"range":{"start":{"line":10,"character":2},"end":{"line":10,"character":55}},"selectionRange":{"start":{"line":10,"character":8},"end":{"line":10,"character":15}},"children":[]},{"name":"$id-i64","kind":12,"range":{"start":{"line":11,"character":2},"end":{"line":11,"character":55}},"selectionRange":{"start":{"line":11,"character":8},"end":{"line":11,"character":15}},"children":[]},{"name":"$id-f32","kind":12,"range":{"start":{"line":12,"character":2},"end":{"line":12,"character":55}},"selectionRange":{"start":{"line":12,"character":8},"end":{"line":12,"character":15}},"children":[]},{"name":"$id-f64","kind":12,"range":{"start":{"line":13,"character":2},"end":{"line":13,"character":55}},"selectionRange":{"start":{"line":13,"character":8},"end":{"line":13,"character":15}},"children":[]},{"name":"$id-i32-f64","kind":12,"range":{"start":{"line":14,"character":2},"end":{"line":16,"character":3}},"selectionRange":{"start":{"line":14,"character":8},"end":{"line":14,"character":19}},"children":[]},{"name":"$swap-i32-i32","kind":12,"range":{"start":{"line":18,"character":2},"end":{"line":20,"character":3}},"selectionRange":{"start":{"line":18,"character":8},"end":{"line":18,"character":21}},"children":[]},{"name":"$swap-f32-f64","kind":12,"range":{"start":{"line":21,"character":2},"end":{"line":23,"character":3}},"selectionRange":{"start":{"line":21,"character":8},"end":{"line":21,"character":21}},"children":[]},{"name":"$swap-f64-i32","kind":12,"range":{"start":{"line":24,"character":2},"end":{"line":26,"character":3}},"selectionRange":{"start":{"line":24,"character":8},"end":{"line":24,"character":21}},"children":[]},{"name":"$f32-i32","kind":12,"range":{"start":{"line":28,"character":2},"end":{"line":28,"character":60}},"selectionRange":{"start":{"line":28,"character":8},"end":{"line":28,"character":16}},"children":[]},{"name":"$i32-i64","kind":12,"range":{"start":{"line":29,"character":2},"end":{"line":29,"character":60}},"selectionRange":{"start":{"line":29,"character":8},"end":{"line":29,"character":16}},"children":[]},{"name":"$f64-f32","kind":12,"range":{"start":{"line":30,"character":2},"end":{"line":30,"character":60}},"selectionRange":{"start":{"line":30,"character":8},"end":{"line":30,"character":16}},"children":[]},{"name":"$i64-f64","kind":12,"range":{"start":{"line":31,"character":2},"end":{"line":31,"character":60}},"selectionRange":{"start":{"line":31,"character":8},"end":{"line":31,"character":16}},"children":[]},{"name":"<func@36:3>","kind":12,"range":{"start":{"line":35,"character":2},"end":{"line":35,"character":59}},"selectionRange":{"start":{"line":35,"character":2},"end":{"line":35,"character":59}},"children":[]},{"name":"<func@37:3>","kind":12,"range":{"start":{"line":36,"character":2},"end":{"line":36,"character":59}},"selectionRange":{"start":{"line":36,"character":2},"end":{"line":36,"character":59}},"children":[]},{"name":"<func@38:3>","kind":12,"range":{"start":{"line":37,"character":2},"end":{"line":37,"character":59}},"selectionRange":{"start":{"line":37,"character":2},"end":{"line":37,"character":59}},"children":[]},{"name":"<func@39:3>","kind":12,"range":{"start":{"line":38,"character":2},"end":{"line":38,"character":59}},"selectionRange":{"start":{"line":38,"character":2},"end":{"line":38,"character":59}},"children":[]},{"name":"<func@40:3>","kind":12,"range":{"start":{"line":39,"character":2},"end":{"line":39,"character":71}},"selectionRange":{"start":{"line":39,"character":2},"end":{"line":39,"character":71}},"children":[]},{"name":"<func@42:3>","kind":12,"range":{"start":{"line":41,"character":2},"end":{"line":41,"character":77}},"selectionRange":{"start":{"line":41,"character":2},"end":{"line":41,"character":77}},"children":[]},{"name":"<func@43:3>","kind":12,"range":{"start":{"line":42,"character":2},"end":{"line":42,"character":77}},"selectionRange":{"start":{"line":42,"character":2},"end":{"line":42,"character":77}},"children":[]},{"name":"<func@44:3>","kind":12,"range":{"start":{"line":43,"character":2},"end":{"line":43,"character":79}},"selectionRange":{"start":{"line":43,"character":2},"end":{"line":43,"character":79}},"children":[]},{"name":"<func@45:3>","kind":12,"range":{"start":{"line":44,"character":2},"end":{"line":44,"character":79}},"selectionRange":{"start":{"line":44,"character":2},"end":{"line":44,"character":79}},"children":[]},{"name":"<func@47:3>","kind":12,"range":{"start":{"line":46,"character":2},"end":{"line":48,"character":3}},"selectionRange":{"start":{"line":46,"character":2},"end":{"line":48,"character":3}},"children":[]},{"name":"<func@50:3>","kind":12,"range":{"start":{"line":49,"character":2},"end":{"line":51,"character":3}},"selectionRange":{"start":{"line":49,"character":2},"end":{"line":51,"character":3}},"children":[]},{"name":"<func@53:3>","kind":12,"range":{"start":{"line":52,"character":2},"end":{"line":54,"character":3}},"selectionRange":{"start":{"line":52,"character":2},"end":{"line":54,"character":3}},"children":[]},{"name":"<func@56:3>","kind":12,"range":{"start":{"line":55,"character":2},"end":{"line":57,"character":3}},"selectionRange":{"start":{"line":55,"character":2},"end":{"line":57,"character":3}},"children":[]},{"name":"<func@60:3>","kind":12,"range":{"start":{"line":59,"character":2},"end":{"line":61,"character":3}},"selectionRange":{"start":{"line":59,"character":2},"end":{"line":61,"character":3}},"children":[]},{"name":"<func@63:3>","kind":12,"range":{"start":{"line":62,"character":2},"end":{"line":64,"character":3}},"selectionRange":{"start":{"line":62,"character":2},"end":{"line":64,"character":3}},"children":[]},{"name":"<func@66:3>","kind":12,"range":{"start":{"line":65,"character":2},"end":{"line":67,"character":3}},"selectionRange":{"start":{"line":65,"character":2},"end":{"line":67,"character":3}},"children":[]},{"name":"<func@69:3>","kind":12,"range":{"start":{"line":68,"character":2},"end":{"line":70,"character":3}},"selectionRange":{"start":{"line":68,"character":2},"end":{"line":70,"character":3}},"children":[]},{"name":"<func@75:3>","kind":12,"range":{"start":{"line":74,"character":2},"end":{"line":76,"character":3}},"selectionRange":{"start":{"line":74,"character":2},"end":{"line":76,"character":3}},"children":[]},{"name":"<func@79:3>","kind":12,"range":{"start":{"line":78,"character":2},"end":{"line":83,"character":3}},"selectionRange":{"start":{"line":78,"character":2},"end":{"line":83,"character":3}},"children":[]},{"name":"<func@86:3>","kind":12,"range":{"start":{"line":85,"character":2},"end":{"line":87,"character":3}},"selectionRange":{"start":{"line":85,"character":2},"end":{"line":87,"character":3}},"children":[]},{"name":"$fac","kind":12,"range":{"start":{"line":91,"character":2},"end":{"line":101,"character":3}},"selectionRange":{"start":{"line":91,"character":8},"end":{"line":91,"character":12}},"children":[]},{"name":"$fac-acc","kind":12,"range":{"start":{"line":103,"character":2},"end":{"line":113,"character":3}},"selectionRange":{"start":{"line":103,"character":8},"end":{"line":103,"character":16}},"children":[]},{"name":"$fib","kind":12,"range":{"start":{"line":115,"character":2},"end":{"line":125,"character":3}},"selectionRange":{"start":{"line":115,"character":8},"end":{"line":115,"character":12}},"children":[]},{"name":"$even","kind":12,"range":{"start":{"line":127,"character":2},"end":{"line":132,"character":3}},"selectionRange":{"start":{"line":127,"character":8},"end":{"line":127,"character":13}},"children":[]},{"name":"$odd","kind":12,"range":{"start":{"line":133,"character":2},"end":{"line":138,"character":3}},"selectionRange":{"start":{"line":133,"character":8},"end":{"line":133,"character":12}},"children":[]},{"name":"$runaway","kind":12,"range":{"start":{"line":149,"character":2},"end":{"line":149,"character":52}},"selectionRange":{"start":{"line":149,"character":8},"end":{"line":149,"character":16}},"children":[]},{"name":"$mutual-runaway1","kind":12,"range":{"start":{"line":151,"character":2},"end":{"line":151,"character":75}},"selectionRange":{"start":{"line":151,"character":8},"end":{"line":151,"character":24}},"children":[]},{"name":"$mutual-runaway2","kind":12,"range":{"start":{"line":152,"character":2},"end":{"line":152,"character":49}},"selectionRange":{"start":{"line":152,"character":8},"end":{"line":152,"character":24}},"children":[]},{"name":"<memory@157:3>","kind":18,"range":{"start":{"line":156,"character":2},"end":{"line":156,"character":12}},"selectionRange":{"start":{"line":156,"character":2},"end":{"line":156,"character":12}},"children":[]},{"name":"<func@159:3>","kind":12,"range":{"start":{"line":158,"character":2},"end":{"line":160,"character":3}},"selectionRange":{"start":{"line":158,"character":2},"end":{"line":160,"character":3}},"children":[]},{"name":"<func@162:3>","kind":12,"range":{"start":{"line":161,"character":2},"end":{"line":163,"character":3}},"selectionRange":{"start":{"line":161,"character":2},"end":{"line":163,"character":3}},"children":[]},{"name":"<func@165:3>","kind":12,"range":{"start":{"line":164,"character":2},"end":{"line":166,"character":3}},"selectionRange":{"start":{"line":164,"character":2},"end":{"line":166,"character":3}},"children":[]},{"name":"<func@169:3>","kind":12,"range":{"start":{"line":168,"character":2},"end":{"line":170,"character":3}},"selectionRange":{"start":{"line":168,"character":2},"end":{"line":170,"character":3}},"children":[]},{"name":"<func@173:3>","kind":12,"range":{"start":{"line":172,"character":2},"end":{"line":174,"character":3}},"selectionRange":{"start":{"line":172,"character":2},"end":{"line":174,"character":3}},"children":[]},{"name":"<func@176:3>","kind":12,"range":{"start":{"line":175,"character":2},"end":{"line":177,"character":3}},"selectionRange":{"start":{"line":175,"character":2},"end":{"line":177,"character":3}},"children":[]},{"name":"<func@180:3>","kind":12,"range":{"start":{"line":179,"character":2},"end":{"line":181,"character":3}},"selectionRange":{"start":{"line":179,"character":2},"end":{"line":181,"character":3}},"children":[]},{"name":"<func@183:3>","kind":12,"range":{"start":{"line":182,"character":2},"end":{"line":184,"character":3}},"selectionRange":{"start":{"line":182,"character":2},"end":{"line":184,"character":3}},"children":[]},{"name":"$func","kind":12,"range":{"start":{"line":186,"character":2},"end":{"line":186,"character":57}},"selectionRange":{"start":{"line":186,"character":8},"end":{"line":186,"character":13}},"children":[]},{"name":"$check","kind":26,"range":{"start":{"line":187,"character":2},"end":{"line":187,"character":51}},"selectionRange":{"start":{"line":187,"character":8},"end":{"line":187,"character":14}},"children":[]},{"name":"<table@189:3>","kind":11,"range":{"start":{"line":188,"character":2},"end":{"line":188,"character":30}},"selectionRange":{"start":{"line":188,"character":2},"end":{"line":188,"character":30}},"children":[]},{"name":"<func@190:3>","kind":12,"range":{"start":{"line":189,"character":2},"end":{"line":195,"character":3}},"selectionRange":{"start":{"line":189,"character":2},"end":{"line":195,"character":3}},"children":[]},{"name":"<func@197:3>","kind":12,"range":{"start":{"line":196,"character":2},"end":{"line":202,"character":3}},"selectionRange":{"start":{"line":196,"character":2},"end":{"line":202,"character":3}},"children":[]},{"name":"<func@204:3>","kind":12,"range":{"start":{"line":203,"character":2},"end":{"line":209,"character":3}},"selectionRange":{"start":{"line":203,"character":2},"end":{"line":209,"character":3}},"children":[]},{"name":"<func@212:3>","kind":12,"range":{"start":{"line":211,"character":2},"end":{"line":213,"character":3}},"selectionRange":{"start":{"line":211,"character":2},"end":{"line":213,"character":3}},"children":[]},{"name":"<func@215:3>","kind":12,"range":{"start":{"line":214,"character":2},"end":{"line":216,"character":3}},"selectionRange":{"start":{"line":214,"character":2},"end":{"line":216,"character":3}},"children":[]},{"name":"<func@219:3>","kind":12,"range":{"start":{"line":218,"character":2},"end":{"line":220,"character":3}},"selectionRange":{"start":{"line":218,"character":2},"end":{"line":220,"character":3}},"children":[]},{"name":"<func@222:3>","kind":12,"range":{"start":{"line":221,"character":2},"end":{"line":223,"character":3}},"selectionRange":{"start":{"line":221,"character":2},"end":{"line":223,"character":3}},"children":[]},{"name":"<func@225:3>","kind":12,"range":{"start":{"line":224,"character":2},"end":{"line":226,"character":3}},"selectionRange":{"start":{"line":224,"character":2},"end":{"line":226,"character":3}},"children":[]},{"name":"<func@228:3>","kind":12,"range":{"start":{"line":227,"character":2},"end":{"line":229,"character":3}},"selectionRange":{"start":{"line":227,"character":2},"end":{"line":229,"character":3}},"children":[]},{"name":"<func@231:3>","kind":12,"range":{"start":{"line":230,"character":2},"end":{"line":232,"character":3}},"selectionRange":{"start":{"line":230,"character":2},"end":{"line":232,"character":3}},"children":[]},{"name":"<func@234:3>","kind":12,"range":{"start":{"line":233,"character":2},"end":{"line":235,"character":3}},"selectionRange":{"start":{"line":233,"character":2},"end":{"line":235,"character":3}},"children":[]},{"name":"$a","kind":24,"range":{"start":{"line":236,"character":2},"end":{"line":236,"character":38}},"selectionRange":{"start":{"line":236,"character":10},"end":{"line":236,"character":12}},"children":[]},{"name":"<func@238:3>","kind":12,"range":{"start":{"line":237,"character":2},"end":{"line":240,"character":3}},"selectionRange":{"start":{"line":237,"character":2},"end":{"line":240,"character":3}},"children":[]},{"name":"<func@242:3>","kind":12,"range":{"start":{"line":241,"character":2},"end":{"line":243,"character":3}},"selectionRange":{"start":{"line":241,"character":2},"end":{"line":243,"character":3}},"children":[]},{"name":"$dummy","kind":12,"range":{"start":{"line":245,"character":2},"end":{"line":245,"character":54}},"selectionRange":{"start":{"line":245,"character":8},"end":{"line":245,"character":14}},"children":[]},{"name":"$du","kind":12,"range":{"start":{"line":246,"character":2},"end":{"line":246,"character":51}},"selectionRange":{"start":{"line":246,"character":8},"end":{"line":246,"character":11}},"children":[]},{"name":"<func@248:3>","kind":12,"range":{"start":{"line":247,"character":2},"end":{"line":249,"character":3}},"selectionRange":{"start":{"line":247,"character":2},"end":{"line":249,"character":3}},"children":[]},{"name":"<func@252:3>","kind":12,"range":{"start":{"line":251,"character":2},"end":{"line":253,"character":3}},"selectionRange":{"start":{"line":251,"character":2},"end":{"line":253,"character":3}},"children":[]},{"name":"<func@255:3>","kind":12,"range":{"start":{"line":254,"character":2},"end":{"line":256,"character":3}},"selectionRange":{"start":{"line":254,"character":2},"end":{"line":256,"character":3}},"children":[]},{"name":"<func@259:3>","kind":12,"range":{"start":{"line":258,"character":2},"end":{"line":260,"character":3}},"selectionRange":{"start":{"line":258,"character":2},"end":{"line":260,"character":3}},"children":[]},{"name":"<func@263:3>","kind":12,"range":{"start":{"line":262,"character":2},"end":{"line":264,"character":3}},"selectionRange":{"start":{"line":262,"character":2},"end":{"line":264,"character":3}},"children":[]},{"name":"<func@266:3>","kind":12,"range":{"start":{"line":265,"character":2},"end":{"line":267,"character":3}},"selectionRange":{"start":{"line":265,"character":2},"end":{"line":267,"character":3}},"children":[]},{"name":"<func@270:3>","kind":12,"range":{"start":{"line":269,"character":2},"end":{"line":271,"character":3}},"selectionRange":{"start":{"line":269,"character":2},"end":{"line":271,"character":3}},"children":[]},{"name":"$return-from-long-argument-list-helper","kind":12,"range":{"start":{"line":275,"character":2},"end":{"line":277,"character":3}},"selectionRange":{"start":{"line":275,"character":8},"end":{"line":275,"character":46}},"children":[]},{"name":"<func@280:3>","kind":12,"range":{"start":{"line":279,"character":2},"end":{"line":281,"character":3}},"selectionRange":{"start":{"line":279,"character":2},"end":{"line":281,"character":3}}}]}],"id":1}