{"jsonrpc":"2.0","result":[{"name":"<module@3:1>","kind":2,"range":{"start":{"line":2,"character":0},"end":{"line":106,"character":1}},"selectionRange":{"start":{"line":2,"character":0},"end":{"line":106,"character":1}},"children":[{"name":"<func@6:3>","kind":12,"range":{"start":{"line":5,"character":2},"end":{"line":5,"character":73}},"selectionRange":{"start":{"line":5,"character":2},"end":{"line":5,"character":73}},"children":[]},{"name":"<func@7:3>","kind":12,"range":{"start":{"line":6,"character":2},"end":{"line":6,"character":73}},"selectionRange":{"start":{"line":6,"character":2},"end":{"line":6,"character":73}},"children":[]},{"name":"<func@8:3>","kind":12,"range":{"start":{"line":7,"character":2},"end":{"line":7,"character":73}},"selectionRange":{"start":{"line":7,"character":2},"end":{"line":7,"character":73}},"children":[]},{"name":"<func@9:3>","kind":12,"range":{"start":{"line":8,"character":2},"end":{"line":8,"character":73}},"selectionRange":{"start":{"line":8,"character":2},"end":{"line":8,"character":73}},"children":[]},{"name":"<func@11:3>","kind":12,"range":{"start":{"line":10,"character":2},"end":{"line":10,"character":73}},"selectionRange":{"start":{"line":10,"character":2},"end":{"line":10,"character":73}},"children":[]},{"name":"<func@12:3>","kind":12,"range":{"start":{"line":11,"character":2},"end":{"line":11,"character":73}},"selectionRange":{"start":{"line":11,"character":2},"end":{"line":11,"character":73}},"children":[]},{"name":"<func@13:3>","kind":12,"range":{"start":{"line":12,"character":2},"end":{"line":12,"character":73}},"selectionRange":{"start":{"line":12,"character":2},"end":{"line":12,"character":73}},"children":[]},{"name":"<func@14:3>","kind":12,"range":{"start":{"line":13,"character":2},"end":{"line":13,"character":73}},"selectionRange":{"start":{"line":13,"character":2},"end":{"line":13,"character":73}},"children":[]},{"name":"<func@16:3>","kind":12,"range":{"start":{"line":15,"character":2},"end":{"line":26,"character":3}},"selectionRange":{"start":{"line":15,"character":2},"end":{"line":26,"character":3}},"children":[]},{"name":"<func@31:3>","kind":12,"range":{"start":{"line":30,"character":2},"end":{"line":60,"character":3}},"selectionRange":{"start":{"line":30,"character":2},"end":{"line":60,"character":3}},"children":[]},{"name":"<func@65:3>","kind":12,"range":{"start":{"line":64,"character":2},"end":{"line":66,"character":3}},"selectionRange":{"start":{"line":64,"character":2},"end":{"line":66,"character":3}},"children":[]},{"name":"<func@68:3>","kind":12,"range":{"start":{"line":67,"character":2},"end":{"line":69,"character":3}},"selectionRange":{"start":{"line":67,"character":2},"end":{"line":69,"character":3}},"children":[]},{"name":"<func@71:3>","kind":12,"range":{"start":{"line":70,"character":2},"end":{"line":72,"character":3}},"selectionRange":{"start":{"line":70,"character":2},"end":{"line":72,"character":3}},"children":[]},{"name":"<func@74:3>","kind":12,"range":{"start":{"line":73,"character":2},"end":{"line":75,"character":3}},"selectionRange":{"start":{"line":73,"character":2},"end":{"line":75,"character":3}},"children":[]},{"name":"<func@78:3>","kind":12,"range":{"start":{"line":77,"character":2},"end":{"line":81,"character":3}},"selectionRange":{"start":{"line":77,"character":2},"end":{"line":81,"character":3}},"children":[]},{"name":"<func@83:3>","kind":12,"range":{"start":{"line":82,"character":2},"end":{"line":94,"character":3}},"selectionRange":{"start":{"line":82,"character":2},"end":{"line":94,"character":3}},"children":[]},{"name":"<func@97:3>","kind":12,"range":{"start":{"line":96,"character":2},"end":{"line":98,"character":3}},"selectionRange":{"start":{"line":96,"character":2},"end":{"line":98,"character":3}},"children":[]},{"name":"<func@101:3>","kind":12,"range":{"start":{"line":100,"character":2},"end":{"line":102,"character":3}},"selectionRange":{"start":{"line":100,"character":2},"end":{"line":102,"character":3}},"children":[]},{"name":"<func@104:3>","kind":12,"range":{"start":{"line":103,"character":2},"end":{"line":105,"character":3}},"selectionRange":{"start":{"line":103,"character":2},"end":{"line":105,"character":3}}}]}],"id":1}