{"jsonrpc":"2.0","result":[{"name":"<module@3:1>","kind":2,"range":{"start":{"line":2,"character":0},"end":{"line":218,"character":1}},"selectionRange":{"start":{"line":2,"character":0},"end":{"line":218,"character":1}},"children":[{"name":"$dummy","kind":12,"range":{"start":{"line":4,"character":2},"end":{"line":4,"character":15}},"selectionRange":{"start":{"line":4,"character":8},"end":{"line":4,"character":14}},"children":[]},{"name":"$dummy3","kind":12,"range":{"start":{"line":5,"character":2},"end":{"line":5,"character":36}},"selectionRange":{"start":{"line":5,"character":8},"end":{"line":5,"character":15}},"children":[]},{"name":"<func@8:3>","kind":12,"range":{"start":{"line":7,"character":2},"end":{"line":7,"character":55}},"selectionRange":{"start":{"line":7,"character":2},"end":{"line":7,"character":55}},"children":[]},{"name":"<func@9:3>","kind":12,"range":{"start":{"line":8,"character":2},"end":{"line":8,"character":55}},"selectionRange":{"start":{"line":8,"character":2},"end":{"line":8,"character":55}},"children":[]},{"name":"<func@10:3>","kind":12,"range":{"start":{"line":9,"character":2},"end":{"line":9,"character":55}},"selectionRange":{"start":{"line":9,"character":2},"end":{"line":9,"character":55}},"children":[]},{"name":"<func@11:3>","kind":12,"range":{"start":{"line":10,"character":2},"end":{"line":10,"character":55}},"selectionRange":{"start":{"line":10,"character":2},"end":{"line":10,"character":55}},"children":[]},{"name":"<func@13:3>","kind":12,"range":{"start":{"line":12,"character":2},"end":{"line":14,"character":3}},"selectionRange":{"start":{"line":12,"character":2},"end":{"line":14,"character":3}},"children":[]},{"name":"<func@16:3>","kind":12,"range":{"start":{"line":15,"character":2},"end":{"line":17,"character":3}},"selectionRange":{"start":{"line":15,"character":2},"end":{"line":17,"character":3}},"children":[]},{"name":"<func@19:3>","kind":12,"range":{"start":{"line":18,"character":2},"end":{"line":20,"character":3}},"selectionRange":{"start":{"line":18,"character":2},"end":{"line":20,"character":3}},"children":[]},{"name":"<func@22:3>","kind":12,"range":{"start":{"line":21,"character":2},"end":{"line":23,"character":3}},"selectionRange":{"start":{"line":21,"character":2},"end":{"line":23,"character":3}},"children":[]},{"name":"<func@26:3>","kind":12,"range":{"start":{"line":25,"character":2},"end":{"line":27,"character":3}},"selectionRange":{"start":{"line":25,"character":2},"end":{"line":27,"character":3}},"children":[]},{"name":"<func@29:3>","kind":12,"range":{"start":{"line":28,"character":2},"end":{"line":30,"character":3}},"selectionRange":{"start":{"line":28,"character":2},"end":{"line":30,"character":3}},"children":[]},{"name":"<func@32:3>","kind":12,"range":{"start":{"line":31,"character":2},"end":{"line":33,"character":3}},"selectionRange":{"start":{"line":31,"character":2},"end":{"line":33,"character":3}},"children":[]},{"name":"<func@35:3>","kind":12,"range":{"start":{"line":34,"character":2},"end":{"line":36,"character":3}},"selectionRange":{"start":{"line":34,"character":2},"end":{"line":36,"character":3}},"children":[]},{"name":"<func@38:3>","kind":12,"range":{"start":{"line":37,"character":2},"end":{"line":39,"character":3}},"selectionRange":{"start":{"line":37,"character":2},"end":{"line":39,"character":3}},"children":[]},{"name":"<func@42:3>","kind":12,"range":{"start":{"line":41,"character":2},"end":{"line":43,"character":3}},"selectionRange":{"start":{"line":41,"character":2},"end":{"line":43,"character":3}},"children":[]},{"name":"<func@45:3>","kind":12,"range":{"start":{"line":44,"character":2},"end":{"line":46,"character":3}},"selectionRange":{"start":{"line":44,"character":2},"end":{"line":46,"character":3}},"children":[]},{"name":"<func@48:3>","kind":12,"range":{"start":{"line":47,"character":2},"end":{"line":49,"character":3}},"selectionRange":{"start":{"line":47,"character":2},"end":{"line":49,"character":3}},"children":[]},{"name":"<func@51:3>","kind":12,"range":{"start":{"line":50,"character":2},"end":{"line":54,"character":3}},"selectionRange":{"start":{"line":50,"character":2},"end":{"line":54,"character":3}},"children":[]},{"name":"<func@57:3>","kind":12,"range":{"start":{"line":56,"character":2},"end":{"line":58,"character":3}},"selectionRange":{"start":{"line":56,"character":2},"end":{"line":58,"character":3}},"children":[]},{"name":"<func@61:3>","kind":12,"range":{"start":{"line":60,"character":2},"end":{"line":62,"character":3}},"selectionRange":{"start":{"line":60,"character":2},"end":{"line":62,"character":3}},"children":[]},{"name":"<func@64:3>","kind":12,"range":{"start":{"line":63,"character":2},"end":{"line":67,"character":3}},"selectionRange":{"start":{"line":63,"character":2},"end":{"line":67,"character":3}},"children":[]},{"name":"<func@69:3>","kind":12,"range":{"start":{"line":68,"character":2},"end":{"line":72,"character":3}},"selectionRange":{"start":{"line":68,"character":2},"end":{"line":72,"character":3}},"children":[]},{"name":"<func@75:3>","kind":12,"range":{"start":{"line":74,"character":2},"end":{"line":76,"character":3}},"selectionRange":{"start":{"line":74,"character":2},"end":{"line":76,"character":3}},"children":[]},{"name":"<func@78:3>","kind":12,"range":{"start":{"line":77,"character":2},"end":{"line":81,"character":3}},"selectionRange":{"start":{"line":77,"character":2},"end":{"line":81,"character":3}},"children":[]},{"name":"<func@83:3>","kind":12,"range":{"start":{"line":82,"character":2},"end":{"line":86,"character":3}},"selectionRange":{"start":{"line":82,"character":2},"end":{"line":86,"character":3}},"children":[]},{"name":"<func@88:3>","kind":12,"range":{"start":{"line":87,"character":2},"end":{"line":91,"character":3}},"selectionRange":{"start":{"line":87,"character":2},"end":{"line":91,"character":3}},"children":[]},{"name":"<func@93:3>","kind":12,"range":{"start":{"line":92,"character":2},"end":{"line":94,"character":3}},"selectionRange":{"start":{"line":92,"character":2},"end":{"line":94,"character":3}},"children":[]},{"name":"<func@97:3>","kind":12,"range":{"start":{"line":96,"character":2},"end":{"line":98,"character":3}},"selectionRange":{"start":{"line":96,"character":2},"end":{"line":98,"character":3}},"children":[]},{"name":"<func@101:3>","kind":12,"range":{"start":{"line":100,"character":2},"end":{"line":102,"character":3}},"selectionRange":{"start":{"line":100,"character":2},"end":{"line":102,"character":3}},"children":[]},{"name":"<func@104:3>","kind":12,"range":{"start":{"line":103,"character":2},"end":{"line":105,"character":3}},"selectionRange":{"start":{"line":103,"character":2},"end":{"line":105,"character":3}},"children":[]},{"name":"<func@107:3>","kind":12,"range":{"start":{"line":106,"character":2},"end":{"line":108,"character":3}},"selectionRange":{"start":{"line":106,"character":2},"end":{"line":108,"character":3}},"children":[]},{"name":"<func@110:3>","kind":12,"range":{"start":{"line":109,"character":2},"end":{"line":111,"character":3}},"selectionRange":{"start":{"line":109,"character":2},"end":{"line":111,"character":3}},"children":[]},{"name":"<func@114:3>","kind":12,"range":{"start":{"line":113,"character":2},"end":{"line":115,"character":3}},"selectionRange":{"start":{"line":113,"character":2},"end":{"line":115,"character":3}},"children":[]},{"name":"<func@117:3>","kind":12,"range":{"start":{"line":116,"character":2},"end":{"line":118,"character":3}},"selectionRange":{"start":{"line":116,"character":2},"end":{"line":118,"character":3}},"children":[]},{"name":"<func@120:3>","kind":12,"range":{"start":{"line":119,"character":2},"end":{"line":121,"character":3}},"selectionRange":{"start":{"line":119,"character":2},"end":{"line":121,"character":3}},"children":[]},{"name":"<func@124:3>","kind":12,"range":{"start":{"line":123,"character":2},"end":{"line":125,"character":3}},"selectionRange":{"start":{"line":123,"character":2},"end":{"line":125,"character":3}},"children":[]},{"name":"<func@127:3>","kind":12,"range":{"start":{"line":126,"character":2},"end":{"line":128,"character":3}},"selectionRange":{"start":{"line":126,"character":2},"end":{"line":128,"character":3}},"children":[]},{"name":"<func@130:3>","kind":12,"range":{"start":{"line":129,"character":2},"end":{"line":131,"character":3}},"selectionRange":{"start":{"line":129,"character":2},"end":{"line":131,"character":3}},"children":[]},{"name":"$sig","kind":26,"range":{"start":{"line":133,"character":2},"end":{"line":133,"character":40}},"selectionRange":{"start":{"line":133,"character":8},"end":{"line":133,"character":12}},"children":[]},{"name":"<table@135:3>","kind":11,"range":{"start":{"line":134,"character":2},"end":{"line":134,"character":32}},"selectionRange":{"start":{"line":134,"character":2},"end":{"line":134,"character":32}},"children":[]},{"name":"<func@136:3>","kind":12,"range":{"start":{"line":135,"character":2},"end":{"line":139,"character":3}},"selectionRange":{"start":{"line":135,"character":2},"end":{"line":139,"character":3}},"children":[]},{"name":"<func@141:3>","kind":12,"range":{"start":{"line":140,"character":2},"end":{"line":144,"character":3}},"selectionRange":{"start":{"line":140,"character":2},"end":{"line":144,"character":3}},"children":[]},{"name":"<func@146:3>","kind":12,"range":{"start":{"line":145,"character":2},"end":{"line":149,"character":3}},"selectionRange":{"start":{"line":145,"character":2},"end":{"line":149,"character":3}},"children":[]},{"name":"<func@151:3>","kind":12,"range":{"start":{"line":150,"character":2},"end":{"line":154,"character":3}},"selectionRange":{"start":{"line":150,"character":2},"end":{"line":154,"character":3}},"children":[]},{"name":"<func@157:3>","kind":12,"range":{"start":{"line":156,"character":2},"end":{"line":158,"character":3}},"selectionRange":{"start":{"line":156,"character":2},"end":{"line":158,"character":3}},"children":[]},{"name":"<func@160:3>","kind":12,"range":{"start":{"line":159,"character":2},"end":{"line":161,"character":3}},"selectionRange":{"start":{"line":159,"character":2},"end":{"line":161,"character":3}},"children":[]},{"name":"$a","kind":24,"range":{"start":{"line":162,"character":2},"end":{"line":162,"character":37}},"selectionRange":{"start":{"line":162,"character":10},"end":{"line":162,"character":12}},"children":[]},{"name":"<func@164:3>","kind":12,"range":{"start":{"line":163,"character":2},"end":{"line":165,"character":3}},"selectionRange":{"start":{"line":163,"character":2},"end":{"line":165,"character":3}},"children":[]},{"name":"<memory@168:3>","kind":18,"range":{"start":{"line":167,"character":2},"end":{"line":167,"character":12}},"selectionRange":{"start":{"line":167,"character":2},"end":{"line":167,"character":12}},"children":[]},{"name":"<func@169:3>","kind":12,"range":{"start":{"line":168,"character":2},"end":{"line":170,"character":3}},"selectionRange":{"start":{"line":168,"character":2},"end":{"line":170,"character":3}},"children":[]},{"name":"<func@172:3>","kind":12,"range":{"start":{"line":171,"character":2},"end":{"line":173,"character":3}},"selectionRange":{"start":{"line":171,"character":2},"end":{"line":173,"character":3}},"children":[]},{"name":"<func@176:3>","kind":12,"range":{"start":{"line":175,"character":2},"end":{"line":177,"character":3}},"selectionRange":{"start":{"line":175,"character":2},"end":{"line":177,"character":3}},"children":[]},{"name":"<func@179:3>","kind":12,"range":{"start":{"line":178,"character":2},"end":{"line":180,"character":3}},"selectionRange":{"start":{"line":178,"character":2},"end":{"line":180,"character":3}},"children":[]},{"name":"<func@183:3>","kind":12,"range":{"start":{"line":182,"character":2},"end":{"line":184,"character":3}},"selectionRange":{"start":{"line":182,"character":2},"end":{"line":184,"character":3}},"children":[]},{"name":"<func@186:3>","kind":12,"range":{"start":{"line":185,"character":2},"end":{"line":187,"character":3}},"selectionRange":{"start":{"line":185,"character":2},"end":{"line":187,"character":3}},"children":[]},{"name":"<func@190:3>","kind":12,"range":{"start":{"line":189,"character":2},"end":{"line":191,"character":3}},"selectionRange":{"start":{"line":189,"character":2},"end":{"line":191,"character":3}},"children":[]},{"name":"<func@194:3>","kind":12,"range":{"start":{"line":193,"character":2},"end":{"line":195,"character":3}},"selectionRange":{"start":{"line":193,"character":2},"end":{"line":195,"character":3}},"children":[]},{"name":"<func@197:3>","kind":12,"range":{"start":{"line":196,"character":2},"end":{"line":198,"character":3}},"selectionRange":{"start":{"line":196,"character":2},"end":{"line":198,"character":3}},"children":[]},{"name":"<func@201:3>","kind":12,"range":{"start":{"line":200,"character":2},"end":{"line":202,"character":3}},"selectionRange":{"start":{"line":200,"character":2},"end":{"line":202,"character":3}},"children":[]},{"name":"<func@205:3>","kind":12,"range":{"start":{"line":204,"character":2},"end":{"line":206,"character":3}},"selectionRange":{"start":{"line":204,"character":2},"end":{"line":206,"character":3}},"children":[]},{"name":"<func@208:3>","kind":12,"range":{"start":{"line":207,"character":2},"end":{"line":209,"character":3}},"selectionRange":{"start":{"line":207,"character":2},"end":{"line":209,"character":3}},"children":[]},{"name":"<func@212:3>","kind":12,"range":{"start":{"line":211,"character":2},"end":{"line":213,"character":3}},"selectionRange":{"start":{"line":211,"character":2},"end":{"line":213,"character":3}},"children":[]},{"name":"<func@216:3>","kind":12,"range":{"start":{"line":215,"character":2},"end":{"line":217,"character":3}},"selectionRange":{"start":{"line":215,"character":2},"end":{"line":217,"character":3}}}]}],"id":1}