{"jsonrpc":"2.0","result":[{"name":"<module@1:1>","kind":2,"range":{"start":{"line":0,"character":0},"end":{"line":9,"character":1}},"selectionRange":{"start":{"line":0,"character":0},"end":{"line":9,"character":1}},"children":[{"name":"$take_externref","kind":12,"range":{"start":{"line":4,"character":2},"end":{"line":4,"character":42}},"selectionRange":{"start":{"line":4,"character":8},"end":{"line":4,"character":23}}}]}],"id":1}