{"jsonrpc":"2.0","result":[{"name":"<module@3:1>","kind":2,"range":{"start":{"line":2,"character":0},"end":{"line":12,"character":1}},"selectionRange":{"start":{"line":2,"character":0},"end":{"line":12,"character":1}},"children":[{"name":"<memory@4:3>","kind":18,"range":{"start":{"line":3,"character":2},"end":{"line":3,"character":12}},"selectionRange":{"start":{"line":3,"character":2},"end":{"line":3,"character":12}},"children":[]},{"name":"$greeting","kind":12,"range":{"start":{"line":4,"character":2},"end":{"line":7,"character":3}},"selectionRange":{"start":{"line":4,"character":8},"end":{"line":4,"character":17}}}]}],"id":1}