{"jsonrpc":"2.0","result":[{"name":"<module@1:1>","kind":2,"range":{"start":{"line":0,"character":0},"end":{"line":145,"character":1}},"selectionRange":{"start":{"line":0,"character":0},"end":{"line":145,"character":1}},"children":[{"name":"$take_i32","kind":12,"range":{"start":{"line":2,"character":2},"end":{"line":2,"character":30}},"selectionRange":{"start":{"line":2,"character":8},"end":{"line":2,"character":17}},"children":[]},{"name":"$take_i64","kind":12,"range":{"start":{"line":3,"character":2},"end":{"line":3,"character":30}},"selectionRange":{"start":{"line":3,"character":8},"end":{"line":3,"character":17}},"children":[]},{"name":"$return_i32","kind":12,"range":{"start":{"line":4,"character":2},"end":{"line":4,"character":45}},"selectionRange":{"start":{"line":4,"character":8},"end":{"line":4,"character":19}},"children":[]},{"name":"$return_i64","kind":12,"range":{"start":{"line":5,"character":2},"end":{"line":5,"character":45}},"selectionRange":{"start":{"line":5,"character":8},"end":{"line":5,"character":19}}}]}],"id":1}