{"jsonrpc":"2.0","result":[{"name":"<module@3:1>","kind":2,"range":{"start":{"line":2,"character":0},"end":{"line":4,"character":1}},"selectionRange":{"start":{"line":2,"character":0},"end":{"line":4,"character":1}}}],"id":1}