{"jsonrpc":"2.0","result":[{"name":"<module@1:1>","kind":2,"range":{"start":{"line":0,"character":0},"end":{"line":16,"character":1}},"selectionRange":{"start":{"line":0,"character":0},"end":{"line":16,"character":1}},"children":[{"name":"$mem","kind":18,"range":{"start":{"line":1,"character":2},"end":{"line":1,"character":17}},"selectionRange":{"start":{"line":1,"character":10},"end":{"line":1,"character":14}},"children":[]},{"name":"<data@3:3>","kind":20,"range":{"start":{"line":2,"character":2},"end":{"line":2,"character":36}},"selectionRange":{"start":{"line":2,"character":2},"end":{"line":2,"character":36}},"children":[]},{"name":"$greeting","kind":12,"range":{"start":{"line":3,"character":2},"end":{"line":6,"character":3}},"selectionRange":{"start":{"line":3,"character":8},"end":{"line":3,"character":17}}}]}],"id":1}