{"jsonrpc":"2.0","result":[{"name":"<module@1:1>","kind":2,"range":{"start":{"line":0,"character":0},"end":{"line":11,"character":1}},"selectionRange":{"start":{"line":0,"character":0},"end":{"line":11,"character":1}},"children":[{"name":"<func@2:3>","kind":12,"range":{"start":{"line":1,"character":2},"end":{"line":1,"character":43}},"selectionRange":{"start":{"line":1,"character":2},"end":{"line":1,"character":43}},"children":[]},{"name":"<memory@3:3>","kind":18,"range":{"start":{"line":2,"character":2},"end":{"line":2,"character":12}},"selectionRange":{"start":{"line":2,"character":2},"end":{"line":2,"character":12}}}]}],"id":1}