{"jsonrpc":"2.0","result":[{"name":"<module@3:1>","kind":2,"range":{"start":{"line":2,"character":0},"end":{"line":17,"character":1}},"selectionRange":{"start":{"line":2,"character":0},"end":{"line":17,"character":1}},"children":[{"name":"<func@4:3>","kind":12,"range":{"start":{"line":3,"character":2},"end":{"line":3,"character":24}},"selectionRange":{"start":{"line":3,"character":2},"end":{"line":3,"character":24}},"children":[]},{"name":"<func@5:3>","kind":12,"range":{"start":{"line":4,"character":2},"end":{"line":4,"character":40}},"selectionRange":{"start":{"line":4,"character":2},"end":{"line":4,"character":40}},"children":[]},{"name":"<func@6:3>","kind":12,"range":{"start":{"line":5,"character":2},"end":{"line":5,"character":40}},"selectionRange":{"start":{"line":5,"character":2},"end":{"line":5,"character":40}},"children":[]},{"name":"<func@7:3>","kind":12,"range":{"start":{"line":6,"character":2},"end":{"line":6,"character":57}},"selectionRange":{"start":{"line":6,"character":2},"end":{"line":6,"character":57}},"children":[]},{"name":"<func@8:3>","kind":12,"range":{"start":{"line":7,"character":2},"end":{"line":7,"character":57}},"selectionRange":{"start":{"line":7,"character":2},"end":{"line":7,"character":57}},"children":[]},{"name":"<func@9:3>","kind":12,"range":{"start":{"line":8,"character":2},"end":{"line":8,"character":72}},"selectionRange":{"start":{"line":8,"character":2},"end":{"line":8,"character":72}},"children":[]},{"name":"<func@10:3>","kind":12,"range":{"start":{"line":9,"character":2},"end":{"line":9,"character":72}},"selectionRange":{"start":{"line":9,"character":2},"end":{"line":9,"character":72}},"children":[]},{"name":"<global@11:3>","kind":24,"range":{"start":{"line":10,"character":2},"end":{"line":10,"character":51}},"selectionRange":{"start":{"line":10,"character":2},"end":{"line":10,"character":51}},"children":[]},{"name":"<global@12:3>","kind":24,"range":{"start":{"line":11,"character":2},"end":{"line":11,"character":51}},"selectionRange":{"start":{"line":11,"character":2},"end":{"line":11,"character":51}},"children":[]},{"name":"<table@13:3>","kind":11,"range":{"start":{"line":12,"character":2},"end":{"line":12,"character":44}},"selectionRange":{"start":{"line":12,"character":2},"end":{"line":12,"character":44}},"children":[]},{"name":"<table@14:3>","kind":11,"range":{"start":{"line":13,"character":2},"end":{"line":13,"character":46}},"selectionRange":{"start":{"line":13,"character":2},"end":{"line":13,"character":46}},"children":[]},{"name":"<memory@15:3>","kind":18,"range":{"start":{"line":14,"character":2},"end":{"line":14,"character":36}},"selectionRange":{"start":{"line":14,"character":2},"end":{"line":14,"character":36}},"children":[]}]},{"name":"<module@25:1>","kind":2,"range":{"start":{"line":24,"character":0},"end":{"line":85,"character":1}},"selectionRange":{"start":{"line":24,"character":0},"end":{"line":85,"character":1}},"children":[{"name":"$func_i32","kind":26,"range":{"start":{"line":25,"character":2},"end":{"line":25,"character":37}},"selectionRange":{"start":{"line":25,"character":8},"end":{"line":25,"character":17}},"children":[]},{"name":"$func_i64","kind":26,"range":{"start":{"line":26,"character":2},"end":{"line":26,"character":37}},"selectionRange":{"start":{"line":26,"character":8},"end":{"line":26,"character":17}},"children":[]},{"name":"$func_f32","kind":26,"range":{"start":{"line":27,"character":2},"end":{"line":27,"character":37}},"selectionRange":{"start":{"line":27,"character":8},"end":{"line":27,"character":17}},"children":[]},{"name":"$func_f64","kind":26,"range":{"start":{"line":28,"character":2},"end":{"line":28,"character":37}},"selectionRange":{"start":{"line":28,"character":8},"end":{"line":28,"character":17}},"children":[]},{"name":"$print_i32-2","kind":12,"range":{"start":{"line":40,"character":2},"end":{"line":40,"character":65}},"selectionRange":{"start":{"line":40,"character":8},"end":{"line":40,"character":20}},"children":[]},{"name":"$print_f64-2","kind":12,"range":{"start":{"line":41,"character":2},"end":{"line":41,"character":65}},"selectionRange":{"start":{"line":41,"character":8},"end":{"line":41,"character":20}},"children":[]},{"name":"<func@45:3>","kind":12,"range":{"start":{"line":44,"character":2},"end":{"line":44,"character":66}},"selectionRange":{"start":{"line":44,"character":2},"end":{"line":44,"character":66}},"children":[]},{"name":"$p","kind":12,"range":{"start":{"line":45,"character":2},"end":{"line":45,"character":69}},"selectionRange":{"start":{"line":45,"character":8},"end":{"line":45,"character":10}},"children":[]},{"name":"<func@47:3>","kind":12,"range":{"start":{"line":46,"character":2},"end":{"line":46,"character":80}},"selectionRange":{"start":{"line":46,"character":2},"end":{"line":46,"character":80}},"children":[]},{"name":"<func@48:3>","kind":12,"range":{"start":{"line":47,"character":2},"end":{"line":47,"character":63}},"selectionRange":{"start":{"line":47,"character":2},"end":{"line":47,"character":63}},"children":[]},{"name":"<func@49:3>","kind":12,"range":{"start":{"line":48,"character":2},"end":{"line":48,"character":84}},"selectionRange":{"start":{"line":48,"character":2},"end":{"line":48,"character":84}},"children":[]},{"name":"<func@52:3>","kind":12,"range":{"start":{"line":51,"character":2},"end":{"line":51,"character":56}},"selectionRange":{"start":{"line":51,"character":2},"end":{"line":51,"character":56}},"children":[]},{"name":"$forward","kind":26,"range":{"start":{"line":52,"character":2},"end":{"line":52,"character":36}},"selectionRange":{"start":{"line":52,"character":8},"end":{"line":52,"character":16}},"children":[]},{"name":"<table@55:3>","kind":11,"range":{"start":{"line":54,"character":2},"end":{"line":54,"character":46}},"selectionRange":{"start":{"line":54,"character":2},"end":{"line":54,"character":46}},"children":[]},{"name":"<func@57:3>","kind":12,"range":{"start":{"line":56,"character":2},"end":{"line":68,"character":3}},"selectionRange":{"start":{"line":56,"character":2},"end":{"line":68,"character":3}},"children":[]},{"name":"<func@71:3>","kind":12,"range":{"start":{"line":70,"character":2},"end":{"line":84,"character":3}},"selectionRange":{"start":{"line":70,"character":2},"end":{"line":84,"character":3}},"children":[]}]},{"name":"<module@99:1>","kind":2,"range":{"start":{"line":98,"character":0},"end":{"line":98,"character":38}},"selectionRange":{"start":{"line":98,"character":0},"end":{"line":98,"character":38}},"children":[]},{"name":"<module@100:1>","kind":2,"range":{"start":{"line":99,"character":0},"end":{"line":99,"character":54}},"selectionRange":{"start":{"line":99,"character":0},"end":{"line":99,"character":54}},"children":[]},{"name":"<module@101:1>","kind":2,"range":{"start":{"line":100,"character":0},"end":{"line":100,"character":54}},"selectionRange":{"start":{"line":100,"character":0},"end":{"line":100,"character":54}},"children":[]},{"name":"<module@102:1>","kind":2,"range":{"start":{"line":101,"character":0},"end":{"line":101,"character":56}},"selectionRange":{"start":{"line":101,"character":0},"end":{"line":101,"character":56}},"children":[]},{"name":"<module@103:1>","kind":2,"range":{"start":{"line":102,"character":0},"end":{"line":102,"character":56}},"selectionRange":{"start":{"line":102,"character":0},"end":{"line":102,"character":56}},"children":[]},{"name":"<module@104:1>","kind":2,"range":{"start":{"line":103,"character":0},"end":{"line":103,"character":72}},"selectionRange":{"start":{"line":103,"character":0},"end":{"line":103,"character":72}},"children":[]},{"name":"<module@105:1>","kind":2,"range":{"start":{"line":104,"character":0},"end":{"line":104,"character":72}},"selectionRange":{"start":{"line":104,"character":0},"end":{"line":104,"character":72}},"children":[]},{"name":"<module@209:1>","kind":2,"range":{"start":{"line":208,"character":0},"end":{"line":224,"character":1}},"selectionRange":{"start":{"line":208,"character":0},"end":{"line":224,"character":1}},"children":[{"name":"<global@211:3>","kind":24,"range":{"start":{"line":210,"character":2},"end":{"line":210,"character":47}},"selectionRange":{"start":{"line":210,"character":2},"end":{"line":210,"character":47}},"children":[]},{"name":"$y","kind":24,"range":{"start":{"line":213,"character":2},"end":{"line":213,"character":50}},"selectionRange":{"start":{"line":213,"character":10},"end":{"line":213,"character":12}},"children":[]},{"name":"<func@221:3>","kind":12,"range":{"start":{"line":220,"character":2},"end":{"line":220,"character":53}},"selectionRange":{"start":{"line":220,"character":2},"end":{"line":220,"character":53}},"children":[]},{"name":"<func@222:3>","kind":12,"range":{"start":{"line":221,"character":2},"end":{"line":221,"character":53}},"selectionRange":{"start":{"line":221,"character":2},"end":{"line":221,"character":53}},"children":[]},{"name":"<func@223:3>","kind":12,"range":{"start":{"line":222,"character":2},"end":{"line":222,"character":54}},"selectionRange":{"start":{"line":222,"character":2},"end":{"line":222,"character":54}},"children":[]},{"name":"<func@224:3>","kind":12,"range":{"start":{"line":223,"character":2},"end":{"line":223,"character":54}},"selectionRange":{"start":{"line":223,"character":2},"end":{"line":223,"character":54}},"children":[]}]},{"name":"<module@232:1>","kind":2,"range":{"start":{"line":231,"character":0},"end":{"line":231,"character":50}},"selectionRange":{"start":{"line":231,"character":0},"end":{"line":231,"character":50}},"children":[]},{"name":"<module@233:1>","kind":2,"range":{"start":{"line":232,"character":0},"end":{"line":232,"character":50}},"selectionRange":{"start":{"line":232,"character":0},"end":{"line":232,"character":50}},"children":[]},{"name":"<module@272:1>","kind":2,"range":{"start":{"line":271,"character":0},"end":{"line":281,"character":1}},"selectionRange":{"start":{"line":271,"character":0},"end":{"line":281,"character":1}},"children":[{"name":"<type@273:3>","kind":26,"range":{"start":{"line":272,"character":2},"end":{"line":272,"character":28}},"selectionRange":{"start":{"line":272,"character":2},"end":{"line":272,"character":28}},"children":[]},{"name":"<elem@275:3>","kind":8,"range":{"start":{"line":274,"character":2},"end":{"line":274,"character":46}},"selectionRange":{"start":{"line":274,"character":2},"end":{"line":274,"character":46}},"children":[]},{"name":"<func@277:3>","kind":12,"range":{"start":{"line":276,"character":2},"end":{"line":278,"character":3}},"selectionRange":{"start":{"line":276,"character":2},"end":{"line":278,"character":3}},"children":[]},{"name":"$f","kind":12,"range":{"start":{"line":279,"character":2},"end":{"line":279,"character":39}},"selectionRange":{"start":{"line":279,"character":8},"end":{"line":279,"character":10}},"children":[]},{"name":"$g","kind":12,"range":{"start":{"line":280,"character":2},"end":{"line":280,"character":39}},"selectionRange":{"start":{"line":280,"character":8},"end":{"line":280,"character":10}},"children":[]}]},{"name":"<module@291:1>","kind":2,"range":{"start":{"line":290,"character":0},"end":{"line":300,"character":1}},"selectionRange":{"start":{"line":290,"character":0},"end":{"line":300,"character":1}},"children":[{"name":"<type@292:3>","kind":26,"range":{"start":{"line":291,"character":2},"end":{"line":291,"character":28}},"selectionRange":{"start":{"line":291,"character":2},"end":{"line":291,"character":28}},"children":[]},{"name":"$tab","kind":11,"range":{"start":{"line":292,"character":2},"end":{"line":292,"character":56}},"selectionRange":{"start":{"line":292,"character":9},"end":{"line":292,"character":13}},"children":[]},{"name":"<elem@294:3>","kind":8,"range":{"start":{"line":293,"character":2},"end":{"line":293,"character":46}},"selectionRange":{"start":{"line":293,"character":2},"end":{"line":293,"character":46}},"children":[]},{"name":"<func@296:3>","kind":12,"range":{"start":{"line":295,"character":2},"end":{"line":297,"character":3}},"selectionRange":{"start":{"line":295,"character":2},"end":{"line":297,"character":3}},"children":[]},{"name":"$f","kind":12,"range":{"start":{"line":298,"character":2},"end":{"line":298,"character":39}},"selectionRange":{"start":{"line":298,"character":8},"end":{"line":298,"character":10}},"children":[]},{"name":"$g","kind":12,"range":{"start":{"line":299,"character":2},"end":{"line":299,"character":39}},"selectionRange":{"start":{"line":299,"character":8},"end":{"line":299,"character":10}},"children":[]}]},{"name":"<module@310:1>","kind":2,"range":{"start":{"line":309,"character":0},"end":{"line":314,"character":1}},"selectionRange":{"start":{"line":309,"character":0},"end":{"line":314,"character":1}},"children":[{"name":"<table@313:3>","kind":11,"range":{"start":{"line":312,"character":2},"end":{"line":312,"character":20}},"selectionRange":{"start":{"line":312,"character":2},"end":{"line":312,"character":20}},"children":[]},{"name":"<table@314:3>","kind":11,"range":{"start":{"line":313,"character":2},"end":{"line":313,"character":20}},"selectionRange":{"start":{"line":313,"character":2},"end":{"line":313,"character":20}},"children":[]}]},{"name":"<module@317:1>","kind":2,"range":{"start":{"line":316,"character":0},"end":{"line":316,"character":58}},"selectionRange":{"start":{"line":316,"character":0},"end":{"line":316,"character":58}},"children":[]},{"name":"<module@318:1>","kind":2,"range":{"start":{"line":317,"character":0},"end":{"line":317,"character":57}},"selectionRange":{"start":{"line":317,"character":0},"end":{"line":317,"character":57}},"children":[]},{"name":"<module@319:1>","kind":2,"range":{"start":{"line":318,"character":0},"end":{"line":318,"character":57}},"selectionRange":{"start":{"line":318,"character":0},"end":{"line":318,"character":57}},"children":[]},{"name":"<module@320:1>","kind":2,"range":{"start":{"line":319,"character":0},"end":{"line":319,"character":57}},"selectionRange":{"start":{"line":319,"character":0},"end":{"line":319,"character":57}},"children":[]},{"name":"<module@321:1>","kind":2,"range":{"start":{"line":320,"character":0},"end":{"line":320,"character":56}},"selectionRange":{"start":{"line":320,"character":0},"end":{"line":320,"character":56}},"children":[]},{"name":"<module@322:1>","kind":2,"range":{"start":{"line":321,"character":0},"end":{"line":321,"character":56}},"selectionRange":{"start":{"line":321,"character":0},"end":{"line":321,"character":56}},"children":[]},{"name":"<module@323:1>","kind":2,"range":{"start":{"line":322,"character":0},"end":{"line":322,"character":60}},"selectionRange":{"start":{"line":322,"character":0},"end":{"line":322,"character":60}},"children":[]},{"name":"<module@324:1>","kind":2,"range":{"start":{"line":323,"character":0},"end":{"line":323,"character":59}},"selectionRange":{"start":{"line":323,"character":0},"end":{"line":323,"character":59}},"children":[]},{"name":"<module@325:1>","kind":2,"range":{"start":{"line":324,"character":0},"end":{"line":324,"character":59}},"selectionRange":{"start":{"line":324,"character":0},"end":{"line":324,"character":59}},"children":[]},{"name":"<module@326:1>","kind":2,"range":{"start":{"line":325,"character":0},"end":{"line":325,"character":60}},"selectionRange":{"start":{"line":325,"character":0},"end":{"line":325,"character":60}},"children":[]},{"name":"<module@327:1>","kind":2,"range":{"start":{"line":326,"character":0},"end":{"line":326,"character":59}},"selectionRange":{"start":{"line":326,"character":0},"end":{"line":326,"character":59}},"children":[]},{"name":"<module@328:1>","kind":2,"range":{"start":{"line":327,"character":0},"end":{"line":327,"character":59}},"selectionRange":{"start":{"line":327,"character":0},"end":{"line":327,"character":59}},"children":[]},{"name":"<module@329:1>","kind":2,"range":{"start":{"line":328,"character":0},"end":{"line":328,"character":55}},"selectionRange":{"start":{"line":328,"character":0},"end":{"line":328,"character":55}},"children":[]},{"name":"<module@330:1>","kind":2,"range":{"start":{"line":329,"character":0},"end":{"line":329,"character":54}},"selectionRange":{"start":{"line":329,"character":0},"end":{"line":329,"character":54}},"children":[]},{"name":"<module@331:1>","kind":2,"range":{"start":{"line":330,"character":0},"end":{"line":330,"character":54}},"selectionRange":{"start":{"line":330,"character":0},"end":{"line":330,"character":54}},"children":[]},{"name":"<module@332:1>","kind":2,"range":{"start":{"line":331,"character":0},"end":{"line":331,"character":58}},"selectionRange":{"start":{"line":331,"character":0},"end":{"line":331,"character":58}},"children":[]},{"name":"<module@333:1>","kind":2,"range":{"start":{"line":332,"character":0},"end":{"line":332,"character":57}},"selectionRange":{"start":{"line":332,"character":0},"end":{"line":332,"character":57}},"children":[]},{"name":"<module@334:1>","kind":2,"range":{"start":{"line":333,"character":0},"end":{"line":333,"character":57}},"selectionRange":{"start":{"line":333,"character":0},"end":{"line":333,"character":57}},"children":[]},{"name":"<module@335:1>","kind":2,"range":{"start":{"line":334,"character":0},"end":{"line":334,"character":58}},"selectionRange":{"start":{"line":334,"character":0},"end":{"line":334,"character":58}},"children":[]},{"name":"<module@336:1>","kind":2,"range":{"start":{"line":335,"character":0},"end":{"line":335,"character":57}},"selectionRange":{"start":{"line":335,"character":0},"end":{"line":335,"character":57}},"children":[]},{"name":"<module@393:1>","kind":2,"range":{"start":{"line":392,"character":0},"end":{"line":397,"character":1}},"selectionRange":{"start":{"line":392,"character":0},"end":{"line":397,"character":1}},"children":[{"name":"<data@395:3>","kind":20,"range":{"start":{"line":394,"character":2},"end":{"line":394,"character":40}},"selectionRange":{"start":{"line":394,"character":2},"end":{"line":394,"character":40}},"children":[]},{"name":"<func@397:3>","kind":12,"range":{"start":{"line":396,"character":2},"end":{"line":396,"character":74}},"selectionRange":{"start":{"line":396,"character":2},"end":{"line":396,"character":74}},"children":[]}]},{"name":"<module@405:1>","kind":2,"range":{"start":{"line":404,"character":0},"end":{"line":409,"character":1}},"selectionRange":{"start":{"line":404,"character":0},"end":{"line":409,"character":1}},"children":[{"name":"<memory@406:3>","kind":18,"range":{"start":{"line":405,"character":2},"end":{"line":405,"character":43}},"selectionRange":{"start":{"line":405,"character":2},"end":{"line":405,"character":43}},"children":[]},{"name":"<data@407:3>","kind":20,"range":{"start":{"line":406,"character":2},"end":{"line":406,"character":40}},"selectionRange":{"start":{"line":406,"character":2},"end":{"line":406,"character":40}},"children":[]},{"name":"<func@409:3>","kind":12,"range":{"start":{"line":408,"character":2},"end":{"line":408,"character":74}},"selectionRange":{"start":{"line":408,"character":2},"end":{"line":408,"character":74}},"children":[]}]},{"name":"<module@429:1>","kind":2,"range":{"start":{"line":428,"character":0},"end":{"line":428,"character":50}},"selectionRange":{"start":{"line":428,"character":0},"end":{"line":428,"character":50}},"children":[]},{"name":"<module@430:1>","kind":2,"range":{"start":{"line":429,"character":0},"end":{"line":429,"character":50}},"selectionRange":{"start":{"line":429,"character":0},"end":{"line":429,"character":50}},"children":[]},{"name":"<module@431:1>","kind":2,"range":{"start":{"line":430,"character":0},"end":{"line":430,"character":50}},"selectionRange":{"start":{"line":430,"character":0},"end":{"line":430,"character":50}},"children":[]},{"name":"<module@432:1>","kind":2,"range":{"start":{"line":431,"character":0},"end":{"line":431,"character":48}},"selectionRange":{"start":{"line":431,"character":0},"end":{"line":431,"character":48}},"children":[]},{"name":"<module@433:1>","kind":2,"range":{"start":{"line":432,"character":0},"end":{"line":432,"character":48}},"selectionRange":{"start":{"line":432,"character":0},"end":{"line":432,"character":48}},"children":[]},{"name":"<module@434:1>","kind":2,"range":{"start":{"line":433,"character":0},"end":{"line":433,"character":50}},"selectionRange":{"start":{"line":433,"character":0},"end":{"line":433,"character":50}},"children":[]},{"name":"<module@435:1>","kind":2,"range":{"start":{"line":434,"character":0},"end":{"line":434,"character":50}},"selectionRange":{"start":{"line":434,"character":0},"end":{"line":434,"character":50}},"children":[]},{"name":"<module@436:1>","kind":2,"range":{"start":{"line":435,"character":0},"end":{"line":435,"character":50}},"selectionRange":{"start":{"line":435,"character":0},"end":{"line":435,"character":50}},"children":[]},{"name":"<module@437:1>","kind":2,"range":{"start":{"line":436,"character":0},"end":{"line":436,"character":50}},"selectionRange":{"start":{"line":436,"character":0},"end":{"line":436,"character":50}},"children":[]},{"name":"<module@499:1>","kind":2,"range":{"start":{"line":498,"character":0},"end":{"line":501,"character":1}},"selectionRange":{"start":{"line":498,"character":0},"end":{"line":501,"character":1}},"children":[{"name":"<func@501:3>","kind":12,"range":{"start":{"line":500,"character":2},"end":{"line":500,"character":77}},"selectionRange":{"start":{"line":500,"character":2},"end":{"line":500,"character":77}},"children":[]}]},{"name":"<module@583:1>","kind":2,"range":{"start":{"line":582,"character":0},"end":{"line":582,"character":8}},"selectionRange":{"start":{"line":582,"character":0},"end":{"line":582,"character":8}}}],"id":1}