{"jsonrpc":"2.0","result":[{"name":"$Mf","kind":2,"range":{"start":{"line":2,"character":0},"end":{"line":5,"character":1}},"selectionRange":{"start":{"line":2,"character":8},"end":{"line":2,"character":11}},"children":[{"name":"<func@4:3>","kind":12,"range":{"start":{"line":3,"character":2},"end":{"line":3,"character":47}},"selectionRange":{"start":{"line":3,"character":2},"end":{"line":3,"character":47}},"children":[]},{"name":"$g","kind":12,"range":{"start":{"line":4,"character":2},"end":{"line":4,"character":38}},"selectionRange":{"start":{"line":4,"character":8},"end":{"line":4,"character":10}},"children":[]}]},{"name":"$Nf","kind":2,"range":{"start":{"line":8,"character":0},"end":{"line":14,"character":1}},"selectionRange":{"start":{"line":8,"character":8},"end":{"line":8,"character":11}},"children":[{"name":"$f","kind":12,"range":{"start":{"line":9,"character":2},"end":{"line":9,"character":45}},"selectionRange":{"start":{"line":9,"character":8},"end":{"line":9,"character":10}},"children":[]},{"name":"<func@12:3>","kind":12,"range":{"start":{"line":11,"character":2},"end":{"line":11,"character":55}},"selectionRange":{"start":{"line":11,"character":2},"end":{"line":11,"character":55}},"children":[]},{"name":"<func@13:3>","kind":12,"range":{"start":{"line":12,"character":2},"end":{"line":12,"character":47}},"selectionRange":{"start":{"line":12,"character":2},"end":{"line":12,"character":47}},"children":[]},{"name":"$g","kind":12,"range":{"start":{"line":13,"character":2},"end":{"line":13,"character":38}},"selectionRange":{"start":{"line":13,"character":8},"end":{"line":13,"character":10}},"children":[]}]},{"name":"<module@22:1>","kind":2,"range":{"start":{"line":21,"character":0},"end":{"line":24,"character":1}},"selectionRange":{"start":{"line":21,"character":0},"end":{"line":24,"character":1}},"children":[]},{"name":"$Mg","kind":2,"range":{"start":{"line":38,"character":0},"end":{"line":46,"character":1}},"selectionRange":{"start":{"line":38,"character":8},"end":{"line":38,"character":11}},"children":[{"name":"$glob","kind":24,"range":{"start":{"line":39,"character":2},"end":{"line":39,"character":51}},"selectionRange":{"start":{"line":39,"character":10},"end":{"line":39,"character":15}},"children":[]},{"name":"<func@41:3>","kind":12,"range":{"start":{"line":40,"character":2},"end":{"line":40,"character":55}},"selectionRange":{"start":{"line":40,"character":2},"end":{"line":40,"character":55}},"children":[]},{"name":"$mut_glob","kind":24,"range":{"start":{"line":43,"character":2},"end":{"line":43,"character":66}},"selectionRange":{"start":{"line":43,"character":10},"end":{"line":43,"character":19}},"children":[]},{"name":"<func@45:3>","kind":12,"range":{"start":{"line":44,"character":2},"end":{"line":44,"character":63}},"selectionRange":{"start":{"line":44,"character":2},"end":{"line":44,"character":63}},"children":[]},{"name":"<func@46:3>","kind":12,"range":{"start":{"line":45,"character":2},"end":{"line":45,"character":76}},"selectionRange":{"start":{"line":45,"character":2},"end":{"line":45,"character":76}},"children":[]}]},{"name":"$Ng","kind":2,"range":{"start":{"line":49,"character":0},"end":{"line":64,"character":1}},"selectionRange":{"start":{"line":49,"character":8},"end":{"line":49,"character":11}},"children":[{"name":"$x","kind":24,"range":{"start":{"line":50,"character":2},"end":{"line":50,"character":38}},"selectionRange":{"start":{"line":50,"character":10},"end":{"line":50,"character":12}},"children":[]},{"name":"$mut_glob","kind":24,"range":{"start":{"line":51,"character":2},"end":{"line":51,"character":55}},"selectionRange":{"start":{"line":51,"character":10},"end":{"line":51,"character":19}},"children":[]},{"name":"$f","kind":12,"range":{"start":{"line":52,"character":2},"end":{"line":52,"character":44}},"selectionRange":{"start":{"line":52,"character":8},"end":{"line":52,"character":10}},"children":[]},{"name":"$get_mut","kind":12,"range":{"start":{"line":53,"character":2},"end":{"line":53,"character":54}},"selectionRange":{"start":{"line":53,"character":8},"end":{"line":53,"character":16}},"children":[]},{"name":"$set_mut","kind":12,"range":{"start":{"line":54,"character":2},"end":{"line":54,"character":53}},"selectionRange":{"start":{"line":54,"character":8},"end":{"line":54,"character":16}},"children":[]},{"name":"$glob","kind":24,"range":{"start":{"line":58,"character":2},"end":{"line":58,"character":51}},"selectionRange":{"start":{"line":58,"character":10},"end":{"line":58,"character":15}},"children":[]},{"name":"<func@60:3>","kind":12,"range":{"start":{"line":59,"character":2},"end":{"line":59,"character":55}},"selectionRange":{"start":{"line":59,"character":2},"end":{"line":59,"character":55}},"children":[]}]},{"name":"$Mref_ex","kind":2,"range":{"start":{"line":95,"character":0},"end":{"line":100,"character":1}},"selectionRange":{"start":{"line":95,"character":8},"end":{"line":95,"character":16}},"children":[{"name":"<global@97:3>","kind":24,"range":{"start":{"line":96,"character":2},"end":{"line":96,"character":58}},"selectionRange":{"start":{"line":96,"character":2},"end":{"line":96,"character":58}},"children":[]},{"name":"<global@98:3>","kind":24,"range":{"start":{"line":97,"character":2},"end":{"line":97,"character":62}},"selectionRange":{"start":{"line":97,"character":2},"end":{"line":97,"character":62}},"children":[]},{"name":"<global@99:3>","kind":24,"range":{"start":{"line":98,"character":2},"end":{"line":98,"character":64}},"selectionRange":{"start":{"line":98,"character":2},"end":{"line":98,"character":64}},"children":[]},{"name":"<global@100:3>","kind":24,"range":{"start":{"line":99,"character":2},"end":{"line":99,"character":68}},"selectionRange":{"start":{"line":99,"character":2},"end":{"line":99,"character":68}},"children":[]}]},{"name":"$Mref_im","kind":2,"range":{"start":{"line":103,"character":0},"end":{"line":109,"character":1}},"selectionRange":{"start":{"line":103,"character":8},"end":{"line":103,"character":16}},"children":[{"name":"<global@105:3>","kind":24,"range":{"start":{"line":104,"character":2},"end":{"line":104,"character":52}},"selectionRange":{"start":{"line":104,"character":2},"end":{"line":104,"character":52}},"children":[]},{"name":"<global@106:3>","kind":24,"range":{"start":{"line":105,"character":2},"end":{"line":105,"character":56}},"selectionRange":{"start":{"line":105,"character":2},"end":{"line":105,"character":56}},"children":[]},{"name":"<global@108:3>","kind":24,"range":{"start":{"line":107,"character":2},"end":{"line":107,"character":56}},"selectionRange":{"start":{"line":107,"character":2},"end":{"line":107,"character":56}},"children":[]},{"name":"<global@109:3>","kind":24,"range":{"start":{"line":108,"character":2},"end":{"line":108,"character":60}},"selectionRange":{"start":{"line":108,"character":2},"end":{"line":108,"character":60}},"children":[]}]},{"name":"$Mt","kind":2,"range":{"start":{"line":133,"character":0},"end":{"line":145,"character":1}},"selectionRange":{"start":{"line":133,"character":8},"end":{"line":133,"character":11}},"children":[{"name":"<type@135:3>","kind":26,"range":{"start":{"line":134,"character":2},"end":{"line":134,"character":28}},"selectionRange":{"start":{"line":134,"character":2},"end":{"line":134,"character":28}},"children":[]},{"name":"<type@136:3>","kind":26,"range":{"start":{"line":135,"character":2},"end":{"line":135,"character":15}},"selectionRange":{"start":{"line":135,"character":2},"end":{"line":135,"character":15}},"children":[]},{"name":"<table@138:3>","kind":11,"range":{"start":{"line":137,"character":2},"end":{"line":137,"character":35}},"selectionRange":{"start":{"line":137,"character":2},"end":{"line":137,"character":35}},"children":[]},{"name":"<elem@139:3>","kind":8,"range":{"start":{"line":138,"character":2},"end":{"line":138,"character":34}},"selectionRange":{"start":{"line":138,"character":2},"end":{"line":138,"character":34}},"children":[]},{"name":"$g","kind":12,"range":{"start":{"line":139,"character":2},"end":{"line":139,"character":38}},"selectionRange":{"start":{"line":139,"character":8},"end":{"line":139,"character":10}},"children":[]},{"name":"<func@141:3>","kind":12,"range":{"start":{"line":140,"character":2},"end":{"line":140,"character":49}},"selectionRange":{"start":{"line":140,"character":2},"end":{"line":140,"character":49}},"children":[]},{"name":"<func@143:3>","kind":12,"range":{"start":{"line":142,"character":2},"end":{"line":144,"character":3}},"selectionRange":{"start":{"line":142,"character":2},"end":{"line":144,"character":3}},"children":[]}]},{"name":"$Nt","kind":2,"range":{"start":{"line":148,"character":0},"end":{"line":165,"character":1}},"selectionRange":{"start":{"line":148,"character":8},"end":{"line":148,"character":11}},"children":[{"name":"<type@150:3>","kind":26,"range":{"start":{"line":149,"character":2},"end":{"line":149,"character":15}},"selectionRange":{"start":{"line":149,"character":2},"end":{"line":149,"character":15}},"children":[]},{"name":"<type@151:3>","kind":26,"range":{"start":{"line":150,"character":2},"end":{"line":150,"character":28}},"selectionRange":{"start":{"line":150,"character":2},"end":{"line":150,"character":28}},"children":[]},{"name":"$f","kind":12,"range":{"start":{"line":152,"character":2},"end":{"line":152,"character":57}},"selectionRange":{"start":{"line":152,"character":8},"end":{"line":152,"character":10}},"children":[]},{"name":"$h","kind":12,"range":{"start":{"line":153,"character":2},"end":{"line":153,"character":42}},"selectionRange":{"start":{"line":153,"character":8},"end":{"line":153,"character":10}},"children":[]},{"name":"<table@156:3>","kind":11,"range":{"start":{"line":155,"character":2},"end":{"line":155,"character":39}},"selectionRange":{"start":{"line":155,"character":2},"end":{"line":155,"character":39}},"children":[]},{"name":"$g","kind":12,"range":{"start":{"line":156,"character":2},"end":{"line":156,"character":38}},"selectionRange":{"start":{"line":156,"character":8},"end":{"line":156,"character":10}},"children":[]},{"name":"<func@160:3>","kind":12,"range":{"start":{"line":159,"character":2},"end":{"line":161,"character":3}},"selectionRange":{"start":{"line":159,"character":2},"end":{"line":161,"character":3}},"children":[]},{"name":"<func@163:3>","kind":12,"range":{"start":{"line":162,"character":2},"end":{"line":164,"character":3}},"selectionRange":{"start":{"line":162,"character":2},"end":{"line":164,"character":3}},"children":[]}]},{"name":"$Ot","kind":2,"range":{"start":{"line":190,"character":0},"end":{"line":201,"character":1}},"selectionRange":{"start":{"line":190,"character":8},"end":{"line":190,"character":11}},"children":[{"name":"<type@192:3>","kind":26,"range":{"start":{"line":191,"character":2},"end":{"line":191,"character":28}},"selectionRange":{"start":{"line":191,"character":2},"end":{"line":191,"character":28}},"children":[]},{"name":"$h","kind":12,"range":{"start":{"line":193,"character":2},"end":{"line":193,"character":42}},"selectionRange":{"start":{"line":193,"character":8},"end":{"line":193,"character":10}},"children":[]},{"name":"<table@195:3>","kind":11,"range":{"start":{"line":194,"character":2},"end":{"line":194,"character":39}},"selectionRange":{"start":{"line":194,"character":2},"end":{"line":194,"character":39}},"children":[]},{"name":"<elem@196:3>","kind":8,"range":{"start":{"line":195,"character":2},"end":{"line":195,"character":28}},"selectionRange":{"start":{"line":195,"character":2},"end":{"line":195,"character":28}},"children":[]},{"name":"$i","kind":12,"range":{"start":{"line":196,"character":2},"end":{"line":196,"character":38}},"selectionRange":{"start":{"line":196,"character":8},"end":{"line":196,"character":10}},"children":[]},{"name":"<func@199:3>","kind":12,"range":{"start":{"line":198,"character":2},"end":{"line":200,"character":3}},"selectionRange":{"start":{"line":198,"character":2},"end":{"line":200,"character":3}},"children":[]}]},{"name":"<module@229:1>","kind":2,"range":{"start":{"line":228,"character":0},"end":{"line":232,"character":1}},"selectionRange":{"start":{"line":228,"character":0},"end":{"line":232,"character":1}},"children":[{"name":"<table@230:3>","kind":11,"range":{"start":{"line":229,"character":2},"end":{"line":229,"character":39}},"selectionRange":{"start":{"line":229,"character":2},"end":{"line":229,"character":39}},"children":[]},{"name":"<elem@231:3>","kind":8,"range":{"start":{"line":230,"character":2},"end":{"line":230,"character":25}},"selectionRange":{"start":{"line":230,"character":2},"end":{"line":230,"character":25}},"children":[]},{"name":"$f","kind":12,"range":{"start":{"line":231,"character":2},"end":{"line":231,"character":11}},"selectionRange":{"start":{"line":231,"character":8},"end":{"line":231,"character":10}},"children":[]}]},{"name":"$G1","kind":2,"range":{"start":{"line":234,"character":0},"end":{"line":234,"character":52}},"selectionRange":{"start":{"line":234,"character":8},"end":{"line":234,"character":11}},"children":[{"name":"<global@235:13>","kind":24,"range":{"start":{"line":234,"character":12},"end":{"line":234,"character":51}},"selectionRange":{"start":{"line":234,"character":12},"end":{"line":234,"character":51}},"children":[]}]},{"name":"$G2","kind":2,"range":{"start":{"line":236,"character":0},"end":{"line":239,"character":1}},"selectionRange":{"start":{"line":236,"character":8},"end":{"line":236,"character":11}},"children":[{"name":"<global@238:3>","kind":24,"range":{"start":{"line":237,"character":2},"end":{"line":237,"character":32}},"selectionRange":{"start":{"line":237,"character":2},"end":{"line":237,"character":32}},"children":[]},{"name":"<global@239:3>","kind":24,"range":{"start":{"line":238,"character":2},"end":{"line":238,"character":42}},"selectionRange":{"start":{"line":238,"character":2},"end":{"line":238,"character":42}},"children":[]}]},{"name":"$Mtable_ex","kind":2,"range":{"start":{"line":290,"character":0},"end":{"line":293,"character":1}},"selectionRange":{"start":{"line":290,"character":8},"end":{"line":290,"character":18}},"children":[{"name":"$t1","kind":11,"range":{"start":{"line":291,"character":2},"end":{"line":291,"character":41}},"selectionRange":{"start":{"line":291,"character":9},"end":{"line":291,"character":12}},"children":[]},{"name":"$t2","kind":11,"range":{"start":{"line":292,"character":2},"end":{"line":292,"character":45}},"selectionRange":{"start":{"line":292,"character":9},"end":{"line":292,"character":12}},"children":[]}]},{"name":"<module@297:1>","kind":2,"range":{"start":{"line":296,"character":0},"end":{"line":299,"character":1}},"selectionRange":{"start":{"line":296,"character":0},"end":{"line":299,"character":1}},"children":[{"name":"<table@298:3>","kind":11,"range":{"start":{"line":297,"character":2},"end":{"line":297,"character":49}},"selectionRange":{"start":{"line":297,"character":2},"end":{"line":297,"character":49}},"children":[]},{"name":"<table@299:3>","kind":11,"range":{"start":{"line":298,"character":2},"end":{"line":298,"character":53}},"selectionRange":{"start":{"line":298,"character":2},"end":{"line":298,"character":53}},"children":[]}]},{"name":"$Mm","kind":2,"range":{"start":{"line":313,"character":0},"end":{"line":320,"character":1}},"selectionRange":{"start":{"line":313,"character":8},"end":{"line":313,"character":11}},"children":[{"name":"<memory@315:3>","kind":18,"range":{"start":{"line":314,"character":2},"end":{"line":314,"character":29}},"selectionRange":{"start":{"line":314,"character":2},"end":{"line":314,"character":29}},"children":[]},{"name":"<data@316:3>","kind":20,"range":{"start":{"line":315,"character":2},"end":{"line":315,"character":56}},"selectionRange":{"start":{"line":315,"character":2},"end":{"line":315,"character":56}},"children":[]},{"name":"<func@318:3>","kind":12,"range":{"start":{"line":317,"character":2},"end":{"line":319,"character":3}},"selectionRange":{"start":{"line":317,"character":2},"end":{"line":319,"character":3}},"children":[]}]},{"name":"$Nm","kind":2,"range":{"start":{"line":323,"character":0},"end":{"line":333,"character":1}},"selectionRange":{"start":{"line":323,"character":8},"end":{"line":323,"character":11}},"children":[{"name":"$loadM","kind":12,"range":{"start":{"line":324,"character":2},"end":{"line":324,"character":61}},"selectionRange":{"start":{"line":324,"character":8},"end":{"line":324,"character":14}},"children":[]},{"name":"<memory@327:3>","kind":18,"range":{"start":{"line":326,"character":2},"end":{"line":326,"character":12}},"selectionRange":{"start":{"line":326,"character":2},"end":{"line":326,"character":12}},"children":[]},{"name":"<data@328:3>","kind":20,"range":{"start":{"line":327,"character":2},"end":{"line":327,"character":44}},"selectionRange":{"start":{"line":327,"character":2},"end":{"line":327,"character":44}},"children":[]},{"name":"<func@331:3>","kind":12,"range":{"start":{"line":330,"character":2},"end":{"line":332,"character":3}},"selectionRange":{"start":{"line":330,"character":2},"end":{"line":332,"character":3}},"children":[]}]},{"name":"$Om","kind":2,"range":{"start":{"line":339,"character":0},"end":{"line":346,"character":1}},"selectionRange":{"start":{"line":339,"character":8},"end":{"line":339,"character":11}},"children":[{"name":"<memory@341:3>","kind":18,"range":{"start":{"line":340,"character":2},"end":{"line":340,"character":32}},"selectionRange":{"start":{"line":340,"character":2},"end":{"line":340,"character":32}},"children":[]},{"name":"<data@342:3>","kind":20,"range":{"start":{"line":341,"character":2},"end":{"line":341,"character":49}},"selectionRange":{"start":{"line":341,"character":2},"end":{"line":341,"character":49}},"children":[]},{"name":"<func@344:3>","kind":12,"range":{"start":{"line":343,"character":2},"end":{"line":345,"character":3}},"selectionRange":{"start":{"line":343,"character":2},"end":{"line":345,"character":3}},"children":[]}]},{"name":"<module@354:1>","kind":2,"range":{"start":{"line":353,"character":0},"end":{"line":356,"character":1}},"selectionRange":{"start":{"line":353,"character":0},"end":{"line":356,"character":1}},"children":[{"name":"<memory@355:3>","kind":18,"range":{"start":{"line":354,"character":2},"end":{"line":354,"character":32}},"selectionRange":{"start":{"line":354,"character":2},"end":{"line":354,"character":32}},"children":[]},{"name":"<data@356:3>","kind":20,"range":{"start":{"line":355,"character":2},"end":{"line":355,"character":31}},"selectionRange":{"start":{"line":355,"character":2},"end":{"line":355,"character":31}},"children":[]}]},{"name":"$Pm","kind":2,"range":{"start":{"line":366,"character":0},"end":{"line":372,"character":1}},"selectionRange":{"start":{"line":366,"character":8},"end":{"line":366,"character":11}},"children":[{"name":"<memory@368:3>","kind":18,"range":{"start":{"line":367,"character":2},"end":{"line":367,"character":34}},"selectionRange":{"start":{"line":367,"character":2},"end":{"line":367,"character":34}},"children":[]},{"name":"<func@370:3>","kind":12,"range":{"start":{"line":369,"character":2},"end":{"line":371,"character":3}},"selectionRange":{"start":{"line":369,"character":2},"end":{"line":371,"character":3}},"children":[]}]},{"name":"$Ms","kind":2,"range":{"start":{"line":421,"character":0},"end":{"line":431,"character":1}},"selectionRange":{"start":{"line":421,"character":8},"end":{"line":421,"character":11}},"children":[{"name":"$t","kind":26,"range":{"start":{"line":422,"character":2},"end":{"line":422,"character":31}},"selectionRange":{"start":{"line":422,"character":8},"end":{"line":422,"character":10}},"children":[]},{"name":"<memory@424:3>","kind":18,"range":{"start":{"line":423,"character":2},"end":{"line":423,"character":30}},"selectionRange":{"start":{"line":423,"character":2},"end":{"line":423,"character":30}},"children":[]},{"name":"<table@425:3>","kind":11,"range":{"start":{"line":424,"character":2},"end":{"line":424,"character":36}},"selectionRange":{"start":{"line":424,"character":2},"end":{"line":424,"character":36}},"children":[]},{"name":"<func@426:3>","kind":12,"range":{"start":{"line":425,"character":2},"end":{"line":427,"character":3}},"selectionRange":{"start":{"line":425,"character":2},"end":{"line":427,"character":3}},"children":[]},{"name":"<func@429:3>","kind":12,"range":{"start":{"line":428,"character":2},"end":{"line":430,"character":3}},"selectionRange":{"start":{"line":428,"character":2},"end":{"line":430,"character":3}}}]}],"id":1}