{"jsonrpc":"2.0","result":[{"name":"<module@1:1>","kind":2,"range":{"start":{"line":0,"character":0},"end":{"line":6,"character":1}},"selectionRange":{"start":{"line":0,"character":0},"end":{"line":6,"character":1}},"children":[{"name":"<func@2:3>","kind":12,"range":{"start":{"line":1,"character":2},"end":{"line":1,"character":66}},"selectionRange":{"start":{"line":1,"character":2},"end":{"line":1,"character":66}},"children":[]},{"name":"<func@3:3>","kind":12,"range":{"start":{"line":2,"character":2},"end":{"line":2,"character":60}},"selectionRange":{"start":{"line":2,"character":2},"end":{"line":2,"character":60}},"children":[]},{"name":"<global@5:3>","kind":24,"range":{"start":{"line":4,"character":2},"end":{"line":4,"character":38}},"selectionRange":{"start":{"line":4,"character":2},"end":{"line":4,"character":38}},"children":[]},{"name":"<global@6:3>","kind":24,"range":{"start":{"line":5,"character":2},"end":{"line":5,"character":34}},"selectionRange":{"start":{"line":5,"character":2},"end":{"line":5,"character":34}}}]}],"id":1}