{"jsonrpc":"2.0","result":[{"name":"<module@3:1>","kind":2,"range":{"start":{"line":2,"character":0},"end":{"line":21,"character":1}},"selectionRange":{"start":{"line":2,"character":0},"end":{"line":21,"character":1}},"children":[{"name":"$t","kind":26,"range":{"start":{"line":3,"character":2},"end":{"line":3,"character":18}},"selectionRange":{"start":{"line":3,"character":8},"end":{"line":3,"character":10}},"children":[]},{"name":"<func@6:3>","kind":12,"range":{"start":{"line":5,"character":2},"end":{"line":20,"character":3}},"selectionRange":{"start":{"line":5,"character":2},"end":{"line":20,"character":3}}}]}],"id":1}