{"jsonrpc":"2.0","result":[{"name":"<module@1:1>","kind":2,"range":{"start":{"line":0,"character":0},"end":{"line":41,"character":1}},"selectionRange":{"start":{"line":0,"character":0},"end":{"line":41,"character":1}},"children":[{"name":"$t","kind":26,"range":{"start":{"line":1,"character":2},"end":{"line":1,"character":18}},"selectionRange":{"start":{"line":1,"character":8},"end":{"line":1,"character":10}},"children":[]},{"name":"$dummy","kind":12,"range":{"start":{"line":2,"character":2},"end":{"line":2,"character":15}},"selectionRange":{"start":{"line":2,"character":8},"end":{"line":2,"character":14}},"children":[]},{"name":"$f1","kind":12,"range":{"start":{"line":4,"character":2},"end":{"line":6,"character":3}},"selectionRange":{"start":{"line":4,"character":8},"end":{"line":4,"character":11}},"children":[]},{"name":"$f2","kind":12,"range":{"start":{"line":7,"character":2},"end":{"line":9,"character":3}},"selectionRange":{"start":{"line":7,"character":8},"end":{"line":7,"character":11}},"children":[]},{"name":"$f3","kind":12,"range":{"start":{"line":10,"character":2},"end":{"line":12,"character":3}},"selectionRange":{"start":{"line":10,"character":8},"end":{"line":10,"character":11}},"children":[]},{"name":"$f3'","kind":12,"range":{"start":{"line":13,"character":2},"end":{"line":15,"character":3}},"selectionRange":{"start":{"line":13,"character":8},"end":{"line":13,"character":12}},"children":[]},{"name":"$t1","kind":11,"range":{"start":{"line":17,"character":2},"end":{"line":17,"character":23}},"selectionRange":{"start":{"line":17,"character":9},"end":{"line":17,"character":12}},"children":[]},{"name":"$t2","kind":11,"range":{"start":{"line":18,"character":2},"end":{"line":18,"character":25}},"selectionRange":{"start":{"line":18,"character":9},"end":{"line":18,"character":12}},"children":[]},{"name":"$t3","kind":11,"range":{"start":{"line":19,"character":2},"end":{"line":19,"character":29}},"selectionRange":{"start":{"line":19,"character":9},"end":{"line":19,"character":12}},"children":[]},{"name":"<elem@21:3>","kind":8,"range":{"start":{"line":20,"character":2},"end":{"line":20,"character":46}},"selectionRange":{"start":{"line":20,"character":2},"end":{"line":20,"character":46}},"children":[]},{"name":"<elem@22:3>","kind":8,"range":{"start":{"line":21,"character":2},"end":{"line":21,"character":61}},"selectionRange":{"start":{"line":21,"character":2},"end":{"line":21,"character":61}},"children":[]},{"name":"<func@24:3>","kind":12,"range":{"start":{"line":23,"character":2},"end":{"line":25,"character":3}},"selectionRange":{"start":{"line":23,"character":2},"end":{"line":25,"character":3}},"children":[]},{"name":"<func@27:3>","kind":12,"range":{"start":{"line":26,"character":2},"end":{"line":30,"character":3}},"selectionRange":{"start":{"line":26,"character":2},"end":{"line":30,"character":3}},"children":[]},{"name":"<func@33:3>","kind":12,"range":{"start":{"line":32,"character":2},"end":{"line":34,"character":3}},"selectionRange":{"start":{"line":32,"character":2},"end":{"line":34,"character":3}},"children":[]},{"name":"<func@36:3>","kind":12,"range":{"start":{"line":35,"character":2},"end":{"line":37,"character":3}},"selectionRange":{"start":{"line":35,"character":2},"end":{"line":37,"character":3}},"children":[]},{"name":"<func@39:3>","kind":12,"range":{"start":{"line":38,"character":2},"end":{"line":40,"character":3}},"selectionRange":{"start":{"line":38,"character":2},"end":{"line":40,"character":3}},"children":[]}]},{"name":"<module@71:1>","kind":2,"range":{"start":{"line":70,"character":0},"end":{"line":75,"character":1}},"selectionRange":{"start":{"line":70,"character":0},"end":{"line":75,"character":1}},"children":[{"name":"$t","kind":26,"range":{"start":{"line":71,"character":2},"end":{"line":71,"character":18}},"selectionRange":{"start":{"line":71,"character":8},"end":{"line":71,"character":10}},"children":[]},{"name":"<func@73:3>","kind":12,"range":{"start":{"line":72,"character":2},"end":{"line":72,"character":64}},"selectionRange":{"start":{"line":72,"character":2},"end":{"line":72,"character":64}},"children":[]},{"name":"<func@74:3>","kind":12,"range":{"start":{"line":73,"character":2},"end":{"line":73,"character":66}},"selectionRange":{"start":{"line":73,"character":2},"end":{"line":73,"character":66}},"children":[]},{"name":"<func@75:3>","kind":12,"range":{"start":{"line":74,"character":2},"end":{"line":74,"character":68}},"selectionRange":{"start":{"line":74,"character":2},"end":{"line":74,"character":68}}}]}],"id":1}