{"jsonrpc":"2.0","result":[{"name":"<module@3:1>","kind":2,"range":{"start":{"line":2,"character":0},"end":{"line":165,"character":1}},"selectionRange":{"start":{"line":2,"character":0},"end":{"line":165,"character":1}},"children":[{"name":"$proc","kind":26,"range":{"start":{"line":4,"character":2},"end":{"line":4,"character":21}},"selectionRange":{"start":{"line":4,"character":8},"end":{"line":4,"character":13}},"children":[]},{"name":"$-i32","kind":26,"range":{"start":{"line":5,"character":2},"end":{"line":5,"character":34}},"selectionRange":{"start":{"line":5,"character":8},"end":{"line":5,"character":13}},"children":[]},{"name":"$-i64","kind":26,"range":{"start":{"line":6,"character":2},"end":{"line":6,"character":34}},"selectionRange":{"start":{"line":6,"character":8},"end":{"line":6,"character":13}},"children":[]},{"name":"$-f32","kind":26,"range":{"start":{"line":7,"character":2},"end":{"line":7,"character":34}},"selectionRange":{"start":{"line":7,"character":8},"end":{"line":7,"character":13}},"children":[]},{"name":"$-f64","kind":26,"range":{"start":{"line":8,"character":2},"end":{"line":8,"character":34}},"selectionRange":{"start":{"line":8,"character":8},"end":{"line":8,"character":13}},"children":[]},{"name":"$i32-i32","kind":26,"range":{"start":{"line":10,"character":2},"end":{"line":10,"character":49}},"selectionRange":{"start":{"line":10,"character":8},"end":{"line":10,"character":16}},"children":[]},{"name":"$i64-i64","kind":26,"range":{"start":{"line":11,"character":2},"end":{"line":11,"character":49}},"selectionRange":{"start":{"line":11,"character":8},"end":{"line":11,"character":16}},"children":[]},{"name":"$f32-f32","kind":26,"range":{"start":{"line":12,"character":2},"end":{"line":12,"character":49}},"selectionRange":{"start":{"line":12,"character":8},"end":{"line":12,"character":16}},"children":[]},{"name":"$f64-f64","kind":26,"range":{"start":{"line":13,"character":2},"end":{"line":13,"character":49}},"selectionRange":{"start":{"line":13,"character":8},"end":{"line":13,"character":16}},"children":[]},{"name":"$f32-i32","kind":26,"range":{"start":{"line":15,"character":2},"end":{"line":15,"character":53}},"selectionRange":{"start":{"line":15,"character":8},"end":{"line":15,"character":16}},"children":[]},{"name":"$i32-i64","kind":26,"range":{"start":{"line":16,"character":2},"end":{"line":16,"character":53}},"selectionRange":{"start":{"line":16,"character":8},"end":{"line":16,"character":16}},"children":[]},{"name":"$f64-f32","kind":26,"range":{"start":{"line":17,"character":2},"end":{"line":17,"character":53}},"selectionRange":{"start":{"line":17,"character":8},"end":{"line":17,"character":16}},"children":[]},{"name":"$i64-f64","kind":26,"range":{"start":{"line":18,"character":2},"end":{"line":18,"character":53}},"selectionRange":{"start":{"line":18,"character":8},"end":{"line":18,"character":16}},"children":[]},{"name":"$i64i64-i64","kind":26,"range":{"start":{"line":20,"character":2},"end":{"line":20,"character":56}},"selectionRange":{"start":{"line":20,"character":8},"end":{"line":20,"character":19}},"children":[]},{"name":"$const-i32","kind":12,"range":{"start":{"line":22,"character":2},"end":{"line":22,"character":50}},"selectionRange":{"start":{"line":22,"character":8},"end":{"line":22,"character":18}},"children":[]},{"name":"$const-i64","kind":12,"range":{"start":{"line":23,"character":2},"end":{"line":23,"character":50}},"selectionRange":{"start":{"line":23,"character":8},"end":{"line":23,"character":18}},"children":[]},{"name":"$const-f32","kind":12,"range":{"start":{"line":24,"character":2},"end":{"line":24,"character":50}},"selectionRange":{"start":{"line":24,"character":8},"end":{"line":24,"character":18}},"children":[]},{"name":"$const-f64","kind":12,"range":{"start":{"line":25,"character":2},"end":{"line":25,"character":50}},"selectionRange":{"start":{"line":25,"character":8},"end":{"line":25,"character":18}},"children":[]},{"name":"$id-i32","kind":12,"range":{"start":{"line":27,"character":2},"end":{"line":27,"character":55}},"selectionRange":{"start":{"line":27,"character":8},"end":{"line":27,"character":15}},"children":[]},{"name":"$id-i64","kind":12,"range":{"start":{"line":28,"character":2},"end":{"line":28,"character":55}},"selectionRange":{"start":{"line":28,"character":8},"end":{"line":28,"character":15}},"children":[]},{"name":"$id-f32","kind":12,"range":{"start":{"line":29,"character":2},"end":{"line":29,"character":55}},"selectionRange":{"start":{"line":29,"character":8},"end":{"line":29,"character":15}},"children":[]},{"name":"$id-f64","kind":12,"range":{"start":{"line":30,"character":2},"end":{"line":30,"character":55}},"selectionRange":{"start":{"line":30,"character":8},"end":{"line":30,"character":15}},"children":[]},{"name":"$f32-i32","kind":12,"range":{"start":{"line":32,"character":2},"end":{"line":32,"character":60}},"selectionRange":{"start":{"line":32,"character":8},"end":{"line":32,"character":16}},"children":[]},{"name":"$i32-i64","kind":12,"range":{"start":{"line":33,"character":2},"end":{"line":33,"character":60}},"selectionRange":{"start":{"line":33,"character":8},"end":{"line":33,"character":16}},"children":[]},{"name":"$f64-f32","kind":12,"range":{"start":{"line":34,"character":2},"end":{"line":34,"character":60}},"selectionRange":{"start":{"line":34,"character":8},"end":{"line":34,"character":16}},"children":[]},{"name":"$i64-f64","kind":12,"range":{"start":{"line":35,"character":2},"end":{"line":35,"character":60}},"selectionRange":{"start":{"line":35,"character":8},"end":{"line":35,"character":16}},"children":[]},{"name":"$const-i32","kind":24,"range":{"start":{"line":37,"character":2},"end":{"line":37,"character":55}},"selectionRange":{"start":{"line":37,"character":10},"end":{"line":37,"character":20}},"children":[]},{"name":"$const-i64","kind":24,"range":{"start":{"line":38,"character":2},"end":{"line":38,"character":55}},"selectionRange":{"start":{"line":38,"character":10},"end":{"line":38,"character":20}},"children":[]},{"name":"$const-f32","kind":24,"range":{"start":{"line":39,"character":2},"end":{"line":39,"character":55}},"selectionRange":{"start":{"line":39,"character":10},"end":{"line":39,"character":20}},"children":[]},{"name":"$const-f64","kind":24,"range":{"start":{"line":40,"character":2},"end":{"line":40,"character":55}},"selectionRange":{"start":{"line":40,"character":10},"end":{"line":40,"character":20}},"children":[]},{"name":"$id-i32","kind":24,"range":{"start":{"line":42,"character":2},"end":{"line":42,"character":52}},"selectionRange":{"start":{"line":42,"character":10},"end":{"line":42,"character":17}},"children":[]},{"name":"$id-i64","kind":24,"range":{"start":{"line":43,"character":2},"end":{"line":43,"character":52}},"selectionRange":{"start":{"line":43,"character":10},"end":{"line":43,"character":17}},"children":[]},{"name":"$id-f32","kind":24,"range":{"start":{"line":44,"character":2},"end":{"line":44,"character":52}},"selectionRange":{"start":{"line":44,"character":10},"end":{"line":44,"character":17}},"children":[]},{"name":"$id-f64","kind":24,"range":{"start":{"line":45,"character":2},"end":{"line":45,"character":52}},"selectionRange":{"start":{"line":45,"character":10},"end":{"line":45,"character":17}},"children":[]},{"name":"$f32-i32","kind":24,"range":{"start":{"line":47,"character":2},"end":{"line":47,"character":54}},"selectionRange":{"start":{"line":47,"character":10},"end":{"line":47,"character":18}},"children":[]},{"name":"$i32-i64","kind":24,"range":{"start":{"line":48,"character":2},"end":{"line":48,"character":54}},"selectionRange":{"start":{"line":48,"character":10},"end":{"line":48,"character":18}},"children":[]},{"name":"$f64-f32","kind":24,"range":{"start":{"line":49,"character":2},"end":{"line":49,"character":54}},"selectionRange":{"start":{"line":49,"character":10},"end":{"line":49,"character":18}},"children":[]},{"name":"$i64-f64","kind":24,"range":{"start":{"line":50,"character":2},"end":{"line":50,"character":54}},"selectionRange":{"start":{"line":50,"character":10},"end":{"line":50,"character":18}},"children":[]},{"name":"<elem@53:3>","kind":8,"range":{"start":{"line":52,"character":2},"end":{"line":56,"character":3}},"selectionRange":{"start":{"line":52,"character":2},"end":{"line":56,"character":3}},"children":[]},{"name":"<func@61:3>","kind":12,"range":{"start":{"line":60,"character":2},"end":{"line":62,"character":3}},"selectionRange":{"start":{"line":60,"character":2},"end":{"line":62,"character":3}},"children":[]},{"name":"<func@64:3>","kind":12,"range":{"start":{"line":63,"character":2},"end":{"line":65,"character":3}},"selectionRange":{"start":{"line":63,"character":2},"end":{"line":65,"character":3}},"children":[]},{"name":"<func@67:3>","kind":12,"range":{"start":{"line":66,"character":2},"end":{"line":68,"character":3}},"selectionRange":{"start":{"line":66,"character":2},"end":{"line":68,"character":3}},"children":[]},{"name":"<func@70:3>","kind":12,"range":{"start":{"line":69,"character":2},"end":{"line":71,"character":3}},"selectionRange":{"start":{"line":69,"character":2},"end":{"line":71,"character":3}},"children":[]},{"name":"<func@74:3>","kind":12,"range":{"start":{"line":73,"character":2},"end":{"line":75,"character":3}},"selectionRange":{"start":{"line":73,"character":2},"end":{"line":75,"character":3}},"children":[]},{"name":"<func@77:3>","kind":12,"range":{"start":{"line":76,"character":2},"end":{"line":78,"character":3}},"selectionRange":{"start":{"line":76,"character":2},"end":{"line":78,"character":3}},"children":[]},{"name":"<func@80:3>","kind":12,"range":{"start":{"line":79,"character":2},"end":{"line":81,"character":3}},"selectionRange":{"start":{"line":79,"character":2},"end":{"line":81,"character":3}},"children":[]},{"name":"<func@83:3>","kind":12,"range":{"start":{"line":82,"character":2},"end":{"line":84,"character":3}},"selectionRange":{"start":{"line":82,"character":2},"end":{"line":84,"character":3}},"children":[]},{"name":"<func@87:3>","kind":12,"range":{"start":{"line":86,"character":2},"end":{"line":88,"character":3}},"selectionRange":{"start":{"line":86,"character":2},"end":{"line":88,"character":3}},"children":[]},{"name":"<func@90:3>","kind":12,"range":{"start":{"line":89,"character":2},"end":{"line":91,"character":3}},"selectionRange":{"start":{"line":89,"character":2},"end":{"line":91,"character":3}},"children":[]},{"name":"<func@93:3>","kind":12,"range":{"start":{"line":92,"character":2},"end":{"line":94,"character":3}},"selectionRange":{"start":{"line":92,"character":2},"end":{"line":94,"character":3}},"children":[]},{"name":"<func@96:3>","kind":12,"range":{"start":{"line":95,"character":2},"end":{"line":97,"character":3}},"selectionRange":{"start":{"line":95,"character":2},"end":{"line":97,"character":3}},"children":[]},{"name":"<func@102:3>","kind":12,"range":{"start":{"line":101,"character":2},"end":{"line":103,"character":3}},"selectionRange":{"start":{"line":101,"character":2},"end":{"line":103,"character":3}},"children":[]},{"name":"$fac-acc","kind":24,"range":{"start":{"line":107,"character":2},"end":{"line":107,"character":57}},"selectionRange":{"start":{"line":107,"character":10},"end":{"line":107,"character":18}},"children":[]},{"name":"<elem@110:3>","kind":8,"range":{"start":{"line":109,"character":2},"end":{"line":109,"character":30}},"selectionRange":{"start":{"line":109,"character":2},"end":{"line":109,"character":30}},"children":[]},{"name":"$fac-acc","kind":12,"range":{"start":{"line":110,"character":2},"end":{"line":121,"character":3}},"selectionRange":{"start":{"line":110,"character":8},"end":{"line":110,"character":16}},"children":[]},{"name":"$count","kind":24,"range":{"start":{"line":123,"character":2},"end":{"line":123,"character":50}},"selectionRange":{"start":{"line":123,"character":10},"end":{"line":123,"character":16}},"children":[]},{"name":"<elem@126:3>","kind":8,"range":{"start":{"line":125,"character":2},"end":{"line":125,"character":28}},"selectionRange":{"start":{"line":125,"character":2},"end":{"line":125,"character":28}},"children":[]},{"name":"$count","kind":12,"range":{"start":{"line":126,"character":2},"end":{"line":136,"character":3}},"selectionRange":{"start":{"line":126,"character":8},"end":{"line":126,"character":14}},"children":[]},{"name":"$even","kind":24,"range":{"start":{"line":138,"character":2},"end":{"line":138,"character":48}},"selectionRange":{"start":{"line":138,"character":10},"end":{"line":138,"character":15}},"children":[]},{"name":"$odd","kind":24,"range":{"start":{"line":139,"character":2},"end":{"line":139,"character":46}},"selectionRange":{"start":{"line":139,"character":10},"end":{"line":139,"character":14}},"children":[]},{"name":"<elem@142:3>","kind":8,"range":{"start":{"line":141,"character":2},"end":{"line":141,"character":27}},"selectionRange":{"start":{"line":141,"character":2},"end":{"line":141,"character":27}},"children":[]},{"name":"$even","kind":12,"range":{"start":{"line":142,"character":2},"end":{"line":152,"character":3}},"selectionRange":{"start":{"line":142,"character":8},"end":{"line":142,"character":13}},"children":[]},{"name":"<elem@154:3>","kind":8,"range":{"start":{"line":153,"character":2},"end":{"line":153,"character":26}},"selectionRange":{"start":{"line":153,"character":2},"end":{"line":153,"character":26}},"children":[]},{"name":"$odd","kind":12,"range":{"start":{"line":154,"character":2},"end":{"line":164,"character":3}},"selectionRange":{"start":{"line":154,"character":8},"end":{"line":154,"character":12}},"children":[]}]},{"name":"<module@213:1>","kind":2,"range":{"start":{"line":212,"character":0},"end":{"line":224,"character":1}},"selectionRange":{"start":{"line":212,"character":0},"end":{"line":224,"character":1}},"children":[{"name":"$t","kind":26,"range":{"start":{"line":213,"character":2},"end":{"line":213,"character":18}},"selectionRange":{"start":{"line":213,"character":8},"end":{"line":213,"character":10}},"children":[]},{"name":"<elem@215:3>","kind":8,"range":{"start":{"line":214,"character":2},"end":{"line":214,"character":41}},"selectionRange":{"start":{"line":214,"character":2},"end":{"line":214,"character":41}},"children":[]},{"name":"$f11","kind":12,"range":{"start":{"line":215,"character":2},"end":{"line":215,"character":65}},"selectionRange":{"start":{"line":215,"character":8},"end":{"line":215,"character":12}},"children":[]},{"name":"$f21","kind":12,"range":{"start":{"line":216,"character":2},"end":{"line":216,"character":70}},"selectionRange":{"start":{"line":216,"character":8},"end":{"line":216,"character":12}},"children":[]},{"name":"$f22","kind":12,"range":{"start":{"line":217,"character":2},"end":{"line":217,"character":70}},"selectionRange":{"start":{"line":217,"character":8},"end":{"line":217,"character":12}},"children":[]},{"name":"$f31","kind":12,"range":{"start":{"line":218,"character":2},"end":{"line":218,"character":67}},"selectionRange":{"start":{"line":218,"character":8},"end":{"line":218,"character":12}},"children":[]},{"name":"$f33","kind":12,"range":{"start":{"line":219,"character":2},"end":{"line":219,"character":67}},"selectionRange":{"start":{"line":219,"character":8},"end":{"line":219,"character":12}},"children":[]},{"name":"$f41","kind":12,"range":{"start":{"line":220,"character":2},"end":{"line":220,"character":72}},"selectionRange":{"start":{"line":220,"character":8},"end":{"line":220,"character":12}},"children":[]},{"name":"$f42","kind":12,"range":{"start":{"line":221,"character":2},"end":{"line":221,"character":72}},"selectionRange":{"start":{"line":221,"character":8},"end":{"line":221,"character":12}},"children":[]},{"name":"$f43","kind":12,"range":{"start":{"line":222,"character":2},"end":{"line":222,"character":72}},"selectionRange":{"start":{"line":222,"character":8},"end":{"line":222,"character":12}},"children":[]},{"name":"$f44","kind":12,"range":{"start":{"line":223,"character":2},"end":{"line":223,"character":72}},"selectionRange":{"start":{"line":223,"character":8},"end":{"line":223,"character":12}},"children":[]}]},{"name":"<module@289:1>","kind":2,"range":{"start":{"line":288,"character":0},"end":{"line":293,"character":1}},"selectionRange":{"start":{"line":288,"character":0},"end":{"line":293,"character":1}},"children":[{"name":"<func@290:3>","kind":12,"range":{"start":{"line":289,"character":2},"end":{"line":292,"character":3}},"selectionRange":{"start":{"line":289,"character":2},"end":{"line":292,"character":3}},"children":[]}]},{"name":"<module@297:1>","kind":2,"range":{"start":{"line":296,"character":0},"end":{"line":305,"character":1}},"selectionRange":{"start":{"line":296,"character":0},"end":{"line":305,"character":1}},"children":[{"name":"<elem@298:3>","kind":8,"range":{"start":{"line":297,"character":2},"end":{"line":297,"character":24}},"selectionRange":{"start":{"line":297,"character":2},"end":{"line":297,"character":24}},"children":[]},{"name":"$f","kind":12,"range":{"start":{"line":298,"character":2},"end":{"line":298,"character":50}},"selectionRange":{"start":{"line":298,"character":8},"end":{"line":298,"character":10}},"children":[]},{"name":"<func@301:3>","kind":12,"range":{"start":{"line":300,"character":2},"end":{"line":304,"character":3}},"selectionRange":{"start":{"line":300,"character":2},"end":{"line":304,"character":3}},"children":[]}]},{"name":"<module@309:1>","kind":2,"range":{"start":{"line":308,"character":0},"end":{"line":319,"character":1}},"selectionRange":{"start":{"line":308,"character":0},"end":{"line":319,"character":1}},"children":[{"name":"<elem@310:3>","kind":8,"range":{"start":{"line":309,"character":2},"end":{"line":309,"character":24}},"selectionRange":{"start":{"line":309,"character":2},"end":{"line":309,"character":24}},"children":[]},{"name":"$f","kind":12,"range":{"start":{"line":310,"character":2},"end":{"line":310,"character":50}},"selectionRange":{"start":{"line":310,"character":8},"end":{"line":310,"character":10}},"children":[]},{"name":"<func@313:3>","kind":12,"range":{"start":{"line":312,"character":2},"end":{"line":318,"character":3}},"selectionRange":{"start":{"line":312,"character":2},"end":{"line":318,"character":3}}}]}],"id":1}