{"jsonrpc":"2.0","result":[{"name":"<module@1:1>","kind":2,"range":{"start":{"line":0,"character":0},"end":{"line":143,"character":1}},"selectionRange":{"start":{"line":0,"character":0},"end":{"line":143,"character":1}},"children":[{"name":"<func@2:3>","kind":12,"range":{"start":{"line":1,"character":2},"end":{"line":20,"character":3}},"selectionRange":{"start":{"line":1,"character":2},"end":{"line":20,"character":3}},"children":[]},{"name":"<func@23:3>","kind":12,"range":{"start":{"line":22,"character":2},"end":{"line":51,"character":3}},"selectionRange":{"start":{"line":22,"character":2},"end":{"line":51,"character":3}},"children":[]},{"name":"<func@54:3>","kind":12,"range":{"start":{"line":53,"character":2},"end":{"line":81,"character":3}},"selectionRange":{"start":{"line":53,"character":2},"end":{"line":81,"character":3}},"children":[]},{"name":"<func@84:3>","kind":12,"range":{"start":{"line":83,"character":2},"end":{"line":104,"character":3}},"selectionRange":{"start":{"line":83,"character":2},"end":{"line":104,"character":3}},"children":[]},{"name":"<func@107:3>","kind":12,"range":{"start":{"line":106,"character":2},"end":{"line":126,"character":3}},"selectionRange":{"start":{"line":106,"character":2},"end":{"line":126,"character":3}},"children":[]},{"name":"$temp","kind":24,"range":{"start":{"line":128,"character":2},"end":{"line":128,"character":40}},"selectionRange":{"start":{"line":128,"character":10},"end":{"line":128,"character":15}},"children":[]},{"name":"$add_one_to_global","kind":12,"range":{"start":{"line":129,"character":2},"end":{"line":133,"character":3}},"selectionRange":{"start":{"line":129,"character":8},"end":{"line":129,"character":26}},"children":[]},{"name":"$add_one_to_global_and_drop","kind":12,"range":{"start":{"line":134,"character":2},"end":{"line":136,"character":3}},"selectionRange":{"start":{"line":134,"character":8},"end":{"line":134,"character":35}},"children":[]},{"name":"<func@138:3>","kind":12,"range":{"start":{"line":137,"character":2},"end":{"line":142,"character":3}},"selectionRange":{"start":{"line":137,"character":2},"end":{"line":142,"character":3}},"children":[]}]},{"name":"<module@156:1>","kind":2,"range":{"start":{"line":155,"character":0},"end":{"line":238,"character":1}},"selectionRange":{"start":{"line":155,"character":0},"end":{"line":238,"character":1}},"children":[{"name":"$proc","kind":26,"range":{"start":{"line":156,"character":2},"end":{"line":156,"character":21}},"selectionRange":{"start":{"line":156,"character":8},"end":{"line":156,"character":13}},"children":[]},{"name":"<table@158:3>","kind":11,"range":{"start":{"line":157,"character":2},"end":{"line":157,"character":19}},"selectionRange":{"start":{"line":157,"character":2},"end":{"line":157,"character":19}},"children":[]},{"name":"<func@160:3>","kind":12,"range":{"start":{"line":159,"character":2},"end":{"line":237,"character":3}},"selectionRange":{"start":{"line":159,"character":2},"end":{"line":237,"character":3}}}]}],"id":1}