{"jsonrpc":"2.0","result":[{"name":"<module@1:1>","kind":2,"range":{"start":{"line":0,"character":0},"end":{"line":10,"character":1}},"selectionRange":{"start":{"line":0,"character":0},"end":{"line":10,"character":1}},"children":[{"name":"$t","kind":11,"range":{"start":{"line":1,"character":2},"end":{"line":1,"character":25}},"selectionRange":{"start":{"line":1,"character":9},"end":{"line":1,"character":11}},"children":[]},{"name":"<func@4:3>","kind":12,"range":{"start":{"line":3,"character":2},"end":{"line":5,"character":3}},"selectionRange":{"start":{"line":3,"character":2},"end":{"line":5,"character":3}},"children":[]},{"name":"<func@8:3>","kind":12,"range":{"start":{"line":7,"character":2},"end":{"line":9,"character":3}},"selectionRange":{"start":{"line":7,"character":2},"end":{"line":9,"character":3}}}]}],"id":1}