{"jsonrpc":"2.0","result":[{"name":"<module@3:1>","kind":2,"range":{"start":{"line":2,"character":0},"end":{"line":2,"character":26}},"selectionRange":{"start":{"line":2,"character":0},"end":{"line":2,"character":26}},"children":[{"name":"<table@3:9>","kind":11,"range":{"start":{"line":2,"character":8},"end":{"line":2,"character":25}},"selectionRange":{"start":{"line":2,"character":8},"end":{"line":2,"character":25}},"children":[]}]},{"name":"<module@4:1>","kind":2,"range":{"start":{"line":3,"character":0},"end":{"line":3,"character":26}},"selectionRange":{"start":{"line":3,"character":0},"end":{"line":3,"character":26}},"children":[{"name":"<table@4:9>","kind":11,"range":{"start":{"line":3,"character":8},"end":{"line":3,"character":25}},"selectionRange":{"start":{"line":3,"character":8},"end":{"line":3,"character":25}},"children":[]}]},{"name":"<module@5:1>","kind":2,"range":{"start":{"line":4,"character":0},"end":{"line":4,"character":28}},"selectionRange":{"start":{"line":4,"character":0},"end":{"line":4,"character":28}},"children":[{"name":"<table@5:9>","kind":11,"range":{"start":{"line":4,"character":8},"end":{"line":4,"character":27}},"selectionRange":{"start":{"line":4,"character":8},"end":{"line":4,"character":27}},"children":[]}]},{"name":"<module@6:1>","kind":2,"range":{"start":{"line":5,"character":0},"end":{"line":5,"character":28}},"selectionRange":{"start":{"line":5,"character":0},"end":{"line":5,"character":28}},"children":[{"name":"<table@6:9>","kind":11,"range":{"start":{"line":5,"character":8},"end":{"line":5,"character":27}},"selectionRange":{"start":{"line":5,"character":8},"end":{"line":5,"character":27}},"children":[]}]},{"name":"<module@7:1>","kind":2,"range":{"start":{"line":6,"character":0},"end":{"line":6,"character":30}},"selectionRange":{"start":{"line":6,"character":0},"end":{"line":6,"character":30}},"children":[{"name":"<table@7:9>","kind":11,"range":{"start":{"line":6,"character":8},"end":{"line":6,"character":29}},"selectionRange":{"start":{"line":6,"character":8},"end":{"line":6,"character":29}},"children":[]}]},{"name":"<module@8:1>","kind":2,"range":{"start":{"line":7,"character":0},"end":{"line":7,"character":32}},"selectionRange":{"start":{"line":7,"character":0},"end":{"line":7,"character":32}},"children":[{"name":"<table@8:9>","kind":11,"range":{"start":{"line":7,"character":8},"end":{"line":7,"character":31}},"selectionRange":{"start":{"line":7,"character":8},"end":{"line":7,"character":31}},"children":[]}]},{"name":"<module@9:1>","kind":2,"range":{"start":{"line":8,"character":0},"end":{"line":8,"character":38}},"selectionRange":{"start":{"line":8,"character":0},"end":{"line":8,"character":38}},"children":[{"name":"<table@9:9>","kind":11,"range":{"start":{"line":8,"character":8},"end":{"line":8,"character":37}},"selectionRange":{"start":{"line":8,"character":8},"end":{"line":8,"character":37}},"children":[]}]},{"name":"<module@11:1>","kind":2,"range":{"start":{"line":10,"character":0},"end":{"line":10,"character":34}},"selectionRange":{"start":{"line":10,"character":0},"end":{"line":10,"character":34}},"children":[{"name":"<table@11:9>","kind":11,"range":{"start":{"line":10,"character":8},"end":{"line":10,"character":33}},"selectionRange":{"start":{"line":10,"character":8},"end":{"line":10,"character":33}},"children":[]}]},{"name":"<module@12:1>","kind":2,"range":{"start":{"line":11,"character":0},"end":{"line":11,"character":36}},"selectionRange":{"start":{"line":11,"character":0},"end":{"line":11,"character":36}},"children":[{"name":"<table@12:9>","kind":11,"range":{"start":{"line":11,"character":8},"end":{"line":11,"character":35}},"selectionRange":{"start":{"line":11,"character":8},"end":{"line":11,"character":35}},"children":[]}]},{"name":"<module@13:1>","kind":2,"range":{"start":{"line":12,"character":0},"end":{"line":12,"character":49}},"selectionRange":{"start":{"line":12,"character":0},"end":{"line":12,"character":49}},"children":[{"name":"<table@13:9>","kind":11,"range":{"start":{"line":12,"character":8},"end":{"line":12,"character":31}},"selectionRange":{"start":{"line":12,"character":8},"end":{"line":12,"character":31}},"children":[]},{"name":"$t","kind":26,"range":{"start":{"line":12,"character":32},"end":{"line":12,"character":48}},"selectionRange":{"start":{"line":12,"character":38},"end":{"line":12,"character":40}},"children":[]}]},{"name":"<module@15:1>","kind":2,"range":{"start":{"line":14,"character":0},"end":{"line":14,"character":44}},"selectionRange":{"start":{"line":14,"character":0},"end":{"line":14,"character":44}},"children":[{"name":"<table@15:9>","kind":11,"range":{"start":{"line":14,"character":8},"end":{"line":14,"character":25}},"selectionRange":{"start":{"line":14,"character":8},"end":{"line":14,"character":25}},"children":[]},{"name":"<table@15:27>","kind":11,"range":{"start":{"line":14,"character":26},"end":{"line":14,"character":43}},"selectionRange":{"start":{"line":14,"character":26},"end":{"line":14,"character":43}},"children":[]}]},{"name":"<module@16:1>","kind":2,"range":{"start":{"line":15,"character":0},"end":{"line":15,"character":72}},"selectionRange":{"start":{"line":15,"character":0},"end":{"line":15,"character":72}},"children":[{"name":"<table@16:9>","kind":11,"range":{"start":{"line":15,"character":8},"end":{"line":15,"character":53}},"selectionRange":{"start":{"line":15,"character":8},"end":{"line":15,"character":53}},"children":[]},{"name":"<table@16:55>","kind":11,"range":{"start":{"line":15,"character":54},"end":{"line":15,"character":71}},"selectionRange":{"start":{"line":15,"character":54},"end":{"line":15,"character":71}}}]}],"id":1}