{"jsonrpc":"2.0","result":[{"name":"<module@1:1>","kind":2,"range":{"start":{"line":0,"character":0},"end":{"line":10,"character":1}},"selectionRange":{"start":{"line":0,"character":0},"end":{"line":10,"character":1}},"children":[{"name":"$t","kind":11,"range":{"start":{"line":1,"character":2},"end":{"line":1,"character":24}},"selectionRange":{"start":{"line":1,"character":9},"end":{"line":1,"character":11}},"children":[]},{"name":"<func@4:3>","kind":12,"range":{"start":{"line":3,"character":2},"end":{"line":3,"character":87}},"selectionRange":{"start":{"line":3,"character":2},"end":{"line":3,"character":87}},"children":[]},{"name":"<func@5:3>","kind":12,"range":{"start":{"line":4,"character":2},"end":{"line":4,"character":104}},"selectionRange":{"start":{"line":4,"character":2},"end":{"line":4,"character":104}},"children":[]},{"name":"<func@7:3>","kind":12,"range":{"start":{"line":6,"character":2},"end":{"line":8,"character":3}},"selectionRange":{"start":{"line":6,"character":2},"end":{"line":8,"character":3}},"children":[]},{"name":"<func@10:3>","kind":12,"range":{"start":{"line":9,"character":2},"end":{"line":9,"character":53}},"selectionRange":{"start":{"line":9,"character":2},"end":{"line":9,"character":53}},"children":[]}]},{"name":"<module@39:1>","kind":2,"range":{"start":{"line":38,"character":0},"end":{"line":44,"character":1}},"selectionRange":{"start":{"line":38,"character":0},"end":{"line":44,"character":1}},"children":[{"name":"$t","kind":11,"range":{"start":{"line":39,"character":2},"end":{"line":39,"character":25}},"selectionRange":{"start":{"line":39,"character":9},"end":{"line":39,"character":11}},"children":[]},{"name":"<elem@41:3>","kind":8,"range":{"start":{"line":40,"character":2},"end":{"line":40,"character":24}},"selectionRange":{"start":{"line":40,"character":2},"end":{"line":40,"character":24}},"children":[]},{"name":"$f","kind":12,"range":{"start":{"line":41,"character":2},"end":{"line":43,"character":3}},"selectionRange":{"start":{"line":41,"character":8},"end":{"line":41,"character":10}},"children":[]}]},{"name":"<module@50:1>","kind":2,"range":{"start":{"line":49,"character":0},"end":{"line":54,"character":1}},"selectionRange":{"start":{"line":49,"character":0},"end":{"line":54,"character":1}},"children":[{"name":"$t","kind":11,"range":{"start":{"line":50,"character":2},"end":{"line":50,"character":24}},"selectionRange":{"start":{"line":50,"character":9},"end":{"line":50,"character":11}},"children":[]},{"name":"<func@52:3>","kind":12,"range":{"start":{"line":51,"character":2},"end":{"line":53,"character":3}},"selectionRange":{"start":{"line":51,"character":2},"end":{"line":53,"character":3}},"children":[]}]},{"name":"<module@64:1>","kind":2,"range":{"start":{"line":63,"character":0},"end":{"line":68,"character":1}},"selectionRange":{"start":{"line":63,"character":0},"end":{"line":68,"character":1}},"children":[{"name":"$t","kind":11,"range":{"start":{"line":64,"character":2},"end":{"line":64,"character":27}},"selectionRange":{"start":{"line":64,"character":9},"end":{"line":64,"character":11}},"children":[]},{"name":"<func@66:3>","kind":12,"range":{"start":{"line":65,"character":2},"end":{"line":67,"character":3}},"selectionRange":{"start":{"line":65,"character":2},"end":{"line":67,"character":3}},"children":[]}]},{"name":"<module@81:1>","kind":2,"range":{"start":{"line":80,"character":0},"end":{"line":100,"character":1}},"selectionRange":{"start":{"line":80,"character":0},"end":{"line":100,"character":1}},"children":[{"name":"$t","kind":11,"range":{"start":{"line":81,"character":2},"end":{"line":81,"character":23}},"selectionRange":{"start":{"line":81,"character":9},"end":{"line":81,"character":11}},"children":[]},{"name":"<func@83:3>","kind":12,"range":{"start":{"line":82,"character":2},"end":{"line":84,"character":3}},"selectionRange":{"start":{"line":82,"character":2},"end":{"line":84,"character":3}},"children":[]},{"name":"<elem@86:3>","kind":8,"range":{"start":{"line":85,"character":2},"end":{"line":85,"character":23}},"selectionRange":{"start":{"line":85,"character":2},"end":{"line":85,"character":23}},"children":[]},{"name":"<func@87:3>","kind":12,"range":{"start":{"line":86,"character":2},"end":{"line":99,"character":3}},"selectionRange":{"start":{"line":86,"character":2},"end":{"line":99,"character":3}}}]}],"id":1}