{"jsonrpc":"2.0","result":[{"name":"<module@1:1>","kind":2,"range":{"start":{"line":0,"character":0},"end":{"line":9,"character":1}},"selectionRange":{"start":{"line":0,"character":0},"end":{"line":9,"character":1}},"children":[{"name":"$t","kind":26,"range":{"start":{"line":1,"character":2},"end":{"line":1,"character":18}},"selectionRange":{"start":{"line":1,"character":8},"end":{"line":1,"character":10}},"children":[]},{"name":"$t1","kind":11,"range":{"start":{"line":2,"character":2},"end":{"line":2,"character":32}},"selectionRange":{"start":{"line":2,"character":9},"end":{"line":2,"character":12}},"children":[]},{"name":"$t2","kind":11,"range":{"start":{"line":3,"character":2},"end":{"line":3,"character":30}},"selectionRange":{"start":{"line":3,"character":9},"end":{"line":3,"character":12}},"children":[]},{"name":"<elem@5:3>","kind":8,"range":{"start":{"line":4,"character":2},"end":{"line":4,"character":20}},"selectionRange":{"start":{"line":4,"character":2},"end":{"line":4,"character":20}},"children":[]},{"name":"$f","kind":12,"range":{"start":{"line":5,"character":2},"end":{"line":8,"character":3}},"selectionRange":{"start":{"line":5,"character":8},"end":{"line":5,"character":10}}}]}],"id":1}