{"jsonrpc":"2.0","result":[{"name":"<module@3:1>","kind":2,"range":{"start":{"line":2,"character":0},"end":{"line":369,"character":1}},"selectionRange":{"start":{"line":2,"character":0},"end":{"line":369,"character":1}},"children":[{"name":"$dummy","kind":12,"range":{"start":{"line":3,"character":2},"end":{"line":3,"character":15}},"selectionRange":{"start":{"line":3,"character":8},"end":{"line":3,"character":14}},"children":[]},{"name":"<func@6:3>","kind":12,"range":{"start":{"line":5,"character":2},"end":{"line":7,"character":3}},"selectionRange":{"start":{"line":5,"character":2},"end":{"line":7,"character":3}},"children":[]},{"name":"<func@9:3>","kind":12,"range":{"start":{"line":8,"character":2},"end":{"line":10,"character":3}},"selectionRange":{"start":{"line":8,"character":2},"end":{"line":10,"character":3}},"children":[]},{"name":"<func@12:3>","kind":12,"range":{"start":{"line":11,"character":2},"end":{"line":13,"character":3}},"selectionRange":{"start":{"line":11,"character":2},"end":{"line":13,"character":3}},"children":[]},{"name":"<func@15:3>","kind":12,"range":{"start":{"line":14,"character":2},"end":{"line":16,"character":3}},"selectionRange":{"start":{"line":14,"character":2},"end":{"line":16,"character":3}},"children":[]},{"name":"<func@19:3>","kind":12,"range":{"start":{"line":18,"character":2},"end":{"line":20,"character":3}},"selectionRange":{"start":{"line":18,"character":2},"end":{"line":20,"character":3}},"children":[]},{"name":"<func@22:3>","kind":12,"range":{"start":{"line":21,"character":2},"end":{"line":23,"character":3}},"selectionRange":{"start":{"line":21,"character":2},"end":{"line":23,"character":3}},"children":[]},{"name":"<func@25:3>","kind":12,"range":{"start":{"line":24,"character":2},"end":{"line":26,"character":3}},"selectionRange":{"start":{"line":24,"character":2},"end":{"line":26,"character":3}},"children":[]},{"name":"<func@28:3>","kind":12,"range":{"start":{"line":27,"character":2},"end":{"line":29,"character":3}},"selectionRange":{"start":{"line":27,"character":2},"end":{"line":29,"character":3}},"children":[]},{"name":"<func@32:3>","kind":12,"range":{"start":{"line":31,"character":2},"end":{"line":33,"character":3}},"selectionRange":{"start":{"line":31,"character":2},"end":{"line":33,"character":3}},"children":[]},{"name":"<func@35:3>","kind":12,"range":{"start":{"line":34,"character":2},"end":{"line":37,"character":3}},"selectionRange":{"start":{"line":34,"character":2},"end":{"line":37,"character":3}},"children":[]},{"name":"<func@39:3>","kind":12,"range":{"start":{"line":38,"character":2},"end":{"line":40,"character":3}},"selectionRange":{"start":{"line":38,"character":2},"end":{"line":40,"character":3}},"children":[]},{"name":"<func@42:3>","kind":12,"range":{"start":{"line":41,"character":2},"end":{"line":45,"character":3}},"selectionRange":{"start":{"line":41,"character":2},"end":{"line":45,"character":3}},"children":[]},{"name":"<func@47:3>","kind":12,"range":{"start":{"line":46,"character":2},"end":{"line":52,"character":3}},"selectionRange":{"start":{"line":46,"character":2},"end":{"line":52,"character":3}},"children":[]},{"name":"<func@54:3>","kind":12,"range":{"start":{"line":53,"character":2},"end":{"line":57,"character":3}},"selectionRange":{"start":{"line":53,"character":2},"end":{"line":57,"character":3}},"children":[]},{"name":"<func@60:3>","kind":12,"range":{"start":{"line":59,"character":2},"end":{"line":61,"character":3}},"selectionRange":{"start":{"line":59,"character":2},"end":{"line":61,"character":3}},"children":[]},{"name":"<func@63:3>","kind":12,"range":{"start":{"line":62,"character":2},"end":{"line":65,"character":3}},"selectionRange":{"start":{"line":62,"character":2},"end":{"line":65,"character":3}},"children":[]},{"name":"<func@67:3>","kind":12,"range":{"start":{"line":66,"character":2},"end":{"line":68,"character":3}},"selectionRange":{"start":{"line":66,"character":2},"end":{"line":68,"character":3}},"children":[]},{"name":"<func@71:3>","kind":12,"range":{"start":{"line":70,"character":2},"end":{"line":72,"character":3}},"selectionRange":{"start":{"line":70,"character":2},"end":{"line":72,"character":3}},"children":[]},{"name":"<func@75:3>","kind":12,"range":{"start":{"line":74,"character":2},"end":{"line":76,"character":3}},"selectionRange":{"start":{"line":74,"character":2},"end":{"line":76,"character":3}},"children":[]},{"name":"<func@78:3>","kind":12,"range":{"start":{"line":77,"character":2},"end":{"line":82,"character":3}},"selectionRange":{"start":{"line":77,"character":2},"end":{"line":82,"character":3}},"children":[]},{"name":"<func@84:3>","kind":12,"range":{"start":{"line":83,"character":2},"end":{"line":88,"character":3}},"selectionRange":{"start":{"line":83,"character":2},"end":{"line":88,"character":3}},"children":[]},{"name":"<func@91:3>","kind":12,"range":{"start":{"line":90,"character":2},"end":{"line":92,"character":3}},"selectionRange":{"start":{"line":90,"character":2},"end":{"line":92,"character":3}},"children":[]},{"name":"<func@94:3>","kind":12,"range":{"start":{"line":93,"character":2},"end":{"line":97,"character":3}},"selectionRange":{"start":{"line":93,"character":2},"end":{"line":97,"character":3}},"children":[]},{"name":"<func@99:3>","kind":12,"range":{"start":{"line":98,"character":2},"end":{"line":102,"character":3}},"selectionRange":{"start":{"line":98,"character":2},"end":{"line":102,"character":3}},"children":[]},{"name":"<func@104:3>","kind":12,"range":{"start":{"line":103,"character":2},"end":{"line":105,"character":3}},"selectionRange":{"start":{"line":103,"character":2},"end":{"line":105,"character":3}},"children":[]},{"name":"<func@108:3>","kind":12,"range":{"start":{"line":107,"character":2},"end":{"line":115,"character":3}},"selectionRange":{"start":{"line":107,"character":2},"end":{"line":115,"character":3}},"children":[]},{"name":"<func@117:3>","kind":12,"range":{"start":{"line":116,"character":2},"end":{"line":120,"character":3}},"selectionRange":{"start":{"line":116,"character":2},"end":{"line":120,"character":3}},"children":[]},{"name":"<func@122:3>","kind":12,"range":{"start":{"line":121,"character":2},"end":{"line":125,"character":3}},"selectionRange":{"start":{"line":121,"character":2},"end":{"line":125,"character":3}},"children":[]},{"name":"<func@128:3>","kind":12,"range":{"start":{"line":127,"character":2},"end":{"line":131,"character":3}},"selectionRange":{"start":{"line":127,"character":2},"end":{"line":131,"character":3}},"children":[]},{"name":"<func@133:3>","kind":12,"range":{"start":{"line":132,"character":2},"end":{"line":136,"character":3}},"selectionRange":{"start":{"line":132,"character":2},"end":{"line":136,"character":3}},"children":[]},{"name":"<func@138:3>","kind":12,"range":{"start":{"line":137,"character":2},"end":{"line":141,"character":3}},"selectionRange":{"start":{"line":137,"character":2},"end":{"line":141,"character":3}},"children":[]},{"name":"$f","kind":12,"range":{"start":{"line":143,"character":1},"end":{"line":143,"character":58}},"selectionRange":{"start":{"line":143,"character":7},"end":{"line":143,"character":9}},"children":[]},{"name":"<func@145:3>","kind":12,"range":{"start":{"line":144,"character":2},"end":{"line":150,"character":3}},"selectionRange":{"start":{"line":144,"character":2},"end":{"line":150,"character":3}},"children":[]},{"name":"<func@152:3>","kind":12,"range":{"start":{"line":151,"character":2},"end":{"line":157,"character":3}},"selectionRange":{"start":{"line":151,"character":2},"end":{"line":157,"character":3}},"children":[]},{"name":"<func@159:3>","kind":12,"range":{"start":{"line":158,"character":2},"end":{"line":164,"character":3}},"selectionRange":{"start":{"line":158,"character":2},"end":{"line":164,"character":3}},"children":[]},{"name":"$func","kind":12,"range":{"start":{"line":166,"character":2},"end":{"line":166,"character":61}},"selectionRange":{"start":{"line":166,"character":8},"end":{"line":166,"character":13}},"children":[]},{"name":"$check","kind":26,"range":{"start":{"line":167,"character":2},"end":{"line":167,"character":55}},"selectionRange":{"start":{"line":167,"character":8},"end":{"line":167,"character":14}},"children":[]},{"name":"<table@169:3>","kind":11,"range":{"start":{"line":168,"character":2},"end":{"line":168,"character":30}},"selectionRange":{"start":{"line":168,"character":2},"end":{"line":168,"character":30}},"children":[]},{"name":"<func@170:3>","kind":12,"range":{"start":{"line":169,"character":2},"end":{"line":176,"character":3}},"selectionRange":{"start":{"line":169,"character":2},"end":{"line":176,"character":3}},"children":[]},{"name":"<func@179:3>","kind":12,"range":{"start":{"line":178,"character":2},"end":{"line":184,"character":3}},"selectionRange":{"start":{"line":178,"character":2},"end":{"line":184,"character":3}},"children":[]},{"name":"<func@186:3>","kind":12,"range":{"start":{"line":185,"character":2},"end":{"line":191,"character":3}},"selectionRange":{"start":{"line":185,"character":2},"end":{"line":191,"character":3}},"children":[]},{"name":"<func@193:3>","kind":12,"range":{"start":{"line":192,"character":2},"end":{"line":198,"character":3}},"selectionRange":{"start":{"line":192,"character":2},"end":{"line":198,"character":3}},"children":[]},{"name":"<func@201:3>","kind":12,"range":{"start":{"line":200,"character":2},"end":{"line":206,"character":3}},"selectionRange":{"start":{"line":200,"character":2},"end":{"line":206,"character":3}},"children":[]},{"name":"<func@208:3>","kind":12,"range":{"start":{"line":207,"character":2},"end":{"line":212,"character":3}},"selectionRange":{"start":{"line":207,"character":2},"end":{"line":212,"character":3}},"children":[]},{"name":"$a","kind":24,"range":{"start":{"line":213,"character":2},"end":{"line":213,"character":38}},"selectionRange":{"start":{"line":213,"character":10},"end":{"line":213,"character":12}},"children":[]},{"name":"<func@215:3>","kind":12,"range":{"start":{"line":214,"character":2},"end":{"line":219,"character":3}},"selectionRange":{"start":{"line":214,"character":2},"end":{"line":219,"character":3}},"children":[]},{"name":"<memory@222:3>","kind":18,"range":{"start":{"line":221,"character":2},"end":{"line":221,"character":12}},"selectionRange":{"start":{"line":221,"character":2},"end":{"line":221,"character":12}},"children":[]},{"name":"<func@223:3>","kind":12,"range":{"start":{"line":222,"character":2},"end":{"line":224,"character":3}},"selectionRange":{"start":{"line":222,"character":2},"end":{"line":224,"character":3}},"children":[]},{"name":"<func@226:3>","kind":12,"range":{"start":{"line":225,"character":2},"end":{"line":227,"character":3}},"selectionRange":{"start":{"line":225,"character":2},"end":{"line":227,"character":3}},"children":[]},{"name":"<func@230:3>","kind":12,"range":{"start":{"line":229,"character":2},"end":{"line":233,"character":3}},"selectionRange":{"start":{"line":229,"character":2},"end":{"line":233,"character":3}},"children":[]},{"name":"<func@235:3>","kind":12,"range":{"start":{"line":234,"character":2},"end":{"line":238,"character":3}},"selectionRange":{"start":{"line":234,"character":2},"end":{"line":238,"character":3}},"children":[]},{"name":"<func@241:3>","kind":12,"range":{"start":{"line":240,"character":2},"end":{"line":244,"character":3}},"selectionRange":{"start":{"line":240,"character":2},"end":{"line":244,"character":3}},"children":[]},{"name":"<func@246:3>","kind":12,"range":{"start":{"line":245,"character":2},"end":{"line":249,"character":3}},"selectionRange":{"start":{"line":245,"character":2},"end":{"line":249,"character":3}},"children":[]},{"name":"<func@252:3>","kind":12,"range":{"start":{"line":251,"character":2},"end":{"line":253,"character":3}},"selectionRange":{"start":{"line":251,"character":2},"end":{"line":253,"character":3}},"children":[]},{"name":"<func@255:3>","kind":12,"range":{"start":{"line":254,"character":2},"end":{"line":256,"character":3}},"selectionRange":{"start":{"line":254,"character":2},"end":{"line":256,"character":3}},"children":[]},{"name":"<func@258:3>","kind":12,"range":{"start":{"line":257,"character":2},"end":{"line":259,"character":3}},"selectionRange":{"start":{"line":257,"character":2},"end":{"line":259,"character":3}},"children":[]},{"name":"<func@261:3>","kind":12,"range":{"start":{"line":260,"character":2},"end":{"line":262,"character":3}},"selectionRange":{"start":{"line":260,"character":2},"end":{"line":262,"character":3}},"children":[]},{"name":"<func@264:3>","kind":12,"range":{"start":{"line":263,"character":2},"end":{"line":265,"character":3}},"selectionRange":{"start":{"line":263,"character":2},"end":{"line":265,"character":3}},"children":[]},{"name":"<func@267:3>","kind":12,"range":{"start":{"line":266,"character":2},"end":{"line":268,"character":3}},"selectionRange":{"start":{"line":266,"character":2},"end":{"line":268,"character":3}},"children":[]},{"name":"<func@271:3>","kind":12,"range":{"start":{"line":270,"character":2},"end":{"line":272,"character":3}},"selectionRange":{"start":{"line":270,"character":2},"end":{"line":272,"character":3}},"children":[]},{"name":"<func@275:3>","kind":12,"range":{"start":{"line":274,"character":2},"end":{"line":288,"character":3}},"selectionRange":{"start":{"line":274,"character":2},"end":{"line":288,"character":3}},"children":[]},{"name":"<func@291:3>","kind":12,"range":{"start":{"line":290,"character":2},"end":{"line":303,"character":3}},"selectionRange":{"start":{"line":290,"character":2},"end":{"line":303,"character":3}},"children":[]},{"name":"<func@306:3>","kind":12,"range":{"start":{"line":305,"character":2},"end":{"line":319,"character":3}},"selectionRange":{"start":{"line":305,"character":2},"end":{"line":319,"character":3}},"children":[]},{"name":"<func@322:3>","kind":12,"range":{"start":{"line":321,"character":2},"end":{"line":335,"character":3}},"selectionRange":{"start":{"line":321,"character":2},"end":{"line":335,"character":3}},"children":[]},{"name":"<func@338:3>","kind":12,"range":{"start":{"line":337,"character":2},"end":{"line":351,"character":3}},"selectionRange":{"start":{"line":337,"character":2},"end":{"line":351,"character":3}},"children":[]},{"name":"<func@354:3>","kind":12,"range":{"start":{"line":353,"character":2},"end":{"line":367,"character":3}},"selectionRange":{"start":{"line":353,"character":2},"end":{"line":367,"character":3}}}]}],"id":1}