{"jsonrpc":"2.0","result":[{"name":"<module@3:1>","kind":2,"range":{"start":{"line":2,"character":0},"end":{"line":178,"character":1}},"selectionRange":{"start":{"line":2,"character":0},"end":{"line":178,"character":1}},"children":[{"name":"$a","kind":24,"range":{"start":{"line":3,"character":2},"end":{"line":3,"character":32}},"selectionRange":{"start":{"line":3,"character":10},"end":{"line":3,"character":12}},"children":[]},{"name":"<global@5:3>","kind":24,"range":{"start":{"line":4,"character":2},"end":{"line":4,"character":35}},"selectionRange":{"start":{"line":4,"character":2},"end":{"line":4,"character":35}},"children":[]},{"name":"<global@6:3>","kind":24,"range":{"start":{"line":5,"character":2},"end":{"line":5,"character":35}},"selectionRange":{"start":{"line":5,"character":2},"end":{"line":5,"character":35}},"children":[]},{"name":"$b","kind":24,"range":{"start":{"line":6,"character":2},"end":{"line":6,"character":32}},"selectionRange":{"start":{"line":6,"character":10},"end":{"line":6,"character":12}},"children":[]},{"name":"$x","kind":24,"range":{"start":{"line":8,"character":2},"end":{"line":8,"character":39}},"selectionRange":{"start":{"line":8,"character":10},"end":{"line":8,"character":12}},"children":[]},{"name":"<global@10:3>","kind":24,"range":{"start":{"line":9,"character":2},"end":{"line":9,"character":42}},"selectionRange":{"start":{"line":9,"character":2},"end":{"line":9,"character":42}},"children":[]},{"name":"<global@11:3>","kind":24,"range":{"start":{"line":10,"character":2},"end":{"line":10,"character":42}},"selectionRange":{"start":{"line":10,"character":2},"end":{"line":10,"character":42}},"children":[]},{"name":"$y","kind":24,"range":{"start":{"line":11,"character":2},"end":{"line":11,"character":39}},"selectionRange":{"start":{"line":11,"character":10},"end":{"line":11,"character":12}},"children":[]},{"name":"<func@14:3>","kind":12,"range":{"start":{"line":13,"character":2},"end":{"line":13,"character":54}},"selectionRange":{"start":{"line":13,"character":2},"end":{"line":13,"character":54}},"children":[]},{"name":"<func@15:3>","kind":12,"range":{"start":{"line":14,"character":2},"end":{"line":14,"character":54}},"selectionRange":{"start":{"line":14,"character":2},"end":{"line":14,"character":54}},"children":[]},{"name":"<func@16:3>","kind":12,"range":{"start":{"line":15,"character":2},"end":{"line":15,"character":54}},"selectionRange":{"start":{"line":15,"character":2},"end":{"line":15,"character":54}},"children":[]},{"name":"<func@17:3>","kind":12,"range":{"start":{"line":16,"character":2},"end":{"line":16,"character":54}},"selectionRange":{"start":{"line":16,"character":2},"end":{"line":16,"character":54}},"children":[]},{"name":"<func@18:3>","kind":12,"range":{"start":{"line":17,"character":2},"end":{"line":17,"character":67}},"selectionRange":{"start":{"line":17,"character":2},"end":{"line":17,"character":67}},"children":[]},{"name":"<func@19:3>","kind":12,"range":{"start":{"line":18,"character":2},"end":{"line":18,"character":67}},"selectionRange":{"start":{"line":18,"character":2},"end":{"line":18,"character":67}},"children":[]},{"name":"<func@21:3>","kind":12,"range":{"start":{"line":20,"character":2},"end":{"line":20,"character":53}},"selectionRange":{"start":{"line":20,"character":2},"end":{"line":20,"character":53}},"children":[]},{"name":"<func@22:3>","kind":12,"range":{"start":{"line":21,"character":2},"end":{"line":21,"character":53}},"selectionRange":{"start":{"line":21,"character":2},"end":{"line":21,"character":53}},"children":[]},{"name":"<func@23:3>","kind":12,"range":{"start":{"line":22,"character":2},"end":{"line":22,"character":53}},"selectionRange":{"start":{"line":22,"character":2},"end":{"line":22,"character":53}},"children":[]},{"name":"<func@24:3>","kind":12,"range":{"start":{"line":23,"character":2},"end":{"line":23,"character":53}},"selectionRange":{"start":{"line":23,"character":2},"end":{"line":23,"character":53}},"children":[]},{"name":"<func@25:3>","kind":12,"range":{"start":{"line":24,"character":2},"end":{"line":24,"character":66}},"selectionRange":{"start":{"line":24,"character":2},"end":{"line":24,"character":66}},"children":[]},{"name":"<func@26:3>","kind":12,"range":{"start":{"line":25,"character":2},"end":{"line":25,"character":66}},"selectionRange":{"start":{"line":25,"character":2},"end":{"line":25,"character":66}},"children":[]},{"name":"<memory@30:3>","kind":18,"range":{"start":{"line":29,"character":2},"end":{"line":29,"character":12}},"selectionRange":{"start":{"line":29,"character":2},"end":{"line":29,"character":12}},"children":[]},{"name":"$dummy","kind":12,"range":{"start":{"line":31,"character":2},"end":{"line":31,"character":15}},"selectionRange":{"start":{"line":31,"character":8},"end":{"line":31,"character":14}},"children":[]},{"name":"<func@34:3>","kind":12,"range":{"start":{"line":33,"character":2},"end":{"line":35,"character":3}},"selectionRange":{"start":{"line":33,"character":2},"end":{"line":35,"character":3}},"children":[]},{"name":"<func@37:3>","kind":12,"range":{"start":{"line":36,"character":2},"end":{"line":38,"character":3}},"selectionRange":{"start":{"line":36,"character":2},"end":{"line":38,"character":3}},"children":[]},{"name":"<func@40:3>","kind":12,"range":{"start":{"line":39,"character":2},"end":{"line":41,"character":3}},"selectionRange":{"start":{"line":39,"character":2},"end":{"line":41,"character":3}},"children":[]},{"name":"<func@44:3>","kind":12,"range":{"start":{"line":43,"character":2},"end":{"line":47,"character":3}},"selectionRange":{"start":{"line":43,"character":2},"end":{"line":47,"character":3}},"children":[]},{"name":"<func@49:3>","kind":12,"range":{"start":{"line":48,"character":2},"end":{"line":52,"character":3}},"selectionRange":{"start":{"line":48,"character":2},"end":{"line":52,"character":3}},"children":[]},{"name":"<func@54:3>","kind":12,"range":{"start":{"line":53,"character":2},"end":{"line":57,"character":3}},"selectionRange":{"start":{"line":53,"character":2},"end":{"line":57,"character":3}},"children":[]},{"name":"<func@60:3>","kind":12,"range":{"start":{"line":59,"character":2},"end":{"line":64,"character":3}},"selectionRange":{"start":{"line":59,"character":2},"end":{"line":64,"character":3}},"children":[]},{"name":"<func@66:3>","kind":12,"range":{"start":{"line":65,"character":2},"end":{"line":69,"character":3}},"selectionRange":{"start":{"line":65,"character":2},"end":{"line":69,"character":3}},"children":[]},{"name":"<func@71:3>","kind":12,"range":{"start":{"line":70,"character":2},"end":{"line":74,"character":3}},"selectionRange":{"start":{"line":70,"character":2},"end":{"line":74,"character":3}},"children":[]},{"name":"<func@77:3>","kind":12,"range":{"start":{"line":76,"character":2},"end":{"line":81,"character":3}},"selectionRange":{"start":{"line":76,"character":2},"end":{"line":81,"character":3}},"children":[]},{"name":"<func@83:3>","kind":12,"range":{"start":{"line":82,"character":2},"end":{"line":87,"character":3}},"selectionRange":{"start":{"line":82,"character":2},"end":{"line":87,"character":3}},"children":[]},{"name":"<func@90:3>","kind":12,"range":{"start":{"line":89,"character":2},"end":{"line":93,"character":3}},"selectionRange":{"start":{"line":89,"character":2},"end":{"line":93,"character":3}},"children":[]},{"name":"<func@95:3>","kind":12,"range":{"start":{"line":94,"character":2},"end":{"line":98,"character":3}},"selectionRange":{"start":{"line":94,"character":2},"end":{"line":98,"character":3}},"children":[]},{"name":"$func","kind":12,"range":{"start":{"line":100,"character":2},"end":{"line":100,"character":57}},"selectionRange":{"start":{"line":100,"character":8},"end":{"line":100,"character":13}},"children":[]},{"name":"$check","kind":26,"range":{"start":{"line":101,"character":2},"end":{"line":101,"character":51}},"selectionRange":{"start":{"line":101,"character":8},"end":{"line":101,"character":14}},"children":[]},{"name":"<table@103:3>","kind":11,"range":{"start":{"line":102,"character":2},"end":{"line":102,"character":30}},"selectionRange":{"start":{"line":102,"character":2},"end":{"line":102,"character":30}},"children":[]},{"name":"<func@104:3>","kind":12,"range":{"start":{"line":103,"character":2},"end":{"line":109,"character":3}},"selectionRange":{"start":{"line":103,"character":2},"end":{"line":109,"character":3}},"children":[]},{"name":"<func@111:3>","kind":12,"range":{"start":{"line":110,"character":2},"end":{"line":116,"character":3}},"selectionRange":{"start":{"line":110,"character":2},"end":{"line":116,"character":3}},"children":[]},{"name":"<func@118:2>","kind":12,"range":{"start":{"line":117,"character":1},"end":{"line":123,"character":3}},"selectionRange":{"start":{"line":117,"character":1},"end":{"line":123,"character":3}},"children":[]},{"name":"<func@126:3>","kind":12,"range":{"start":{"line":125,"character":2},"end":{"line":127,"character":3}},"selectionRange":{"start":{"line":125,"character":2},"end":{"line":127,"character":3}},"children":[]},{"name":"<func@129:3>","kind":12,"range":{"start":{"line":128,"character":2},"end":{"line":130,"character":3}},"selectionRange":{"start":{"line":128,"character":2},"end":{"line":130,"character":3}},"children":[]},{"name":"<func@132:3>","kind":12,"range":{"start":{"line":131,"character":2},"end":{"line":133,"character":3}},"selectionRange":{"start":{"line":131,"character":2},"end":{"line":133,"character":3}},"children":[]},{"name":"<func@135:3>","kind":12,"range":{"start":{"line":134,"character":2},"end":{"line":136,"character":3}},"selectionRange":{"start":{"line":134,"character":2},"end":{"line":136,"character":3}},"children":[]},{"name":"$f","kind":12,"range":{"start":{"line":138,"character":2},"end":{"line":138,"character":50}},"selectionRange":{"start":{"line":138,"character":8},"end":{"line":138,"character":10}},"children":[]},{"name":"<func@140:3>","kind":12,"range":{"start":{"line":139,"character":2},"end":{"line":141,"character":3}},"selectionRange":{"start":{"line":139,"character":2},"end":{"line":141,"character":3}},"children":[]},{"name":"<func@144:3>","kind":12,"range":{"start":{"line":143,"character":2},"end":{"line":145,"character":3}},"selectionRange":{"start":{"line":143,"character":2},"end":{"line":145,"character":3}},"children":[]},{"name":"<func@147:3>","kind":12,"range":{"start":{"line":146,"character":2},"end":{"line":148,"character":3}},"selectionRange":{"start":{"line":146,"character":2},"end":{"line":148,"character":3}},"children":[]},{"name":"<func@150:3>","kind":12,"range":{"start":{"line":149,"character":2},"end":{"line":151,"character":3}},"selectionRange":{"start":{"line":149,"character":2},"end":{"line":151,"character":3}},"children":[]},{"name":"<func@154:3>","kind":12,"range":{"start":{"line":153,"character":2},"end":{"line":156,"character":3}},"selectionRange":{"start":{"line":153,"character":2},"end":{"line":156,"character":3}},"children":[]},{"name":"<func@158:3>","kind":12,"range":{"start":{"line":157,"character":2},"end":{"line":159,"character":3}},"selectionRange":{"start":{"line":157,"character":2},"end":{"line":159,"character":3}},"children":[]},{"name":"<func@161:3>","kind":12,"range":{"start":{"line":160,"character":2},"end":{"line":163,"character":3}},"selectionRange":{"start":{"line":160,"character":2},"end":{"line":163,"character":3}},"children":[]},{"name":"<func@166:3>","kind":12,"range":{"start":{"line":165,"character":2},"end":{"line":167,"character":3}},"selectionRange":{"start":{"line":165,"character":2},"end":{"line":167,"character":3}},"children":[]},{"name":"<func@169:3>","kind":12,"range":{"start":{"line":168,"character":2},"end":{"line":172,"character":3}},"selectionRange":{"start":{"line":168,"character":2},"end":{"line":172,"character":3}},"children":[]},{"name":"<func@174:3>","kind":12,"range":{"start":{"line":173,"character":2},"end":{"line":177,"character":3}},"selectionRange":{"start":{"line":173,"character":2},"end":{"line":177,"character":3}},"children":[]}]},{"name":"<module@248:1>","kind":2,"range":{"start":{"line":247,"character":0},"end":{"line":247,"character":65}},"selectionRange":{"start":{"line":247,"character":0},"end":{"line":247,"character":65}},"children":[{"name":"<global@248:9>","kind":24,"range":{"start":{"line":247,"character":8},"end":{"line":247,"character":40}},"selectionRange":{"start":{"line":247,"character":8},"end":{"line":247,"character":40}},"children":[]}]},{"name":"<module@249:1>","kind":2,"range":{"start":{"line":248,"character":0},"end":{"line":248,"character":54}},"selectionRange":{"start":{"line":248,"character":0},"end":{"line":248,"character":54}},"children":[{"name":"<global@249:9>","kind":24,"range":{"start":{"line":248,"character":8},"end":{"line":248,"character":53}},"selectionRange":{"start":{"line":248,"character":8},"end":{"line":248,"character":53}},"children":[]}]},{"name":"<module@301:1>","kind":2,"range":{"start":{"line":300,"character":0},"end":{"line":302,"character":1}},"selectionRange":{"start":{"line":300,"character":0},"end":{"line":302,"character":1}},"children":[]},{"name":"<module@331:1>","kind":2,"range":{"start":{"line":330,"character":0},"end":{"line":332,"character":1}},"selectionRange":{"start":{"line":330,"character":0},"end":{"line":332,"character":1}},"children":[{"name":"<global@332:3>","kind":24,"range":{"start":{"line":331,"character":2},"end":{"line":331,"character":28}},"selectionRange":{"start":{"line":331,"character":2},"end":{"line":331,"character":28}}}]}],"id":1}