{"jsonrpc":"2.0","result":[{"name":"<module@5:1>","kind":2,"range":{"start":{"line":4,"character":0},"end":{"line":19,"character":71}},"selectionRange":{"start":{"line":4,"character":0},"end":{"line":19,"character":71}},"children":[{"name":"<memory@6:3>","kind":18,"range":{"start":{"line":5,"character":2},"end":{"line":5,"character":14}},"selectionRange":{"start":{"line":5,"character":2},"end":{"line":5,"character":14}},"children":[]},{"name":"<func@8:3>","kind":12,"range":{"start":{"line":7,"character":2},"end":{"line":16,"character":31}},"selectionRange":{"start":{"line":7,"character":2},"end":{"line":16,"character":31}},"children":[]},{"name":"<func@19:3>","kind":12,"range":{"start":{"line":18,"character":2},"end":{"line":19,"character":70}},"selectionRange":{"start":{"line":18,"character":2},"end":{"line":19,"character":70}},"children":[]}]},{"name":"<module@27:1>","kind":2,"range":{"start":{"line":26,"character":0},"end":{"line":41,"character":71}},"selectionRange":{"start":{"line":26,"character":0},"end":{"line":41,"character":71}},"children":[{"name":"<memory@28:3>","kind":18,"range":{"start":{"line":27,"character":2},"end":{"line":27,"character":14}},"selectionRange":{"start":{"line":27,"character":2},"end":{"line":27,"character":14}},"children":[]},{"name":"<func@30:3>","kind":12,"range":{"start":{"line":29,"character":2},"end":{"line":38,"character":31}},"selectionRange":{"start":{"line":29,"character":2},"end":{"line":38,"character":31}},"children":[]},{"name":"<func@41:3>","kind":12,"range":{"start":{"line":40,"character":2},"end":{"line":41,"character":70}},"selectionRange":{"start":{"line":40,"character":2},"end":{"line":41,"character":70}},"children":[]}]},{"name":"<module@45:1>","kind":2,"range":{"start":{"line":44,"character":0},"end":{"line":59,"character":75}},"selectionRange":{"start":{"line":44,"character":0},"end":{"line":59,"character":75}},"children":[{"name":"<memory@46:3>","kind":18,"range":{"start":{"line":45,"character":2},"end":{"line":45,"character":14}},"selectionRange":{"start":{"line":45,"character":2},"end":{"line":45,"character":14}},"children":[]},{"name":"<func@48:3>","kind":12,"range":{"start":{"line":47,"character":2},"end":{"line":56,"character":31}},"selectionRange":{"start":{"line":47,"character":2},"end":{"line":56,"character":31}},"children":[]},{"name":"<func@59:3>","kind":12,"range":{"start":{"line":58,"character":2},"end":{"line":59,"character":74}},"selectionRange":{"start":{"line":58,"character":2},"end":{"line":59,"character":74}},"children":[]}]},{"name":"<module@63:1>","kind":2,"range":{"start":{"line":62,"character":0},"end":{"line":77,"character":67}},"selectionRange":{"start":{"line":62,"character":0},"end":{"line":77,"character":67}},"children":[{"name":"<memory@64:3>","kind":18,"range":{"start":{"line":63,"character":2},"end":{"line":63,"character":14}},"selectionRange":{"start":{"line":63,"character":2},"end":{"line":63,"character":14}},"children":[]},{"name":"<func@66:3>","kind":12,"range":{"start":{"line":65,"character":2},"end":{"line":74,"character":31}},"selectionRange":{"start":{"line":65,"character":2},"end":{"line":74,"character":31}},"children":[]},{"name":"<func@77:3>","kind":12,"range":{"start":{"line":76,"character":2},"end":{"line":77,"character":66}},"selectionRange":{"start":{"line":76,"character":2},"end":{"line":77,"character":66}},"children":[]}]},{"name":"<module@83:1>","kind":2,"range":{"start":{"line":82,"character":0},"end":{"line":97,"character":70}},"selectionRange":{"start":{"line":82,"character":0},"end":{"line":97,"character":70}},"children":[{"name":"<memory@84:3>","kind":18,"range":{"start":{"line":83,"character":2},"end":{"line":83,"character":14}},"selectionRange":{"start":{"line":83,"character":2},"end":{"line":83,"character":14}},"children":[]},{"name":"<func@86:3>","kind":12,"range":{"start":{"line":85,"character":2},"end":{"line":94,"character":31}},"selectionRange":{"start":{"line":85,"character":2},"end":{"line":94,"character":31}},"children":[]},{"name":"<func@97:3>","kind":12,"range":{"start":{"line":96,"character":2},"end":{"line":97,"character":69}},"selectionRange":{"start":{"line":96,"character":2},"end":{"line":97,"character":69}},"children":[]}]},{"name":"<module@101:1>","kind":2,"range":{"start":{"line":100,"character":0},"end":{"line":115,"character":70}},"selectionRange":{"start":{"line":100,"character":0},"end":{"line":115,"character":70}},"children":[{"name":"<memory@102:3>","kind":18,"range":{"start":{"line":101,"character":2},"end":{"line":101,"character":14}},"selectionRange":{"start":{"line":101,"character":2},"end":{"line":101,"character":14}},"children":[]},{"name":"<func@104:3>","kind":12,"range":{"start":{"line":103,"character":2},"end":{"line":112,"character":31}},"selectionRange":{"start":{"line":103,"character":2},"end":{"line":112,"character":31}},"children":[]},{"name":"<func@115:3>","kind":12,"range":{"start":{"line":114,"character":2},"end":{"line":115,"character":69}},"selectionRange":{"start":{"line":114,"character":2},"end":{"line":115,"character":69}},"children":[]}]},{"name":"<module@119:1>","kind":2,"range":{"start":{"line":118,"character":0},"end":{"line":133,"character":71}},"selectionRange":{"start":{"line":118,"character":0},"end":{"line":133,"character":71}},"children":[{"name":"<memory@120:3>","kind":18,"range":{"start":{"line":119,"character":2},"end":{"line":119,"character":14}},"selectionRange":{"start":{"line":119,"character":2},"end":{"line":119,"character":14}},"children":[]},{"name":"<func@122:3>","kind":12,"range":{"start":{"line":121,"character":2},"end":{"line":130,"character":31}},"selectionRange":{"start":{"line":121,"character":2},"end":{"line":130,"character":31}},"children":[]},{"name":"<func@133:3>","kind":12,"range":{"start":{"line":132,"character":2},"end":{"line":133,"character":70}},"selectionRange":{"start":{"line":132,"character":2},"end":{"line":133,"character":70}},"children":[]}]},{"name":"<module@144:1>","kind":2,"range":{"start":{"line":143,"character":0},"end":{"line":159,"character":68}},"selectionRange":{"start":{"line":143,"character":0},"end":{"line":159,"character":68}},"children":[{"name":"<memory@145:3>","kind":18,"range":{"start":{"line":144,"character":2},"end":{"line":144,"character":14}},"selectionRange":{"start":{"line":144,"character":2},"end":{"line":144,"character":14}},"children":[]},{"name":"<func@147:3>","kind":12,"range":{"start":{"line":146,"character":2},"end":{"line":155,"character":31}},"selectionRange":{"start":{"line":146,"character":2},"end":{"line":155,"character":31}},"children":[]},{"name":"<func@158:3>","kind":12,"range":{"start":{"line":157,"character":2},"end":{"line":159,"character":67}},"selectionRange":{"start":{"line":157,"character":2},"end":{"line":159,"character":67}},"children":[]}]},{"name":"<module@620:1>","kind":2,"range":{"start":{"line":619,"character":0},"end":{"line":634,"character":71}},"selectionRange":{"start":{"line":619,"character":0},"end":{"line":634,"character":71}},"children":[{"name":"<memory@621:3>","kind":18,"range":{"start":{"line":620,"character":2},"end":{"line":620,"character":15}},"selectionRange":{"start":{"line":620,"character":2},"end":{"line":620,"character":15}},"children":[]},{"name":"<func@623:3>","kind":12,"range":{"start":{"line":622,"character":2},"end":{"line":631,"character":31}},"selectionRange":{"start":{"line":622,"character":2},"end":{"line":631,"character":31}},"children":[]},{"name":"<func@634:3>","kind":12,"range":{"start":{"line":633,"character":2},"end":{"line":634,"character":70}},"selectionRange":{"start":{"line":633,"character":2},"end":{"line":634,"character":70}},"children":[]}]},{"name":"<module@642:1>","kind":2,"range":{"start":{"line":641,"character":0},"end":{"line":656,"character":71}},"selectionRange":{"start":{"line":641,"character":0},"end":{"line":656,"character":71}},"children":[{"name":"<memory@643:3>","kind":18,"range":{"start":{"line":642,"character":2},"end":{"line":642,"character":15}},"selectionRange":{"start":{"line":642,"character":2},"end":{"line":642,"character":15}},"children":[]},{"name":"<func@645:3>","kind":12,"range":{"start":{"line":644,"character":2},"end":{"line":653,"character":31}},"selectionRange":{"start":{"line":644,"character":2},"end":{"line":653,"character":31}},"children":[]},{"name":"<func@656:3>","kind":12,"range":{"start":{"line":655,"character":2},"end":{"line":656,"character":70}},"selectionRange":{"start":{"line":655,"character":2},"end":{"line":656,"character":70}},"children":[]}]},{"name":"<module@664:1>","kind":2,"range":{"start":{"line":663,"character":0},"end":{"line":678,"character":71}},"selectionRange":{"start":{"line":663,"character":0},"end":{"line":678,"character":71}},"children":[{"name":"<memory@665:3>","kind":18,"range":{"start":{"line":664,"character":2},"end":{"line":664,"character":15}},"selectionRange":{"start":{"line":664,"character":2},"end":{"line":664,"character":15}},"children":[]},{"name":"<func@667:3>","kind":12,"range":{"start":{"line":666,"character":2},"end":{"line":675,"character":31}},"selectionRange":{"start":{"line":666,"character":2},"end":{"line":675,"character":31}},"children":[]},{"name":"<func@678:3>","kind":12,"range":{"start":{"line":677,"character":2},"end":{"line":678,"character":70}},"selectionRange":{"start":{"line":677,"character":2},"end":{"line":678,"character":70}}}]}],"id":1}