{"jsonrpc":"2.0","result":[{"name":"<module@3:1>","kind":2,"range":{"start":{"line":2,"character":0},"end":{"line":237,"character":1}},"selectionRange":{"start":{"line":2,"character":0},"end":{"line":237,"character":1}},"children":[{"name":"$const-i32","kind":12,"range":{"start":{"line":4,"character":2},"end":{"line":4,"character":50}},"selectionRange":{"start":{"line":4,"character":8},"end":{"line":4,"character":18}},"children":[]},{"name":"$const-i64","kind":12,"range":{"start":{"line":5,"character":2},"end":{"line":5,"character":50}},"selectionRange":{"start":{"line":5,"character":8},"end":{"line":5,"character":18}},"children":[]},{"name":"$const-f32","kind":12,"range":{"start":{"line":6,"character":2},"end":{"line":6,"character":50}},"selectionRange":{"start":{"line":6,"character":8},"end":{"line":6,"character":18}},"children":[]},{"name":"$const-f64","kind":12,"range":{"start":{"line":7,"character":2},"end":{"line":7,"character":50}},"selectionRange":{"start":{"line":7,"character":8},"end":{"line":7,"character":18}},"children":[]},{"name":"$id-i32","kind":12,"range":{"start":{"line":9,"character":2},"end":{"line":9,"character":55}},"selectionRange":{"start":{"line":9,"character":8},"end":{"line":9,"character":15}},"children":[]},{"name":"$id-i64","kind":12,"range":{"start":{"line":10,"character":2},"end":{"line":10,"character":55}},"selectionRange":{"start":{"line":10,"character":8},"end":{"line":10,"character":15}},"children":[]},{"name":"$id-f32","kind":12,"range":{"start":{"line":11,"character":2},"end":{"line":11,"character":55}},"selectionRange":{"start":{"line":11,"character":8},"end":{"line":11,"character":15}},"children":[]},{"name":"$id-f64","kind":12,"range":{"start":{"line":12,"character":2},"end":{"line":12,"character":55}},"selectionRange":{"start":{"line":12,"character":8},"end":{"line":12,"character":15}},"children":[]},{"name":"$f32-i32","kind":12,"range":{"start":{"line":14,"character":2},"end":{"line":14,"character":60}},"selectionRange":{"start":{"line":14,"character":8},"end":{"line":14,"character":16}},"children":[]},{"name":"$i32-i64","kind":12,"range":{"start":{"line":15,"character":2},"end":{"line":15,"character":60}},"selectionRange":{"start":{"line":15,"character":8},"end":{"line":15,"character":16}},"children":[]},{"name":"$f64-f32","kind":12,"range":{"start":{"line":16,"character":2},"end":{"line":16,"character":60}},"selectionRange":{"start":{"line":16,"character":8},"end":{"line":16,"character":16}},"children":[]},{"name":"$i64-f64","kind":12,"range":{"start":{"line":17,"character":2},"end":{"line":17,"character":60}},"selectionRange":{"start":{"line":17,"character":8},"end":{"line":17,"character":16}},"children":[]},{"name":"<func@22:3>","kind":12,"range":{"start":{"line":21,"character":2},"end":{"line":21,"character":59}},"selectionRange":{"start":{"line":21,"character":2},"end":{"line":21,"character":59}},"children":[]},{"name":"<func@23:3>","kind":12,"range":{"start":{"line":22,"character":2},"end":{"line":22,"character":59}},"selectionRange":{"start":{"line":22,"character":2},"end":{"line":22,"character":59}},"children":[]},{"name":"<func@24:3>","kind":12,"range":{"start":{"line":23,"character":2},"end":{"line":23,"character":59}},"selectionRange":{"start":{"line":23,"character":2},"end":{"line":23,"character":59}},"children":[]},{"name":"<func@25:3>","kind":12,"range":{"start":{"line":24,"character":2},"end":{"line":24,"character":59}},"selectionRange":{"start":{"line":24,"character":2},"end":{"line":24,"character":59}},"children":[]},{"name":"<func@27:3>","kind":12,"range":{"start":{"line":26,"character":2},"end":{"line":26,"character":77}},"selectionRange":{"start":{"line":26,"character":2},"end":{"line":26,"character":77}},"children":[]},{"name":"<func@28:3>","kind":12,"range":{"start":{"line":27,"character":2},"end":{"line":27,"character":77}},"selectionRange":{"start":{"line":27,"character":2},"end":{"line":27,"character":77}},"children":[]},{"name":"<func@29:3>","kind":12,"range":{"start":{"line":28,"character":2},"end":{"line":28,"character":79}},"selectionRange":{"start":{"line":28,"character":2},"end":{"line":28,"character":79}},"children":[]},{"name":"<func@30:3>","kind":12,"range":{"start":{"line":29,"character":2},"end":{"line":29,"character":79}},"selectionRange":{"start":{"line":29,"character":2},"end":{"line":29,"character":79}},"children":[]},{"name":"<func@32:3>","kind":12,"range":{"start":{"line":31,"character":2},"end":{"line":33,"character":3}},"selectionRange":{"start":{"line":31,"character":2},"end":{"line":33,"character":3}},"children":[]},{"name":"<func@35:3>","kind":12,"range":{"start":{"line":34,"character":2},"end":{"line":36,"character":3}},"selectionRange":{"start":{"line":34,"character":2},"end":{"line":36,"character":3}},"children":[]},{"name":"<func@38:3>","kind":12,"range":{"start":{"line":37,"character":2},"end":{"line":39,"character":3}},"selectionRange":{"start":{"line":37,"character":2},"end":{"line":39,"character":3}},"children":[]},{"name":"<func@41:3>","kind":12,"range":{"start":{"line":40,"character":2},"end":{"line":42,"character":3}},"selectionRange":{"start":{"line":40,"character":2},"end":{"line":42,"character":3}},"children":[]},{"name":"$fac","kind":12,"range":{"start":{"line":46,"character":2},"end":{"line":56,"character":3}},"selectionRange":{"start":{"line":46,"character":8},"end":{"line":46,"character":12}},"children":[]},{"name":"$fac-acc","kind":12,"range":{"start":{"line":58,"character":2},"end":{"line":68,"character":3}},"selectionRange":{"start":{"line":58,"character":8},"end":{"line":58,"character":16}},"children":[]},{"name":"$fib","kind":12,"range":{"start":{"line":70,"character":2},"end":{"line":80,"character":3}},"selectionRange":{"start":{"line":70,"character":8},"end":{"line":70,"character":12}},"children":[]},{"name":"$even","kind":12,"range":{"start":{"line":82,"character":2},"end":{"line":87,"character":3}},"selectionRange":{"start":{"line":82,"character":8},"end":{"line":82,"character":13}},"children":[]},{"name":"$odd","kind":12,"range":{"start":{"line":88,"character":2},"end":{"line":93,"character":3}},"selectionRange":{"start":{"line":88,"character":8},"end":{"line":88,"character":12}},"children":[]},{"name":"$runaway","kind":12,"range":{"start":{"line":104,"character":2},"end":{"line":104,"character":52}},"selectionRange":{"start":{"line":104,"character":8},"end":{"line":104,"character":16}},"children":[]},{"name":"$mutual-runaway1","kind":12,"range":{"start":{"line":106,"character":2},"end":{"line":106,"character":75}},"selectionRange":{"start":{"line":106,"character":8},"end":{"line":106,"character":24}},"children":[]},{"name":"$mutual-runaway2","kind":12,"range":{"start":{"line":107,"character":2},"end":{"line":107,"character":49}},"selectionRange":{"start":{"line":107,"character":8},"end":{"line":107,"character":24}},"children":[]},{"name":"<memory@112:3>","kind":18,"range":{"start":{"line":111,"character":2},"end":{"line":111,"character":12}},"selectionRange":{"start":{"line":111,"character":2},"end":{"line":111,"character":12}},"children":[]},{"name":"<func@114:3>","kind":12,"range":{"start":{"line":113,"character":2},"end":{"line":115,"character":3}},"selectionRange":{"start":{"line":113,"character":2},"end":{"line":115,"character":3}},"children":[]},{"name":"<func@117:3>","kind":12,"range":{"start":{"line":116,"character":2},"end":{"line":118,"character":3}},"selectionRange":{"start":{"line":116,"character":2},"end":{"line":118,"character":3}},"children":[]},{"name":"<func@120:3>","kind":12,"range":{"start":{"line":119,"character":2},"end":{"line":121,"character":3}},"selectionRange":{"start":{"line":119,"character":2},"end":{"line":121,"character":3}},"children":[]},{"name":"<func@124:3>","kind":12,"range":{"start":{"line":123,"character":2},"end":{"line":125,"character":3}},"selectionRange":{"start":{"line":123,"character":2},"end":{"line":125,"character":3}},"children":[]},{"name":"<func@128:3>","kind":12,"range":{"start":{"line":127,"character":2},"end":{"line":129,"character":3}},"selectionRange":{"start":{"line":127,"character":2},"end":{"line":129,"character":3}},"children":[]},{"name":"<func@131:3>","kind":12,"range":{"start":{"line":130,"character":2},"end":{"line":132,"character":3}},"selectionRange":{"start":{"line":130,"character":2},"end":{"line":132,"character":3}},"children":[]},{"name":"<func@135:3>","kind":12,"range":{"start":{"line":134,"character":2},"end":{"line":136,"character":3}},"selectionRange":{"start":{"line":134,"character":2},"end":{"line":136,"character":3}},"children":[]},{"name":"<func@138:3>","kind":12,"range":{"start":{"line":137,"character":2},"end":{"line":139,"character":3}},"selectionRange":{"start":{"line":137,"character":2},"end":{"line":139,"character":3}},"children":[]},{"name":"$func","kind":12,"range":{"start":{"line":141,"character":2},"end":{"line":141,"character":57}},"selectionRange":{"start":{"line":141,"character":8},"end":{"line":141,"character":13}},"children":[]},{"name":"$check","kind":26,"range":{"start":{"line":142,"character":2},"end":{"line":142,"character":51}},"selectionRange":{"start":{"line":142,"character":8},"end":{"line":142,"character":14}},"children":[]},{"name":"<table@144:3>","kind":11,"range":{"start":{"line":143,"character":2},"end":{"line":143,"character":30}},"selectionRange":{"start":{"line":143,"character":2},"end":{"line":143,"character":30}},"children":[]},{"name":"<func@145:3>","kind":12,"range":{"start":{"line":144,"character":2},"end":{"line":150,"character":3}},"selectionRange":{"start":{"line":144,"character":2},"end":{"line":150,"character":3}},"children":[]},{"name":"<func@152:3>","kind":12,"range":{"start":{"line":151,"character":2},"end":{"line":157,"character":3}},"selectionRange":{"start":{"line":151,"character":2},"end":{"line":157,"character":3}},"children":[]},{"name":"<func@159:3>","kind":12,"range":{"start":{"line":158,"character":2},"end":{"line":164,"character":3}},"selectionRange":{"start":{"line":158,"character":2},"end":{"line":164,"character":3}},"children":[]},{"name":"<func@167:3>","kind":12,"range":{"start":{"line":166,"character":2},"end":{"line":168,"character":3}},"selectionRange":{"start":{"line":166,"character":2},"end":{"line":168,"character":3}},"children":[]},{"name":"<func@170:3>","kind":12,"range":{"start":{"line":169,"character":2},"end":{"line":171,"character":3}},"selectionRange":{"start":{"line":169,"character":2},"end":{"line":171,"character":3}},"children":[]},{"name":"<func@174:3>","kind":12,"range":{"start":{"line":173,"character":2},"end":{"line":175,"character":3}},"selectionRange":{"start":{"line":173,"character":2},"end":{"line":175,"character":3}},"children":[]},{"name":"<func@177:3>","kind":12,"range":{"start":{"line":176,"character":2},"end":{"line":178,"character":3}},"selectionRange":{"start":{"line":176,"character":2},"end":{"line":178,"character":3}},"children":[]},{"name":"<func@180:3>","kind":12,"range":{"start":{"line":179,"character":2},"end":{"line":181,"character":3}},"selectionRange":{"start":{"line":179,"character":2},"end":{"line":181,"character":3}},"children":[]},{"name":"<func@183:3>","kind":12,"range":{"start":{"line":182,"character":2},"end":{"line":184,"character":3}},"selectionRange":{"start":{"line":182,"character":2},"end":{"line":184,"character":3}},"children":[]},{"name":"<func@186:3>","kind":12,"range":{"start":{"line":185,"character":2},"end":{"line":187,"character":3}},"selectionRange":{"start":{"line":185,"character":2},"end":{"line":187,"character":3}},"children":[]},{"name":"<func@189:3>","kind":12,"range":{"start":{"line":188,"character":2},"end":{"line":190,"character":3}},"selectionRange":{"start":{"line":188,"character":2},"end":{"line":190,"character":3}},"children":[]},{"name":"$a","kind":24,"range":{"start":{"line":191,"character":2},"end":{"line":191,"character":38}},"selectionRange":{"start":{"line":191,"character":10},"end":{"line":191,"character":12}},"children":[]},{"name":"<func@193:3>","kind":12,"range":{"start":{"line":192,"character":2},"end":{"line":195,"character":3}},"selectionRange":{"start":{"line":192,"character":2},"end":{"line":195,"character":3}},"children":[]},{"name":"<func@197:3>","kind":12,"range":{"start":{"line":196,"character":2},"end":{"line":198,"character":3}},"selectionRange":{"start":{"line":196,"character":2},"end":{"line":198,"character":3}},"children":[]},{"name":"$dummy","kind":12,"range":{"start":{"line":200,"character":2},"end":{"line":200,"character":54}},"selectionRange":{"start":{"line":200,"character":8},"end":{"line":200,"character":14}},"children":[]},{"name":"$du","kind":12,"range":{"start":{"line":201,"character":2},"end":{"line":201,"character":51}},"selectionRange":{"start":{"line":201,"character":8},"end":{"line":201,"character":11}},"children":[]},{"name":"<func@203:3>","kind":12,"range":{"start":{"line":202,"character":2},"end":{"line":204,"character":3}},"selectionRange":{"start":{"line":202,"character":2},"end":{"line":204,"character":3}},"children":[]},{"name":"<func@207:3>","kind":12,"range":{"start":{"line":206,"character":2},"end":{"line":208,"character":3}},"selectionRange":{"start":{"line":206,"character":2},"end":{"line":208,"character":3}},"children":[]},{"name":"<func@210:3>","kind":12,"range":{"start":{"line":209,"character":2},"end":{"line":211,"character":3}},"selectionRange":{"start":{"line":209,"character":2},"end":{"line":211,"character":3}},"children":[]},{"name":"<func@214:3>","kind":12,"range":{"start":{"line":213,"character":2},"end":{"line":215,"character":3}},"selectionRange":{"start":{"line":213,"character":2},"end":{"line":215,"character":3}},"children":[]},{"name":"<func@218:3>","kind":12,"range":{"start":{"line":217,"character":2},"end":{"line":219,"character":3}},"selectionRange":{"start":{"line":217,"character":2},"end":{"line":219,"character":3}},"children":[]},{"name":"<func@221:3>","kind":12,"range":{"start":{"line":220,"character":2},"end":{"line":222,"character":3}},"selectionRange":{"start":{"line":220,"character":2},"end":{"line":222,"character":3}},"children":[]},{"name":"<func@225:3>","kind":12,"range":{"start":{"line":224,"character":2},"end":{"line":226,"character":3}},"selectionRange":{"start":{"line":224,"character":2},"end":{"line":226,"character":3}},"children":[]},{"name":"$return-from-long-argument-list-helper","kind":12,"range":{"start":{"line":230,"character":2},"end":{"line":232,"character":3}},"selectionRange":{"start":{"line":230,"character":8},"end":{"line":230,"character":46}},"children":[]},{"name":"<func@235:3>","kind":12,"range":{"start":{"line":234,"character":2},"end":{"line":236,"character":3}},"selectionRange":{"start":{"line":234,"character":2},"end":{"line":236,"character":3}}}]}],"id":1}