{"jsonrpc":"2.0","result":[{"name":"<module@3:1>","kind":2,"range":{"start":{"line":2,"character":0},"end":{"line":381,"character":1}},"selectionRange":{"start":{"line":2,"character":0},"end":{"line":381,"character":1}},"children":[{"name":"<memory@5:3>","kind":18,"range":{"start":{"line":4,"character":2},"end":{"line":4,"character":12}},"selectionRange":{"start":{"line":4,"character":2},"end":{"line":4,"character":12}},"children":[]},{"name":"$dummy","kind":12,"range":{"start":{"line":6,"character":2},"end":{"line":6,"character":15}},"selectionRange":{"start":{"line":6,"character":8},"end":{"line":6,"character":14}},"children":[]},{"name":"<func@9:3>","kind":12,"range":{"start":{"line":8,"character":2},"end":{"line":13,"character":3}},"selectionRange":{"start":{"line":8,"character":2},"end":{"line":13,"character":3}},"children":[]},{"name":"<func@16:3>","kind":12,"range":{"start":{"line":15,"character":2},"end":{"line":19,"character":3}},"selectionRange":{"start":{"line":15,"character":2},"end":{"line":19,"character":3}},"children":[]},{"name":"<func@22:3>","kind":12,"range":{"start":{"line":21,"character":2},"end":{"line":28,"character":3}},"selectionRange":{"start":{"line":21,"character":2},"end":{"line":28,"character":3}},"children":[]},{"name":"<func@31:3>","kind":12,"range":{"start":{"line":30,"character":2},"end":{"line":49,"character":3}},"selectionRange":{"start":{"line":30,"character":2},"end":{"line":49,"character":3}},"children":[]},{"name":"<func@52:3>","kind":12,"range":{"start":{"line":51,"character":2},"end":{"line":59,"character":3}},"selectionRange":{"start":{"line":51,"character":2},"end":{"line":59,"character":3}},"children":[]},{"name":"<func@61:3>","kind":12,"range":{"start":{"line":60,"character":2},"end":{"line":69,"character":3}},"selectionRange":{"start":{"line":60,"character":2},"end":{"line":69,"character":3}},"children":[]},{"name":"<func@71:3>","kind":12,"range":{"start":{"line":70,"character":2},"end":{"line":78,"character":3}},"selectionRange":{"start":{"line":70,"character":2},"end":{"line":78,"character":3}},"children":[]},{"name":"<func@81:3>","kind":12,"range":{"start":{"line":80,"character":2},"end":{"line":88,"character":3}},"selectionRange":{"start":{"line":80,"character":2},"end":{"line":88,"character":3}},"children":[]},{"name":"<func@90:3>","kind":12,"range":{"start":{"line":89,"character":2},"end":{"line":98,"character":3}},"selectionRange":{"start":{"line":89,"character":2},"end":{"line":98,"character":3}},"children":[]},{"name":"<func@100:3>","kind":12,"range":{"start":{"line":99,"character":2},"end":{"line":107,"character":3}},"selectionRange":{"start":{"line":99,"character":2},"end":{"line":107,"character":3}},"children":[]},{"name":"<func@110:3>","kind":12,"range":{"start":{"line":109,"character":2},"end":{"line":117,"character":3}},"selectionRange":{"start":{"line":109,"character":2},"end":{"line":117,"character":3}},"children":[]},{"name":"<func@120:3>","kind":12,"range":{"start":{"line":119,"character":2},"end":{"line":130,"character":3}},"selectionRange":{"start":{"line":119,"character":2},"end":{"line":130,"character":3}},"children":[]},{"name":"<func@132:3>","kind":12,"range":{"start":{"line":131,"character":2},"end":{"line":142,"character":3}},"selectionRange":{"start":{"line":131,"character":2},"end":{"line":142,"character":3}},"children":[]},{"name":"<func@145:3>","kind":12,"range":{"start":{"line":144,"character":2},"end":{"line":153,"character":3}},"selectionRange":{"start":{"line":144,"character":2},"end":{"line":153,"character":3}},"children":[]},{"name":"<func@155:3>","kind":12,"range":{"start":{"line":154,"character":2},"end":{"line":163,"character":3}},"selectionRange":{"start":{"line":154,"character":2},"end":{"line":163,"character":3}},"children":[]},{"name":"$func","kind":12,"range":{"start":{"line":165,"character":2},"end":{"line":165,"character":57}},"selectionRange":{"start":{"line":165,"character":8},"end":{"line":165,"character":13}},"children":[]},{"name":"$check","kind":26,"range":{"start":{"line":166,"character":2},"end":{"line":166,"character":51}},"selectionRange":{"start":{"line":166,"character":8},"end":{"line":166,"character":14}},"children":[]},{"name":"<table@168:3>","kind":11,"range":{"start":{"line":167,"character":2},"end":{"line":167,"character":30}},"selectionRange":{"start":{"line":167,"character":2},"end":{"line":167,"character":30}},"children":[]},{"name":"<func@169:3>","kind":12,"range":{"start":{"line":168,"character":2},"end":{"line":178,"character":3}},"selectionRange":{"start":{"line":168,"character":2},"end":{"line":178,"character":3}},"children":[]},{"name":"<func@180:3>","kind":12,"range":{"start":{"line":179,"character":2},"end":{"line":190,"character":3}},"selectionRange":{"start":{"line":179,"character":2},"end":{"line":190,"character":3}},"children":[]},{"name":"<func@192:3>","kind":12,"range":{"start":{"line":191,"character":2},"end":{"line":201,"character":3}},"selectionRange":{"start":{"line":191,"character":2},"end":{"line":201,"character":3}},"children":[]},{"name":"<func@204:3>","kind":12,"range":{"start":{"line":203,"character":2},"end":{"line":210,"character":3}},"selectionRange":{"start":{"line":203,"character":2},"end":{"line":210,"character":3}},"children":[]},{"name":"<func@212:3>","kind":12,"range":{"start":{"line":211,"character":2},"end":{"line":218,"character":3}},"selectionRange":{"start":{"line":211,"character":2},"end":{"line":218,"character":3}},"children":[]},{"name":"<func@221:3>","kind":12,"range":{"start":{"line":220,"character":2},"end":{"line":227,"character":3}},"selectionRange":{"start":{"line":220,"character":2},"end":{"line":227,"character":3}},"children":[]},{"name":"$f","kind":12,"range":{"start":{"line":229,"character":2},"end":{"line":229,"character":50}},"selectionRange":{"start":{"line":229,"character":8},"end":{"line":229,"character":10}},"children":[]},{"name":"<func@232:3>","kind":12,"range":{"start":{"line":231,"character":2},"end":{"line":238,"character":3}},"selectionRange":{"start":{"line":231,"character":2},"end":{"line":238,"character":3}},"children":[]},{"name":"<func@240:3>","kind":12,"range":{"start":{"line":239,"character":2},"end":{"line":244,"character":3}},"selectionRange":{"start":{"line":239,"character":2},"end":{"line":244,"character":3}},"children":[]},{"name":"<func@246:3>","kind":12,"range":{"start":{"line":245,"character":2},"end":{"line":252,"character":3}},"selectionRange":{"start":{"line":245,"character":2},"end":{"line":252,"character":3}},"children":[]},{"name":"<func@254:3>","kind":12,"range":{"start":{"line":253,"character":2},"end":{"line":262,"character":3}},"selectionRange":{"start":{"line":253,"character":2},"end":{"line":262,"character":3}},"children":[]},{"name":"<func@264:3>","kind":12,"range":{"start":{"line":263,"character":2},"end":{"line":272,"character":3}},"selectionRange":{"start":{"line":263,"character":2},"end":{"line":272,"character":3}},"children":[]},{"name":"<func@274:3>","kind":12,"range":{"start":{"line":273,"character":2},"end":{"line":280,"character":3}},"selectionRange":{"start":{"line":273,"character":2},"end":{"line":280,"character":3}},"children":[]},{"name":"$a","kind":24,"range":{"start":{"line":281,"character":2},"end":{"line":281,"character":38}},"selectionRange":{"start":{"line":281,"character":10},"end":{"line":281,"character":12}},"children":[]},{"name":"<func@283:3>","kind":12,"range":{"start":{"line":282,"character":2},"end":{"line":289,"character":3}},"selectionRange":{"start":{"line":282,"character":2},"end":{"line":289,"character":3}},"children":[]},{"name":"<func@291:3>","kind":12,"range":{"start":{"line":290,"character":2},"end":{"line":297,"character":3}},"selectionRange":{"start":{"line":290,"character":2},"end":{"line":297,"character":3}},"children":[]},{"name":"<func@300:3>","kind":12,"range":{"start":{"line":299,"character":2},"end":{"line":306,"character":3}},"selectionRange":{"start":{"line":299,"character":2},"end":{"line":306,"character":3}},"children":[]},{"name":"<func@308:3>","kind":12,"range":{"start":{"line":307,"character":2},"end":{"line":318,"character":3}},"selectionRange":{"start":{"line":307,"character":2},"end":{"line":318,"character":3}},"children":[]},{"name":"<func@320:3>","kind":12,"range":{"start":{"line":319,"character":2},"end":{"line":326,"character":3}},"selectionRange":{"start":{"line":319,"character":2},"end":{"line":326,"character":3}},"children":[]},{"name":"<func@328:3>","kind":12,"range":{"start":{"line":327,"character":2},"end":{"line":338,"character":3}},"selectionRange":{"start":{"line":327,"character":2},"end":{"line":338,"character":3}},"children":[]},{"name":"<func@341:3>","kind":12,"range":{"start":{"line":340,"character":2},"end":{"line":351,"character":3}},"selectionRange":{"start":{"line":340,"character":2},"end":{"line":351,"character":3}},"children":[]},{"name":"<func@354:3>","kind":12,"range":{"start":{"line":353,"character":2},"end":{"line":358,"character":3}},"selectionRange":{"start":{"line":353,"character":2},"end":{"line":358,"character":3}},"children":[]},{"name":"<func@361:3>","kind":12,"range":{"start":{"line":360,"character":2},"end":{"line":380,"character":3}},"selectionRange":{"start":{"line":360,"character":2},"end":{"line":380,"character":3}}}]}],"id":1}