{"jsonrpc":"2.0","result":[{"name":"<module@1:1>","kind":2,"range":{"start":{"line":0,"character":0},"end":{"line":127,"character":1}},"selectionRange":{"start":{"line":0,"character":0},"end":{"line":127,"character":1}},"children":[{"name":"<func@2:3>","kind":12,"range":{"start":{"line":1,"character":2},"end":{"line":20,"character":3}},"selectionRange":{"start":{"line":1,"character":2},"end":{"line":20,"character":3}},"children":[]},{"name":"<func@23:3>","kind":12,"range":{"start":{"line":22,"character":2},"end":{"line":51,"character":3}},"selectionRange":{"start":{"line":22,"character":2},"end":{"line":51,"character":3}},"children":[]},{"name":"<func@54:3>","kind":12,"range":{"start":{"line":53,"character":2},"end":{"line":81,"character":3}},"selectionRange":{"start":{"line":53,"character":2},"end":{"line":81,"character":3}},"children":[]},{"name":"<func@84:3>","kind":12,"range":{"start":{"line":83,"character":2},"end":{"line":104,"character":3}},"selectionRange":{"start":{"line":83,"character":2},"end":{"line":104,"character":3}},"children":[]},{"name":"<func@107:3>","kind":12,"range":{"start":{"line":106,"character":2},"end":{"line":126,"character":3}},"selectionRange":{"start":{"line":106,"character":2},"end":{"line":126,"character":3}},"children":[]}]},{"name":"<module@137:1>","kind":2,"range":{"start":{"line":136,"character":0},"end":{"line":219,"character":1}},"selectionRange":{"start":{"line":136,"character":0},"end":{"line":219,"character":1}},"children":[{"name":"$proc","kind":26,"range":{"start":{"line":137,"character":2},"end":{"line":137,"character":21}},"selectionRange":{"start":{"line":137,"character":8},"end":{"line":137,"character":13}},"children":[]},{"name":"<table@139:3>","kind":11,"range":{"start":{"line":138,"character":2},"end":{"line":138,"character":19}},"selectionRange":{"start":{"line":138,"character":2},"end":{"line":138,"character":19}},"children":[]},{"name":"<func@141:3>","kind":12,"range":{"start":{"line":140,"character":2},"end":{"line":218,"character":3}},"selectionRange":{"start":{"line":140,"character":2},"end":{"line":218,"character":3}}}]}],"id":1}