{"jsonrpc":"2.0","result":[{"name":"<module@1:1>","kind":2,"range":{"start":{"line":0,"character":0},"end":{"line":24,"character":1}},"selectionRange":{"start":{"line":0,"character":0},"end":{"line":24,"character":1}},"children":[{"name":"<type@2:3>","kind":26,"range":{"start":{"line":1,"character":2},"end":{"line":1,"character":18}},"selectionRange":{"start":{"line":1,"character":2},"end":{"line":1,"character":18}},"children":[]},{"name":"$S","kind":26,"range":{"start":{"line":2,"character":2},"end":{"line":2,"character":18}},"selectionRange":{"start":{"line":2,"character":8},"end":{"line":2,"character":10}},"children":[]},{"name":"<type@4:3>","kind":26,"range":{"start":{"line":3,"character":2},"end":{"line":3,"character":26}},"selectionRange":{"start":{"line":3,"character":2},"end":{"line":3,"character":26}},"children":[]},{"name":"<type@5:3>","kind":26,"range":{"start":{"line":4,"character":2},"end":{"line":4,"character":31}},"selectionRange":{"start":{"line":4,"character":2},"end":{"line":4,"character":31}},"children":[]},{"name":"<type@6:3>","kind":26,"range":{"start":{"line":5,"character":2},"end":{"line":5,"character":39}},"selectionRange":{"start":{"line":5,"character":2},"end":{"line":5,"character":39}},"children":[]},{"name":"$T","kind":26,"range":{"start":{"line":6,"character":2},"end":{"line":6,"character":43}},"selectionRange":{"start":{"line":6,"character":8},"end":{"line":6,"character":10}},"children":[]},{"name":"$U","kind":26,"range":{"start":{"line":7,"character":2},"end":{"line":7,"character":30}},"selectionRange":{"start":{"line":7,"character":8},"end":{"line":7,"character":10}},"children":[]},{"name":"$print","kind":12,"range":{"start":{"line":9,"character":2},"end":{"line":9,"character":56}},"selectionRange":{"start":{"line":9,"character":8},"end":{"line":9,"character":14}},"children":[]},{"name":"<func@12:3>","kind":12,"range":{"start":{"line":11,"character":2},"end":{"line":11,"character":17}},"selectionRange":{"start":{"line":11,"character":2},"end":{"line":11,"character":17}},"children":[]},{"name":"<func@13:3>","kind":12,"range":{"start":{"line":12,"character":2},"end":{"line":12,"character":18}},"selectionRange":{"start":{"line":12,"character":2},"end":{"line":12,"character":18}},"children":[]},{"name":"<func@15:3>","kind":12,"range":{"start":{"line":14,"character":2},"end":{"line":14,"character":47}},"selectionRange":{"start":{"line":14,"character":2},"end":{"line":14,"character":47}},"children":[]},{"name":"<func@16:3>","kind":12,"range":{"start":{"line":15,"character":2},"end":{"line":15,"character":71}},"selectionRange":{"start":{"line":15,"character":2},"end":{"line":15,"character":71}},"children":[]},{"name":"<func@20:3>","kind":12,"range":{"start":{"line":19,"character":2},"end":{"line":21,"character":3}},"selectionRange":{"start":{"line":19,"character":2},"end":{"line":21,"character":3}},"children":[]},{"name":"<func@24:3>","kind":12,"range":{"start":{"line":23,"character":2},"end":{"line":23,"character":62}},"selectionRange":{"start":{"line":23,"character":2},"end":{"line":23,"character":62}},"children":[]}]},{"name":"<module@51:1>","kind":2,"range":{"start":{"line":50,"character":0},"end":{"line":68,"character":1}},"selectionRange":{"start":{"line":50,"character":0},"end":{"line":68,"character":1}},"children":[{"name":"$T","kind":26,"range":{"start":{"line":51,"character":2},"end":{"line":51,"character":39}},"selectionRange":{"start":{"line":51,"character":8},"end":{"line":51,"character":10}},"children":[]},{"name":"$U","kind":26,"range":{"start":{"line":52,"character":2},"end":{"line":52,"character":39}},"selectionRange":{"start":{"line":52,"character":8},"end":{"line":52,"character":10}},"children":[]},{"name":"<table@54:3>","kind":11,"range":{"start":{"line":53,"character":2},"end":{"line":53,"character":52}},"selectionRange":{"start":{"line":53,"character":2},"end":{"line":53,"character":52}},"children":[]},{"name":"$t1","kind":12,"range":{"start":{"line":55,"character":2},"end":{"line":55,"character":36}},"selectionRange":{"start":{"line":55,"character":8},"end":{"line":55,"character":11}},"children":[]},{"name":"$t2","kind":12,"range":{"start":{"line":56,"character":2},"end":{"line":56,"character":36}},"selectionRange":{"start":{"line":56,"character":8},"end":{"line":56,"character":11}},"children":[]},{"name":"$t3","kind":12,"range":{"start":{"line":57,"character":2},"end":{"line":57,"character":36}},"selectionRange":{"start":{"line":57,"character":8},"end":{"line":57,"character":11}},"children":[]},{"name":"$u1","kind":12,"range":{"start":{"line":58,"character":2},"end":{"line":58,"character":36}},"selectionRange":{"start":{"line":58,"character":8},"end":{"line":58,"character":11}},"children":[]},{"name":"$u2","kind":12,"range":{"start":{"line":59,"character":2},"end":{"line":59,"character":36}},"selectionRange":{"start":{"line":59,"character":8},"end":{"line":59,"character":11}},"children":[]},{"name":"<func@62:3>","kind":12,"range":{"start":{"line":61,"character":2},"end":{"line":63,"character":3}},"selectionRange":{"start":{"line":61,"character":2},"end":{"line":63,"character":3}},"children":[]},{"name":"<func@66:3>","kind":12,"range":{"start":{"line":65,"character":2},"end":{"line":67,"character":3}},"selectionRange":{"start":{"line":65,"character":2},"end":{"line":67,"character":3}},"children":[]}]},{"name":"<module@93:1>","kind":2,"range":{"start":{"line":92,"character":0},"end":{"line":102,"character":1}},"selectionRange":{"start":{"line":92,"character":0},"end":{"line":102,"character":1}},"children":[{"name":"$T","kind":26,"range":{"start":{"line":93,"character":2},"end":{"line":93,"character":31}},"selectionRange":{"start":{"line":93,"character":8},"end":{"line":93,"character":10}},"children":[]},{"name":"<table@95:3>","kind":11,"range":{"start":{"line":94,"character":2},"end":{"line":94,"character":28}},"selectionRange":{"start":{"line":94,"character":2},"end":{"line":94,"character":28}},"children":[]},{"name":"$t1","kind":12,"range":{"start":{"line":96,"character":2},"end":{"line":96,"character":36}},"selectionRange":{"start":{"line":96,"character":8},"end":{"line":96,"character":11}},"children":[]},{"name":"$t2","kind":12,"range":{"start":{"line":97,"character":2},"end":{"line":97,"character":36}},"selectionRange":{"start":{"line":97,"character":8},"end":{"line":97,"character":11}},"children":[]},{"name":"<func@100:3>","kind":12,"range":{"start":{"line":99,"character":2},"end":{"line":101,"character":3}},"selectionRange":{"start":{"line":99,"character":2},"end":{"line":101,"character":3}}}]}],"id":1}