{"jsonrpc":"2.0","result":[{"name":"<module@3:1>","kind":2,"range":{"start":{"line":2,"character":0},"end":{"line":185,"character":1}},"selectionRange":{"start":{"line":2,"character":0},"end":{"line":185,"character":1}},"children":[{"name":"$a","kind":24,"range":{"start":{"line":3,"character":2},"end":{"line":3,"character":32}},"selectionRange":{"start":{"line":3,"character":10},"end":{"line":3,"character":12}},"children":[]},{"name":"<global@5:3>","kind":24,"range":{"start":{"line":4,"character":2},"end":{"line":4,"character":35}},"selectionRange":{"start":{"line":4,"character":2},"end":{"line":4,"character":35}},"children":[]},{"name":"<global@6:3>","kind":24,"range":{"start":{"line":5,"character":2},"end":{"line":5,"character":35}},"selectionRange":{"start":{"line":5,"character":2},"end":{"line":5,"character":35}},"children":[]},{"name":"$b","kind":24,"range":{"start":{"line":6,"character":2},"end":{"line":6,"character":32}},"selectionRange":{"start":{"line":6,"character":10},"end":{"line":6,"character":12}},"children":[]},{"name":"$x","kind":24,"range":{"start":{"line":8,"character":2},"end":{"line":8,"character":39}},"selectionRange":{"start":{"line":8,"character":10},"end":{"line":8,"character":12}},"children":[]},{"name":"<global@10:3>","kind":24,"range":{"start":{"line":9,"character":2},"end":{"line":9,"character":42}},"selectionRange":{"start":{"line":9,"character":2},"end":{"line":9,"character":42}},"children":[]},{"name":"<global@11:3>","kind":24,"range":{"start":{"line":10,"character":2},"end":{"line":10,"character":42}},"selectionRange":{"start":{"line":10,"character":2},"end":{"line":10,"character":42}},"children":[]},{"name":"$y","kind":24,"range":{"start":{"line":11,"character":2},"end":{"line":11,"character":39}},"selectionRange":{"start":{"line":11,"character":10},"end":{"line":11,"character":12}},"children":[]},{"name":"$r","kind":24,"range":{"start":{"line":13,"character":2},"end":{"line":13,"character":41}},"selectionRange":{"start":{"line":13,"character":10},"end":{"line":13,"character":12}},"children":[]},{"name":"$mr","kind":24,"range":{"start":{"line":14,"character":2},"end":{"line":14,"character":48}},"selectionRange":{"start":{"line":14,"character":10},"end":{"line":14,"character":13}},"children":[]},{"name":"<global@16:3>","kind":24,"range":{"start":{"line":15,"character":2},"end":{"line":15,"character":34}},"selectionRange":{"start":{"line":15,"character":2},"end":{"line":15,"character":34}},"children":[]},{"name":"<func@18:3>","kind":12,"range":{"start":{"line":17,"character":2},"end":{"line":17,"character":54}},"selectionRange":{"start":{"line":17,"character":2},"end":{"line":17,"character":54}},"children":[]},{"name":"<func@19:3>","kind":12,"range":{"start":{"line":18,"character":2},"end":{"line":18,"character":54}},"selectionRange":{"start":{"line":18,"character":2},"end":{"line":18,"character":54}},"children":[]},{"name":"<func@20:3>","kind":12,"range":{"start":{"line":19,"character":2},"end":{"line":19,"character":60}},"selectionRange":{"start":{"line":19,"character":2},"end":{"line":19,"character":60}},"children":[]},{"name":"<func@21:3>","kind":12,"range":{"start":{"line":20,"character":2},"end":{"line":20,"character":62}},"selectionRange":{"start":{"line":20,"character":2},"end":{"line":20,"character":62}},"children":[]},{"name":"<func@22:3>","kind":12,"range":{"start":{"line":21,"character":2},"end":{"line":21,"character":54}},"selectionRange":{"start":{"line":21,"character":2},"end":{"line":21,"character":54}},"children":[]},{"name":"<func@23:3>","kind":12,"range":{"start":{"line":22,"character":2},"end":{"line":22,"character":54}},"selectionRange":{"start":{"line":22,"character":2},"end":{"line":22,"character":54}},"children":[]},{"name":"<func@24:3>","kind":12,"range":{"start":{"line":23,"character":2},"end":{"line":23,"character":67}},"selectionRange":{"start":{"line":23,"character":2},"end":{"line":23,"character":67}},"children":[]},{"name":"<func@25:3>","kind":12,"range":{"start":{"line":24,"character":2},"end":{"line":24,"character":67}},"selectionRange":{"start":{"line":24,"character":2},"end":{"line":24,"character":67}},"children":[]},{"name":"<func@26:3>","kind":12,"range":{"start":{"line":25,"character":2},"end":{"line":25,"character":75}},"selectionRange":{"start":{"line":25,"character":2},"end":{"line":25,"character":75}},"children":[]},{"name":"<func@28:3>","kind":12,"range":{"start":{"line":27,"character":2},"end":{"line":27,"character":53}},"selectionRange":{"start":{"line":27,"character":2},"end":{"line":27,"character":53}},"children":[]},{"name":"<func@29:3>","kind":12,"range":{"start":{"line":28,"character":2},"end":{"line":28,"character":53}},"selectionRange":{"start":{"line":28,"character":2},"end":{"line":28,"character":53}},"children":[]},{"name":"<func@30:3>","kind":12,"range":{"start":{"line":29,"character":2},"end":{"line":29,"character":53}},"selectionRange":{"start":{"line":29,"character":2},"end":{"line":29,"character":53}},"children":[]},{"name":"<func@31:3>","kind":12,"range":{"start":{"line":30,"character":2},"end":{"line":30,"character":53}},"selectionRange":{"start":{"line":30,"character":2},"end":{"line":30,"character":53}},"children":[]},{"name":"<func@32:3>","kind":12,"range":{"start":{"line":31,"character":2},"end":{"line":31,"character":66}},"selectionRange":{"start":{"line":31,"character":2},"end":{"line":31,"character":66}},"children":[]},{"name":"<func@33:3>","kind":12,"range":{"start":{"line":32,"character":2},"end":{"line":32,"character":66}},"selectionRange":{"start":{"line":32,"character":2},"end":{"line":32,"character":66}},"children":[]},{"name":"<memory@37:3>","kind":18,"range":{"start":{"line":36,"character":2},"end":{"line":36,"character":12}},"selectionRange":{"start":{"line":36,"character":2},"end":{"line":36,"character":12}},"children":[]},{"name":"$dummy","kind":12,"range":{"start":{"line":38,"character":2},"end":{"line":38,"character":15}},"selectionRange":{"start":{"line":38,"character":8},"end":{"line":38,"character":14}},"children":[]},{"name":"<func@41:3>","kind":12,"range":{"start":{"line":40,"character":2},"end":{"line":42,"character":3}},"selectionRange":{"start":{"line":40,"character":2},"end":{"line":42,"character":3}},"children":[]},{"name":"<func@44:3>","kind":12,"range":{"start":{"line":43,"character":2},"end":{"line":45,"character":3}},"selectionRange":{"start":{"line":43,"character":2},"end":{"line":45,"character":3}},"children":[]},{"name":"<func@47:3>","kind":12,"range":{"start":{"line":46,"character":2},"end":{"line":48,"character":3}},"selectionRange":{"start":{"line":46,"character":2},"end":{"line":48,"character":3}},"children":[]},{"name":"<func@51:3>","kind":12,"range":{"start":{"line":50,"character":2},"end":{"line":54,"character":3}},"selectionRange":{"start":{"line":50,"character":2},"end":{"line":54,"character":3}},"children":[]},{"name":"<func@56:3>","kind":12,"range":{"start":{"line":55,"character":2},"end":{"line":59,"character":3}},"selectionRange":{"start":{"line":55,"character":2},"end":{"line":59,"character":3}},"children":[]},{"name":"<func@61:3>","kind":12,"range":{"start":{"line":60,"character":2},"end":{"line":64,"character":3}},"selectionRange":{"start":{"line":60,"character":2},"end":{"line":64,"character":3}},"children":[]},{"name":"<func@67:3>","kind":12,"range":{"start":{"line":66,"character":2},"end":{"line":71,"character":3}},"selectionRange":{"start":{"line":66,"character":2},"end":{"line":71,"character":3}},"children":[]},{"name":"<func@73:3>","kind":12,"range":{"start":{"line":72,"character":2},"end":{"line":76,"character":3}},"selectionRange":{"start":{"line":72,"character":2},"end":{"line":76,"character":3}},"children":[]},{"name":"<func@78:3>","kind":12,"range":{"start":{"line":77,"character":2},"end":{"line":81,"character":3}},"selectionRange":{"start":{"line":77,"character":2},"end":{"line":81,"character":3}},"children":[]},{"name":"<func@84:3>","kind":12,"range":{"start":{"line":83,"character":2},"end":{"line":88,"character":3}},"selectionRange":{"start":{"line":83,"character":2},"end":{"line":88,"character":3}},"children":[]},{"name":"<func@90:3>","kind":12,"range":{"start":{"line":89,"character":2},"end":{"line":94,"character":3}},"selectionRange":{"start":{"line":89,"character":2},"end":{"line":94,"character":3}},"children":[]},{"name":"<func@97:3>","kind":12,"range":{"start":{"line":96,"character":2},"end":{"line":100,"character":3}},"selectionRange":{"start":{"line":96,"character":2},"end":{"line":100,"character":3}},"children":[]},{"name":"<func@102:3>","kind":12,"range":{"start":{"line":101,"character":2},"end":{"line":105,"character":3}},"selectionRange":{"start":{"line":101,"character":2},"end":{"line":105,"character":3}},"children":[]},{"name":"$func","kind":12,"range":{"start":{"line":107,"character":2},"end":{"line":107,"character":57}},"selectionRange":{"start":{"line":107,"character":8},"end":{"line":107,"character":13}},"children":[]},{"name":"$check","kind":26,"range":{"start":{"line":108,"character":2},"end":{"line":108,"character":51}},"selectionRange":{"start":{"line":108,"character":8},"end":{"line":108,"character":14}},"children":[]},{"name":"<table@110:3>","kind":11,"range":{"start":{"line":109,"character":2},"end":{"line":109,"character":30}},"selectionRange":{"start":{"line":109,"character":2},"end":{"line":109,"character":30}},"children":[]},{"name":"<func@111:3>","kind":12,"range":{"start":{"line":110,"character":2},"end":{"line":116,"character":3}},"selectionRange":{"start":{"line":110,"character":2},"end":{"line":116,"character":3}},"children":[]},{"name":"<func@118:3>","kind":12,"range":{"start":{"line":117,"character":2},"end":{"line":123,"character":3}},"selectionRange":{"start":{"line":117,"character":2},"end":{"line":123,"character":3}},"children":[]},{"name":"<func@125:2>","kind":12,"range":{"start":{"line":124,"character":1},"end":{"line":130,"character":3}},"selectionRange":{"start":{"line":124,"character":1},"end":{"line":130,"character":3}},"children":[]},{"name":"<func@133:3>","kind":12,"range":{"start":{"line":132,"character":2},"end":{"line":134,"character":3}},"selectionRange":{"start":{"line":132,"character":2},"end":{"line":134,"character":3}},"children":[]},{"name":"<func@136:3>","kind":12,"range":{"start":{"line":135,"character":2},"end":{"line":137,"character":3}},"selectionRange":{"start":{"line":135,"character":2},"end":{"line":137,"character":3}},"children":[]},{"name":"<func@139:3>","kind":12,"range":{"start":{"line":138,"character":2},"end":{"line":140,"character":3}},"selectionRange":{"start":{"line":138,"character":2},"end":{"line":140,"character":3}},"children":[]},{"name":"<func@142:3>","kind":12,"range":{"start":{"line":141,"character":2},"end":{"line":143,"character":3}},"selectionRange":{"start":{"line":141,"character":2},"end":{"line":143,"character":3}},"children":[]},{"name":"$f","kind":12,"range":{"start":{"line":145,"character":2},"end":{"line":145,"character":50}},"selectionRange":{"start":{"line":145,"character":8},"end":{"line":145,"character":10}},"children":[]},{"name":"<func@147:3>","kind":12,"range":{"start":{"line":146,"character":2},"end":{"line":148,"character":3}},"selectionRange":{"start":{"line":146,"character":2},"end":{"line":148,"character":3}},"children":[]},{"name":"<func@151:3>","kind":12,"range":{"start":{"line":150,"character":2},"end":{"line":152,"character":3}},"selectionRange":{"start":{"line":150,"character":2},"end":{"line":152,"character":3}},"children":[]},{"name":"<func@154:3>","kind":12,"range":{"start":{"line":153,"character":2},"end":{"line":155,"character":3}},"selectionRange":{"start":{"line":153,"character":2},"end":{"line":155,"character":3}},"children":[]},{"name":"<func@157:3>","kind":12,"range":{"start":{"line":156,"character":2},"end":{"line":158,"character":3}},"selectionRange":{"start":{"line":156,"character":2},"end":{"line":158,"character":3}},"children":[]},{"name":"<func@161:3>","kind":12,"range":{"start":{"line":160,"character":2},"end":{"line":163,"character":3}},"selectionRange":{"start":{"line":160,"character":2},"end":{"line":163,"character":3}},"children":[]},{"name":"<func@165:3>","kind":12,"range":{"start":{"line":164,"character":2},"end":{"line":166,"character":3}},"selectionRange":{"start":{"line":164,"character":2},"end":{"line":166,"character":3}},"children":[]},{"name":"<func@168:3>","kind":12,"range":{"start":{"line":167,"character":2},"end":{"line":170,"character":3}},"selectionRange":{"start":{"line":167,"character":2},"end":{"line":170,"character":3}},"children":[]},{"name":"<func@173:3>","kind":12,"range":{"start":{"line":172,"character":2},"end":{"line":174,"character":3}},"selectionRange":{"start":{"line":172,"character":2},"end":{"line":174,"character":3}},"children":[]},{"name":"<func@176:3>","kind":12,"range":{"start":{"line":175,"character":2},"end":{"line":179,"character":3}},"selectionRange":{"start":{"line":175,"character":2},"end":{"line":179,"character":3}},"children":[]},{"name":"<func@181:3>","kind":12,"range":{"start":{"line":180,"character":2},"end":{"line":184,"character":3}},"selectionRange":{"start":{"line":180,"character":2},"end":{"line":184,"character":3}},"children":[]}]},{"name":"<module@259:1>","kind":2,"range":{"start":{"line":258,"character":0},"end":{"line":258,"character":65}},"selectionRange":{"start":{"line":258,"character":0},"end":{"line":258,"character":65}},"children":[{"name":"<global@259:9>","kind":24,"range":{"start":{"line":258,"character":8},"end":{"line":258,"character":40}},"selectionRange":{"start":{"line":258,"character":8},"end":{"line":258,"character":40}},"children":[]}]},{"name":"<module@260:1>","kind":2,"range":{"start":{"line":259,"character":0},"end":{"line":259,"character":54}},"selectionRange":{"start":{"line":259,"character":0},"end":{"line":259,"character":54}},"children":[{"name":"<global@260:9>","kind":24,"range":{"start":{"line":259,"character":8},"end":{"line":259,"character":53}},"selectionRange":{"start":{"line":259,"character":8},"end":{"line":259,"character":53}},"children":[]}]},{"name":"<module@317:1>","kind":2,"range":{"start":{"line":316,"character":0},"end":{"line":318,"character":1}},"selectionRange":{"start":{"line":316,"character":0},"end":{"line":318,"character":1}},"children":[]},{"name":"<module@347:1>","kind":2,"range":{"start":{"line":346,"character":0},"end":{"line":348,"character":1}},"selectionRange":{"start":{"line":346,"character":0},"end":{"line":348,"character":1}},"children":[{"name":"<global@348:3>","kind":24,"range":{"start":{"line":347,"character":2},"end":{"line":347,"character":28}},"selectionRange":{"start":{"line":347,"character":2},"end":{"line":347,"character":28}}}]}],"id":1}