{"jsonrpc":"2.0","result":[{"name":"<module@1:1>","kind":2,"range":{"start":{"line":0,"character":0},"end":{"line":21,"character":1}},"selectionRange":{"start":{"line":0,"character":0},"end":{"line":21,"character":1}},"children":[{"name":"$t2","kind":11,"range":{"start":{"line":1,"character":2},"end":{"line":1,"character":25}},"selectionRange":{"start":{"line":1,"character":9},"end":{"line":1,"character":12}},"children":[]},{"name":"$t3","kind":11,"range":{"start":{"line":2,"character":2},"end":{"line":2,"character":23}},"selectionRange":{"start":{"line":2,"character":9},"end":{"line":2,"character":12}},"children":[]},{"name":"<elem@4:3>","kind":8,"range":{"start":{"line":3,"character":2},"end":{"line":3,"character":46}},"selectionRange":{"start":{"line":3,"character":2},"end":{"line":3,"character":46}},"children":[]},{"name":"$dummy","kind":12,"range":{"start":{"line":4,"character":2},"end":{"line":4,"character":15}},"selectionRange":{"start":{"line":4,"character":8},"end":{"line":4,"character":14}},"children":[]},{"name":"<func@7:3>","kind":12,"range":{"start":{"line":6,"character":2},"end":{"line":9,"character":3}},"selectionRange":{"start":{"line":6,"character":2},"end":{"line":9,"character":3}},"children":[]},{"name":"<func@12:3>","kind":12,"range":{"start":{"line":11,"character":2},"end":{"line":13,"character":3}},"selectionRange":{"start":{"line":11,"character":2},"end":{"line":13,"character":3}},"children":[]},{"name":"$f3","kind":12,"range":{"start":{"line":14,"character":2},"end":{"line":16,"character":3}},"selectionRange":{"start":{"line":14,"character":8},"end":{"line":14,"character":11}},"children":[]},{"name":"<func@19:3>","kind":12,"range":{"start":{"line":18,"character":2},"end":{"line":20,"character":3}},"selectionRange":{"start":{"line":18,"character":2},"end":{"line":20,"character":3}}}]}],"id":1}