{"jsonrpc":"2.0","result":[{"name":"<module@17:1>","kind":2,"range":{"start":{"line":16,"character":0},"end":{"line":46,"character":1}},"selectionRange":{"start":{"line":16,"character":0},"end":{"line":46,"character":1}},"children":[{"name":"<func@18:3>","kind":12,"range":{"start":{"line":17,"character":2},"end":{"line":17,"character":110}},"selectionRange":{"start":{"line":17,"character":2},"end":{"line":17,"character":110}},"children":[]},{"name":"<func@19:3>","kind":12,"range":{"start":{"line":18,"character":2},"end":{"line":18,"character":110}},"selectionRange":{"start":{"line":18,"character":2},"end":{"line":18,"character":110}},"children":[]},{"name":"<func@20:3>","kind":12,"range":{"start":{"line":19,"character":2},"end":{"line":19,"character":110}},"selectionRange":{"start":{"line":19,"character":2},"end":{"line":19,"character":110}},"children":[]},{"name":"<func@21:3>","kind":12,"range":{"start":{"line":20,"character":2},"end":{"line":20,"character":110}},"selectionRange":{"start":{"line":20,"character":2},"end":{"line":20,"character":110}},"children":[]},{"name":"<func@22:3>","kind":12,"range":{"start":{"line":21,"character":2},"end":{"line":21,"character":82}},"selectionRange":{"start":{"line":21,"character":2},"end":{"line":21,"character":82}},"children":[]},{"name":"<func@23:3>","kind":12,"range":{"start":{"line":22,"character":2},"end":{"line":22,"character":80}},"selectionRange":{"start":{"line":22,"character":2},"end":{"line":22,"character":80}},"children":[]},{"name":"<func@24:3>","kind":12,"range":{"start":{"line":23,"character":2},"end":{"line":23,"character":80}},"selectionRange":{"start":{"line":23,"character":2},"end":{"line":23,"character":80}},"children":[]},{"name":"<func@25:3>","kind":12,"range":{"start":{"line":24,"character":2},"end":{"line":24,"character":120}},"selectionRange":{"start":{"line":24,"character":2},"end":{"line":24,"character":120}},"children":[]},{"name":"<func@26:3>","kind":12,"range":{"start":{"line":25,"character":2},"end":{"line":25,"character":82}},"selectionRange":{"start":{"line":25,"character":2},"end":{"line":25,"character":82}},"children":[]},{"name":"<func@27:3>","kind":12,"range":{"start":{"line":26,"character":2},"end":{"line":26,"character":84}},"selectionRange":{"start":{"line":26,"character":2},"end":{"line":26,"character":84}},"children":[]},{"name":"<func@28:3>","kind":12,"range":{"start":{"line":27,"character":2},"end":{"line":27,"character":84}},"selectionRange":{"start":{"line":27,"character":2},"end":{"line":27,"character":84}},"children":[]},{"name":"<func@29:3>","kind":12,"range":{"start":{"line":28,"character":2},"end":{"line":28,"character":88}},"selectionRange":{"start":{"line":28,"character":2},"end":{"line":28,"character":88}},"children":[]},{"name":"<func@30:3>","kind":12,"range":{"start":{"line":29,"character":2},"end":{"line":29,"character":110}},"selectionRange":{"start":{"line":29,"character":2},"end":{"line":29,"character":110}},"children":[]},{"name":"<func@31:3>","kind":12,"range":{"start":{"line":30,"character":2},"end":{"line":30,"character":110}},"selectionRange":{"start":{"line":30,"character":2},"end":{"line":30,"character":110}},"children":[]},{"name":"<func@33:3>","kind":12,"range":{"start":{"line":32,"character":2},"end":{"line":32,"character":110}},"selectionRange":{"start":{"line":32,"character":2},"end":{"line":32,"character":110}},"children":[]},{"name":"<func@34:3>","kind":12,"range":{"start":{"line":33,"character":2},"end":{"line":33,"character":110}},"selectionRange":{"start":{"line":33,"character":2},"end":{"line":33,"character":110}},"children":[]},{"name":"<func@35:3>","kind":12,"range":{"start":{"line":34,"character":2},"end":{"line":34,"character":110}},"selectionRange":{"start":{"line":34,"character":2},"end":{"line":34,"character":110}},"children":[]},{"name":"<func@36:3>","kind":12,"range":{"start":{"line":35,"character":2},"end":{"line":35,"character":110}},"selectionRange":{"start":{"line":35,"character":2},"end":{"line":35,"character":110}},"children":[]},{"name":"<func@37:3>","kind":12,"range":{"start":{"line":36,"character":2},"end":{"line":36,"character":82}},"selectionRange":{"start":{"line":36,"character":2},"end":{"line":36,"character":82}},"children":[]},{"name":"<func@38:3>","kind":12,"range":{"start":{"line":37,"character":2},"end":{"line":37,"character":80}},"selectionRange":{"start":{"line":37,"character":2},"end":{"line":37,"character":80}},"children":[]},{"name":"<func@39:3>","kind":12,"range":{"start":{"line":38,"character":2},"end":{"line":38,"character":80}},"selectionRange":{"start":{"line":38,"character":2},"end":{"line":38,"character":80}},"children":[]},{"name":"<func@40:3>","kind":12,"range":{"start":{"line":39,"character":2},"end":{"line":39,"character":120}},"selectionRange":{"start":{"line":39,"character":2},"end":{"line":39,"character":120}},"children":[]},{"name":"<func@41:3>","kind":12,"range":{"start":{"line":40,"character":2},"end":{"line":40,"character":82}},"selectionRange":{"start":{"line":40,"character":2},"end":{"line":40,"character":82}},"children":[]},{"name":"<func@42:3>","kind":12,"range":{"start":{"line":41,"character":2},"end":{"line":41,"character":84}},"selectionRange":{"start":{"line":41,"character":2},"end":{"line":41,"character":84}},"children":[]},{"name":"<func@43:3>","kind":12,"range":{"start":{"line":42,"character":2},"end":{"line":42,"character":84}},"selectionRange":{"start":{"line":42,"character":2},"end":{"line":42,"character":84}},"children":[]},{"name":"<func@44:3>","kind":12,"range":{"start":{"line":43,"character":2},"end":{"line":43,"character":88}},"selectionRange":{"start":{"line":43,"character":2},"end":{"line":43,"character":88}},"children":[]},{"name":"<func@45:3>","kind":12,"range":{"start":{"line":44,"character":2},"end":{"line":44,"character":110}},"selectionRange":{"start":{"line":44,"character":2},"end":{"line":44,"character":110}},"children":[]},{"name":"<func@46:3>","kind":12,"range":{"start":{"line":45,"character":2},"end":{"line":45,"character":110}},"selectionRange":{"start":{"line":45,"character":2},"end":{"line":45,"character":110}}}]}],"id":1}