{"jsonrpc":"2.0","result":[{"name":"<module@3:1>","kind":2,"range":{"start":{"line":2,"character":0},"end":{"line":9,"character":1}},"selectionRange":{"start":{"line":2,"character":0},"end":{"line":9,"character":1}},"children":[{"name":"<func@4:3>","kind":12,"range":{"start":{"line":3,"character":2},"end":{"line":3,"character":109}},"selectionRange":{"start":{"line":3,"character":2},"end":{"line":3,"character":109}},"children":[]},{"name":"<func@5:3>","kind":12,"range":{"start":{"line":4,"character":2},"end":{"line":4,"character":109}},"selectionRange":{"start":{"line":4,"character":2},"end":{"line":4,"character":109}},"children":[]},{"name":"<func@6:3>","kind":12,"range":{"start":{"line":5,"character":2},"end":{"line":5,"character":109}},"selectionRange":{"start":{"line":5,"character":2},"end":{"line":5,"character":109}},"children":[]},{"name":"<func@7:3>","kind":12,"range":{"start":{"line":6,"character":2},"end":{"line":6,"character":109}},"selectionRange":{"start":{"line":6,"character":2},"end":{"line":6,"character":109}},"children":[]},{"name":"<func@8:3>","kind":12,"range":{"start":{"line":7,"character":2},"end":{"line":7,"character":109}},"selectionRange":{"start":{"line":7,"character":2},"end":{"line":7,"character":109}},"children":[]},{"name":"<func@9:3>","kind":12,"range":{"start":{"line":8,"character":2},"end":{"line":8,"character":109}},"selectionRange":{"start":{"line":8,"character":2},"end":{"line":8,"character":109}},"children":[]}]},{"name":"<module@7799:1>","kind":2,"range":{"start":{"line":7798,"character":0},"end":{"line":8053,"character":1}},"selectionRange":{"start":{"line":7798,"character":0},"end":{"line":8053,"character":1}},"children":[{"name":"<memory@7799:9>","kind":18,"range":{"start":{"line":7798,"character":8},"end":{"line":7798,"character":18}},"selectionRange":{"start":{"line":7798,"character":8},"end":{"line":7798,"character":18}},"children":[]},{"name":"<func@7800:3>","kind":12,"range":{"start":{"line":7799,"character":2},"end":{"line":7810,"character":3}},"selectionRange":{"start":{"line":7799,"character":2},"end":{"line":7810,"character":3}},"children":[]},{"name":"<func@7812:3>","kind":12,"range":{"start":{"line":7811,"character":2},"end":{"line":7822,"character":3}},"selectionRange":{"start":{"line":7811,"character":2},"end":{"line":7822,"character":3}},"children":[]},{"name":"<func@7824:3>","kind":12,"range":{"start":{"line":7823,"character":2},"end":{"line":7834,"character":3}},"selectionRange":{"start":{"line":7823,"character":2},"end":{"line":7834,"character":3}},"children":[]},{"name":"<func@7836:3>","kind":12,"range":{"start":{"line":7835,"character":2},"end":{"line":7846,"character":3}},"selectionRange":{"start":{"line":7835,"character":2},"end":{"line":7846,"character":3}},"children":[]},{"name":"<func@7848:3>","kind":12,"range":{"start":{"line":7847,"character":2},"end":{"line":7858,"character":3}},"selectionRange":{"start":{"line":7847,"character":2},"end":{"line":7858,"character":3}},"children":[]},{"name":"<func@7860:3>","kind":12,"range":{"start":{"line":7859,"character":2},"end":{"line":7870,"character":3}},"selectionRange":{"start":{"line":7859,"character":2},"end":{"line":7870,"character":3}},"children":[]},{"name":"<func@7872:3>","kind":12,"range":{"start":{"line":7871,"character":2},"end":{"line":7896,"character":3}},"selectionRange":{"start":{"line":7871,"character":2},"end":{"line":7896,"character":3}},"children":[]},{"name":"<func@7898:3>","kind":12,"range":{"start":{"line":7897,"character":2},"end":{"line":7922,"character":3}},"selectionRange":{"start":{"line":7897,"character":2},"end":{"line":7922,"character":3}},"children":[]},{"name":"<func@7924:3>","kind":12,"range":{"start":{"line":7923,"character":2},"end":{"line":7948,"character":3}},"selectionRange":{"start":{"line":7923,"character":2},"end":{"line":7948,"character":3}},"children":[]},{"name":"<func@7950:3>","kind":12,"range":{"start":{"line":7949,"character":2},"end":{"line":7974,"character":3}},"selectionRange":{"start":{"line":7949,"character":2},"end":{"line":7974,"character":3}},"children":[]},{"name":"<func@7976:3>","kind":12,"range":{"start":{"line":7975,"character":2},"end":{"line":8000,"character":3}},"selectionRange":{"start":{"line":7975,"character":2},"end":{"line":8000,"character":3}},"children":[]},{"name":"<func@8002:3>","kind":12,"range":{"start":{"line":8001,"character":2},"end":{"line":8026,"character":3}},"selectionRange":{"start":{"line":8001,"character":2},"end":{"line":8026,"character":3}},"children":[]},{"name":"<func@8028:3>","kind":12,"range":{"start":{"line":8027,"character":2},"end":{"line":8052,"character":3}},"selectionRange":{"start":{"line":8027,"character":2},"end":{"line":8052,"character":3}}}]}],"id":1}