{"jsonrpc":"2.0","result":[{"name":"<module@4:1>","kind":2,"range":{"start":{"line":3,"character":0},"end":{"line":8,"character":1}},"selectionRange":{"start":{"line":3,"character":0},"end":{"line":8,"character":1}},"children":[{"name":"<func@5:3>","kind":12,"range":{"start":{"line":4,"character":2},"end":{"line":4,"character":101}},"selectionRange":{"start":{"line":4,"character":2},"end":{"line":4,"character":101}},"children":[]},{"name":"<func@6:3>","kind":12,"range":{"start":{"line":5,"character":2},"end":{"line":5,"character":101}},"selectionRange":{"start":{"line":5,"character":2},"end":{"line":5,"character":101}},"children":[]},{"name":"<func@7:3>","kind":12,"range":{"start":{"line":6,"character":2},"end":{"line":6,"character":101}},"selectionRange":{"start":{"line":6,"character":2},"end":{"line":6,"character":101}},"children":[]},{"name":"<func@8:3>","kind":12,"range":{"start":{"line":7,"character":2},"end":{"line":7,"character":82}},"selectionRange":{"start":{"line":7,"character":2},"end":{"line":7,"character":82}},"children":[]}]},{"name":"<module@593:1>","kind":2,"range":{"start":{"line":592,"character":0},"end":{"line":607,"character":1}},"selectionRange":{"start":{"line":592,"character":0},"end":{"line":607,"character":1}},"children":[{"name":"<func@594:3>","kind":12,"range":{"start":{"line":593,"character":2},"end":{"line":594,"character":69}},"selectionRange":{"start":{"line":593,"character":2},"end":{"line":594,"character":69}},"children":[]},{"name":"<func@596:3>","kind":12,"range":{"start":{"line":595,"character":2},"end":{"line":596,"character":69}},"selectionRange":{"start":{"line":595,"character":2},"end":{"line":596,"character":69}},"children":[]},{"name":"<func@598:3>","kind":12,"range":{"start":{"line":597,"character":2},"end":{"line":598,"character":69}},"selectionRange":{"start":{"line":597,"character":2},"end":{"line":598,"character":69}},"children":[]},{"name":"<func@600:3>","kind":12,"range":{"start":{"line":599,"character":2},"end":{"line":600,"character":69}},"selectionRange":{"start":{"line":599,"character":2},"end":{"line":600,"character":69}},"children":[]},{"name":"<func@602:3>","kind":12,"range":{"start":{"line":601,"character":2},"end":{"line":602,"character":56}},"selectionRange":{"start":{"line":601,"character":2},"end":{"line":602,"character":56}},"children":[]},{"name":"<func@604:3>","kind":12,"range":{"start":{"line":603,"character":2},"end":{"line":604,"character":56}},"selectionRange":{"start":{"line":603,"character":2},"end":{"line":604,"character":56}},"children":[]},{"name":"<func@606:3>","kind":12,"range":{"start":{"line":605,"character":2},"end":{"line":606,"character":56}},"selectionRange":{"start":{"line":605,"character":2},"end":{"line":606,"character":56}}}]}],"id":1}