{"jsonrpc":"2.0","result":[{"name":"<module@3:1>","kind":2,"range":{"start":{"line":2,"character":0},"end":{"line":37,"character":1}},"selectionRange":{"start":{"line":2,"character":0},"end":{"line":37,"character":1}},"children":[{"name":"<memory@4:3>","kind":18,"range":{"start":{"line":3,"character":2},"end":{"line":3,"character":12}},"selectionRange":{"start":{"line":3,"character":2},"end":{"line":3,"character":12}},"children":[]},{"name":"<func@5:3>","kind":12,"range":{"start":{"line":4,"character":2},"end":{"line":7,"character":3}},"selectionRange":{"start":{"line":4,"character":2},"end":{"line":7,"character":3}},"children":[]},{"name":"<func@9:3>","kind":12,"range":{"start":{"line":8,"character":2},"end":{"line":11,"character":3}},"selectionRange":{"start":{"line":8,"character":2},"end":{"line":11,"character":3}},"children":[]},{"name":"<func@13:3>","kind":12,"range":{"start":{"line":12,"character":2},"end":{"line":15,"character":3}},"selectionRange":{"start":{"line":12,"character":2},"end":{"line":15,"character":3}},"children":[]},{"name":"<func@17:3>","kind":12,"range":{"start":{"line":16,"character":2},"end":{"line":19,"character":3}},"selectionRange":{"start":{"line":16,"character":2},"end":{"line":19,"character":3}},"children":[]},{"name":"<func@21:3>","kind":12,"range":{"start":{"line":20,"character":2},"end":{"line":23,"character":3}},"selectionRange":{"start":{"line":20,"character":2},"end":{"line":23,"character":3}},"children":[]},{"name":"<func@25:3>","kind":12,"range":{"start":{"line":24,"character":2},"end":{"line":27,"character":3}},"selectionRange":{"start":{"line":24,"character":2},"end":{"line":27,"character":3}},"children":[]},{"name":"<func@29:3>","kind":12,"range":{"start":{"line":28,"character":2},"end":{"line":31,"character":3}},"selectionRange":{"start":{"line":28,"character":2},"end":{"line":31,"character":3}},"children":[]},{"name":"<func@34:3>","kind":12,"range":{"start":{"line":33,"character":2},"end":{"line":36,"character":3}},"selectionRange":{"start":{"line":33,"character":2},"end":{"line":36,"character":3}},"children":[]}]},{"name":"<module@52:1>","kind":2,"range":{"start":{"line":51,"character":0},"end":{"line":86,"character":1}},"selectionRange":{"start":{"line":51,"character":0},"end":{"line":86,"character":1}},"children":[{"name":"<memory@53:3>","kind":18,"range":{"start":{"line":52,"character":2},"end":{"line":52,"character":12}},"selectionRange":{"start":{"line":52,"character":2},"end":{"line":52,"character":12}},"children":[]},{"name":"<func@54:3>","kind":12,"range":{"start":{"line":53,"character":2},"end":{"line":55,"character":3}},"selectionRange":{"start":{"line":53,"character":2},"end":{"line":55,"character":3}},"children":[]},{"name":"<func@57:3>","kind":12,"range":{"start":{"line":56,"character":2},"end":{"line":58,"character":3}},"selectionRange":{"start":{"line":56,"character":2},"end":{"line":58,"character":3}},"children":[]},{"name":"<func@60:3>","kind":12,"range":{"start":{"line":59,"character":2},"end":{"line":61,"character":3}},"selectionRange":{"start":{"line":59,"character":2},"end":{"line":61,"character":3}},"children":[]},{"name":"<func@63:3>","kind":12,"range":{"start":{"line":62,"character":2},"end":{"line":66,"character":3}},"selectionRange":{"start":{"line":62,"character":2},"end":{"line":66,"character":3}},"children":[]},{"name":"<func@68:3>","kind":12,"range":{"start":{"line":67,"character":2},"end":{"line":71,"character":3}},"selectionRange":{"start":{"line":67,"character":2},"end":{"line":71,"character":3}},"children":[]},{"name":"<func@73:3>","kind":12,"range":{"start":{"line":72,"character":2},"end":{"line":76,"character":3}},"selectionRange":{"start":{"line":72,"character":2},"end":{"line":76,"character":3}},"children":[]},{"name":"<func@78:3>","kind":12,"range":{"start":{"line":77,"character":2},"end":{"line":79,"character":3}},"selectionRange":{"start":{"line":77,"character":2},"end":{"line":79,"character":3}},"children":[]},{"name":"<func@81:3>","kind":12,"range":{"start":{"line":80,"character":2},"end":{"line":82,"character":3}},"selectionRange":{"start":{"line":80,"character":2},"end":{"line":82,"character":3}},"children":[]},{"name":"<func@84:3>","kind":12,"range":{"start":{"line":83,"character":2},"end":{"line":85,"character":3}},"selectionRange":{"start":{"line":83,"character":2},"end":{"line":85,"character":3}}}]}],"id":1}