{"jsonrpc":"2.0","result":[{"name":"<module@4:1>","kind":2,"range":{"start":{"line":3,"character":0},"end":{"line":8,"character":1}},"selectionRange":{"start":{"line":3,"character":0},"end":{"line":8,"character":1}},"children":[{"name":"<func@5:3>","kind":12,"range":{"start":{"line":4,"character":2},"end":{"line":4,"character":113}},"selectionRange":{"start":{"line":4,"character":2},"end":{"line":4,"character":113}},"children":[]},{"name":"<func@6:3>","kind":12,"range":{"start":{"line":5,"character":2},"end":{"line":5,"character":113}},"selectionRange":{"start":{"line":5,"character":2},"end":{"line":5,"character":113}},"children":[]},{"name":"<func@7:3>","kind":12,"range":{"start":{"line":6,"character":2},"end":{"line":6,"character":113}},"selectionRange":{"start":{"line":6,"character":2},"end":{"line":6,"character":113}},"children":[]},{"name":"<func@8:3>","kind":12,"range":{"start":{"line":7,"character":2},"end":{"line":7,"character":113}},"selectionRange":{"start":{"line":7,"character":2},"end":{"line":7,"character":113}},"children":[]}]},{"name":"<module@696:1>","kind":2,"range":{"start":{"line":695,"character":0},"end":{"line":712,"character":1}},"selectionRange":{"start":{"line":695,"character":0},"end":{"line":712,"character":1}},"children":[{"name":"<func@697:3>","kind":12,"range":{"start":{"line":696,"character":2},"end":{"line":697,"character":81}},"selectionRange":{"start":{"line":696,"character":2},"end":{"line":697,"character":81}},"children":[]},{"name":"<func@699:3>","kind":12,"range":{"start":{"line":698,"character":2},"end":{"line":699,"character":81}},"selectionRange":{"start":{"line":698,"character":2},"end":{"line":699,"character":81}},"children":[]},{"name":"<func@701:3>","kind":12,"range":{"start":{"line":700,"character":2},"end":{"line":701,"character":81}},"selectionRange":{"start":{"line":700,"character":2},"end":{"line":701,"character":81}},"children":[]},{"name":"<func@703:3>","kind":12,"range":{"start":{"line":702,"character":2},"end":{"line":703,"character":81}},"selectionRange":{"start":{"line":702,"character":2},"end":{"line":703,"character":81}},"children":[]},{"name":"<func@705:3>","kind":12,"range":{"start":{"line":704,"character":2},"end":{"line":705,"character":62}},"selectionRange":{"start":{"line":704,"character":2},"end":{"line":705,"character":62}},"children":[]},{"name":"<func@707:3>","kind":12,"range":{"start":{"line":706,"character":2},"end":{"line":707,"character":62}},"selectionRange":{"start":{"line":706,"character":2},"end":{"line":707,"character":62}},"children":[]},{"name":"<func@709:3>","kind":12,"range":{"start":{"line":708,"character":2},"end":{"line":709,"character":62}},"selectionRange":{"start":{"line":708,"character":2},"end":{"line":709,"character":62}},"children":[]},{"name":"<func@711:3>","kind":12,"range":{"start":{"line":710,"character":2},"end":{"line":711,"character":62}},"selectionRange":{"start":{"line":710,"character":2},"end":{"line":711,"character":62}}}]}],"id":1}