{"jsonrpc":"2.0","result":[{"name":"<module@3:1>","kind":2,"range":{"start":{"line":2,"character":0},"end":{"line":41,"character":1}},"selectionRange":{"start":{"line":2,"character":0},"end":{"line":41,"character":1}},"children":[{"name":"<memory@4:3>","kind":18,"range":{"start":{"line":3,"character":2},"end":{"line":3,"character":12}},"selectionRange":{"start":{"line":3,"character":2},"end":{"line":3,"character":12}},"children":[]},{"name":"<data@5:3>","kind":20,"range":{"start":{"line":4,"character":2},"end":{"line":4,"character":73}},"selectionRange":{"start":{"line":4,"character":2},"end":{"line":4,"character":73}},"children":[]},{"name":"<data@6:3>","kind":20,"range":{"start":{"line":5,"character":2},"end":{"line":5,"character":77}},"selectionRange":{"start":{"line":5,"character":2},"end":{"line":5,"character":77}},"children":[]},{"name":"<func@8:3>","kind":12,"range":{"start":{"line":7,"character":2},"end":{"line":7,"character":111}},"selectionRange":{"start":{"line":7,"character":2},"end":{"line":7,"character":111}},"children":[]},{"name":"<func@9:3>","kind":12,"range":{"start":{"line":8,"character":2},"end":{"line":8,"character":111}},"selectionRange":{"start":{"line":8,"character":2},"end":{"line":8,"character":111}},"children":[]},{"name":"<func@10:3>","kind":12,"range":{"start":{"line":9,"character":2},"end":{"line":9,"character":111}},"selectionRange":{"start":{"line":9,"character":2},"end":{"line":9,"character":111}},"children":[]},{"name":"<func@11:3>","kind":12,"range":{"start":{"line":10,"character":2},"end":{"line":10,"character":111}},"selectionRange":{"start":{"line":10,"character":2},"end":{"line":10,"character":111}},"children":[]},{"name":"<func@14:3>","kind":12,"range":{"start":{"line":13,"character":2},"end":{"line":13,"character":117}},"selectionRange":{"start":{"line":13,"character":2},"end":{"line":13,"character":117}},"children":[]},{"name":"<func@15:3>","kind":12,"range":{"start":{"line":14,"character":2},"end":{"line":14,"character":115}},"selectionRange":{"start":{"line":14,"character":2},"end":{"line":14,"character":115}},"children":[]},{"name":"<func@16:3>","kind":12,"range":{"start":{"line":15,"character":2},"end":{"line":15,"character":132}},"selectionRange":{"start":{"line":15,"character":2},"end":{"line":15,"character":132}},"children":[]},{"name":"<func@17:3>","kind":12,"range":{"start":{"line":16,"character":2},"end":{"line":16,"character":132}},"selectionRange":{"start":{"line":16,"character":2},"end":{"line":16,"character":132}},"children":[]},{"name":"<func@18:3>","kind":12,"range":{"start":{"line":17,"character":2},"end":{"line":17,"character":134}},"selectionRange":{"start":{"line":17,"character":2},"end":{"line":17,"character":134}},"children":[]},{"name":"<func@20:3>","kind":12,"range":{"start":{"line":19,"character":2},"end":{"line":19,"character":117}},"selectionRange":{"start":{"line":19,"character":2},"end":{"line":19,"character":117}},"children":[]},{"name":"<func@21:3>","kind":12,"range":{"start":{"line":20,"character":2},"end":{"line":20,"character":115}},"selectionRange":{"start":{"line":20,"character":2},"end":{"line":20,"character":115}},"children":[]},{"name":"<func@22:3>","kind":12,"range":{"start":{"line":21,"character":2},"end":{"line":21,"character":132}},"selectionRange":{"start":{"line":21,"character":2},"end":{"line":21,"character":132}},"children":[]},{"name":"<func@23:3>","kind":12,"range":{"start":{"line":22,"character":2},"end":{"line":22,"character":132}},"selectionRange":{"start":{"line":22,"character":2},"end":{"line":22,"character":132}},"children":[]},{"name":"<func@24:3>","kind":12,"range":{"start":{"line":23,"character":2},"end":{"line":23,"character":134}},"selectionRange":{"start":{"line":23,"character":2},"end":{"line":23,"character":134}},"children":[]},{"name":"<func@26:3>","kind":12,"range":{"start":{"line":25,"character":2},"end":{"line":25,"character":117}},"selectionRange":{"start":{"line":25,"character":2},"end":{"line":25,"character":117}},"children":[]},{"name":"<func@27:3>","kind":12,"range":{"start":{"line":26,"character":2},"end":{"line":26,"character":115}},"selectionRange":{"start":{"line":26,"character":2},"end":{"line":26,"character":115}},"children":[]},{"name":"<func@28:3>","kind":12,"range":{"start":{"line":27,"character":2},"end":{"line":27,"character":132}},"selectionRange":{"start":{"line":27,"character":2},"end":{"line":27,"character":132}},"children":[]},{"name":"<func@29:3>","kind":12,"range":{"start":{"line":28,"character":2},"end":{"line":28,"character":132}},"selectionRange":{"start":{"line":28,"character":2},"end":{"line":28,"character":132}},"children":[]},{"name":"<func@30:3>","kind":12,"range":{"start":{"line":29,"character":2},"end":{"line":29,"character":134}},"selectionRange":{"start":{"line":29,"character":2},"end":{"line":29,"character":134}},"children":[]},{"name":"<func@32:3>","kind":12,"range":{"start":{"line":31,"character":2},"end":{"line":31,"character":117}},"selectionRange":{"start":{"line":31,"character":2},"end":{"line":31,"character":117}},"children":[]},{"name":"<func@33:3>","kind":12,"range":{"start":{"line":32,"character":2},"end":{"line":32,"character":115}},"selectionRange":{"start":{"line":32,"character":2},"end":{"line":32,"character":115}},"children":[]},{"name":"<func@34:3>","kind":12,"range":{"start":{"line":33,"character":2},"end":{"line":33,"character":132}},"selectionRange":{"start":{"line":33,"character":2},"end":{"line":33,"character":132}},"children":[]},{"name":"<func@35:3>","kind":12,"range":{"start":{"line":34,"character":2},"end":{"line":34,"character":132}},"selectionRange":{"start":{"line":34,"character":2},"end":{"line":34,"character":132}},"children":[]},{"name":"<func@36:3>","kind":12,"range":{"start":{"line":35,"character":2},"end":{"line":35,"character":134}},"selectionRange":{"start":{"line":35,"character":2},"end":{"line":35,"character":134}},"children":[]},{"name":"<func@38:3>","kind":12,"range":{"start":{"line":37,"character":2},"end":{"line":37,"character":125}},"selectionRange":{"start":{"line":37,"character":2},"end":{"line":37,"character":125}},"children":[]},{"name":"<func@39:3>","kind":12,"range":{"start":{"line":38,"character":2},"end":{"line":38,"character":125}},"selectionRange":{"start":{"line":38,"character":2},"end":{"line":38,"character":125}},"children":[]},{"name":"<func@40:3>","kind":12,"range":{"start":{"line":39,"character":2},"end":{"line":39,"character":125}},"selectionRange":{"start":{"line":39,"character":2},"end":{"line":39,"character":125}},"children":[]},{"name":"<func@41:3>","kind":12,"range":{"start":{"line":40,"character":2},"end":{"line":40,"character":125}},"selectionRange":{"start":{"line":40,"character":2},"end":{"line":40,"character":125}},"children":[]}]},{"name":"<module@158:1>","kind":2,"range":{"start":{"line":157,"character":0},"end":{"line":196,"character":1}},"selectionRange":{"start":{"line":157,"character":0},"end":{"line":196,"character":1}},"children":[{"name":"<memory@158:9>","kind":18,"range":{"start":{"line":157,"character":8},"end":{"line":157,"character":18}},"selectionRange":{"start":{"line":157,"character":8},"end":{"line":157,"character":18}},"children":[]},{"name":"<data@159:3>","kind":20,"range":{"start":{"line":158,"character":2},"end":{"line":158,"character":58}},"selectionRange":{"start":{"line":158,"character":2},"end":{"line":158,"character":58}},"children":[]},{"name":"<func@161:3>","kind":12,"range":{"start":{"line":160,"character":2},"end":{"line":162,"character":3}},"selectionRange":{"start":{"line":160,"character":2},"end":{"line":162,"character":3}},"children":[]},{"name":"<func@164:3>","kind":12,"range":{"start":{"line":163,"character":2},"end":{"line":165,"character":3}},"selectionRange":{"start":{"line":163,"character":2},"end":{"line":165,"character":3}},"children":[]},{"name":"<func@167:3>","kind":12,"range":{"start":{"line":166,"character":2},"end":{"line":168,"character":3}},"selectionRange":{"start":{"line":166,"character":2},"end":{"line":168,"character":3}},"children":[]},{"name":"<func@170:3>","kind":12,"range":{"start":{"line":169,"character":2},"end":{"line":171,"character":3}},"selectionRange":{"start":{"line":169,"character":2},"end":{"line":171,"character":3}},"children":[]},{"name":"<func@173:3>","kind":12,"range":{"start":{"line":172,"character":2},"end":{"line":174,"character":3}},"selectionRange":{"start":{"line":172,"character":2},"end":{"line":174,"character":3}},"children":[]},{"name":"<func@176:3>","kind":12,"range":{"start":{"line":175,"character":2},"end":{"line":177,"character":3}},"selectionRange":{"start":{"line":175,"character":2},"end":{"line":177,"character":3}},"children":[]},{"name":"<func@179:3>","kind":12,"range":{"start":{"line":178,"character":2},"end":{"line":180,"character":3}},"selectionRange":{"start":{"line":178,"character":2},"end":{"line":180,"character":3}},"children":[]},{"name":"<func@182:3>","kind":12,"range":{"start":{"line":181,"character":2},"end":{"line":183,"character":3}},"selectionRange":{"start":{"line":181,"character":2},"end":{"line":183,"character":3}},"children":[]},{"name":"<func@185:3>","kind":12,"range":{"start":{"line":184,"character":2},"end":{"line":186,"character":3}},"selectionRange":{"start":{"line":184,"character":2},"end":{"line":186,"character":3}},"children":[]},{"name":"<func@188:3>","kind":12,"range":{"start":{"line":187,"character":2},"end":{"line":189,"character":3}},"selectionRange":{"start":{"line":187,"character":2},"end":{"line":189,"character":3}},"children":[]},{"name":"<func@191:3>","kind":12,"range":{"start":{"line":190,"character":2},"end":{"line":192,"character":3}},"selectionRange":{"start":{"line":190,"character":2},"end":{"line":192,"character":3}},"children":[]},{"name":"<func@194:3>","kind":12,"range":{"start":{"line":193,"character":2},"end":{"line":195,"character":3}},"selectionRange":{"start":{"line":193,"character":2},"end":{"line":195,"character":3}}}]}],"id":1}