{"jsonrpc":"2.0","result":[{"name":"<module@4:1>","kind":2,"range":{"start":{"line":3,"character":0},"end":{"line":29,"character":1}},"selectionRange":{"start":{"line":3,"character":0},"end":{"line":29,"character":1}},"children":[{"name":"<func@5:3>","kind":12,"range":{"start":{"line":4,"character":2},"end":{"line":4,"character":101}},"selectionRange":{"start":{"line":4,"character":2},"end":{"line":4,"character":101}},"children":[]},{"name":"<func@6:3>","kind":12,"range":{"start":{"line":5,"character":2},"end":{"line":5,"character":101}},"selectionRange":{"start":{"line":5,"character":2},"end":{"line":5,"character":101}},"children":[]},{"name":"<func@7:3>","kind":12,"range":{"start":{"line":6,"character":2},"end":{"line":6,"character":82}},"selectionRange":{"start":{"line":6,"character":2},"end":{"line":6,"character":82}},"children":[]},{"name":"<func@9:3>","kind":12,"range":{"start":{"line":8,"character":2},"end":{"line":8,"character":123}},"selectionRange":{"start":{"line":8,"character":2},"end":{"line":8,"character":123}},"children":[]},{"name":"<func@10:3>","kind":12,"range":{"start":{"line":9,"character":2},"end":{"line":9,"character":122}},"selectionRange":{"start":{"line":9,"character":2},"end":{"line":9,"character":122}},"children":[]},{"name":"<func@11:3>","kind":12,"range":{"start":{"line":10,"character":2},"end":{"line":10,"character":158}},"selectionRange":{"start":{"line":10,"character":2},"end":{"line":10,"character":158}},"children":[]},{"name":"<func@12:3>","kind":12,"range":{"start":{"line":11,"character":2},"end":{"line":11,"character":158}},"selectionRange":{"start":{"line":11,"character":2},"end":{"line":11,"character":158}},"children":[]},{"name":"<func@14:3>","kind":12,"range":{"start":{"line":13,"character":2},"end":{"line":13,"character":122}},"selectionRange":{"start":{"line":13,"character":2},"end":{"line":13,"character":122}},"children":[]},{"name":"<func@15:3>","kind":12,"range":{"start":{"line":14,"character":2},"end":{"line":14,"character":121}},"selectionRange":{"start":{"line":14,"character":2},"end":{"line":14,"character":121}},"children":[]},{"name":"<func@16:3>","kind":12,"range":{"start":{"line":15,"character":2},"end":{"line":15,"character":139}},"selectionRange":{"start":{"line":15,"character":2},"end":{"line":15,"character":139}},"children":[]},{"name":"<func@17:3>","kind":12,"range":{"start":{"line":16,"character":2},"end":{"line":16,"character":139}},"selectionRange":{"start":{"line":16,"character":2},"end":{"line":16,"character":139}},"children":[]},{"name":"<func@19:3>","kind":12,"range":{"start":{"line":18,"character":2},"end":{"line":18,"character":124}},"selectionRange":{"start":{"line":18,"character":2},"end":{"line":18,"character":124}},"children":[]},{"name":"<func@20:3>","kind":12,"range":{"start":{"line":19,"character":2},"end":{"line":19,"character":123}},"selectionRange":{"start":{"line":19,"character":2},"end":{"line":19,"character":123}},"children":[]},{"name":"<func@21:3>","kind":12,"range":{"start":{"line":20,"character":2},"end":{"line":20,"character":159}},"selectionRange":{"start":{"line":20,"character":2},"end":{"line":20,"character":159}},"children":[]},{"name":"<func@22:3>","kind":12,"range":{"start":{"line":21,"character":2},"end":{"line":21,"character":159}},"selectionRange":{"start":{"line":21,"character":2},"end":{"line":21,"character":159}},"children":[]},{"name":"<func@24:3>","kind":12,"range":{"start":{"line":23,"character":2},"end":{"line":23,"character":123}},"selectionRange":{"start":{"line":23,"character":2},"end":{"line":23,"character":123}},"children":[]},{"name":"<func@25:3>","kind":12,"range":{"start":{"line":24,"character":2},"end":{"line":24,"character":122}},"selectionRange":{"start":{"line":24,"character":2},"end":{"line":24,"character":122}},"children":[]},{"name":"<func@26:3>","kind":12,"range":{"start":{"line":25,"character":2},"end":{"line":25,"character":140}},"selectionRange":{"start":{"line":25,"character":2},"end":{"line":25,"character":140}},"children":[]},{"name":"<func@27:3>","kind":12,"range":{"start":{"line":26,"character":2},"end":{"line":26,"character":140}},"selectionRange":{"start":{"line":26,"character":2},"end":{"line":26,"character":140}},"children":[]},{"name":"<func@29:3>","kind":12,"range":{"start":{"line":28,"character":2},"end":{"line":28,"character":97}},"selectionRange":{"start":{"line":28,"character":2},"end":{"line":28,"character":97}},"children":[]}]},{"name":"<module@2383:1>","kind":2,"range":{"start":{"line":2382,"character":0},"end":{"line":2391,"character":1}},"selectionRange":{"start":{"line":2382,"character":0},"end":{"line":2391,"character":1}},"children":[{"name":"<func@2384:3>","kind":12,"range":{"start":{"line":2383,"character":2},"end":{"line":2384,"character":69}},"selectionRange":{"start":{"line":2383,"character":2},"end":{"line":2384,"character":69}},"children":[]},{"name":"<func@2386:3>","kind":12,"range":{"start":{"line":2385,"character":2},"end":{"line":2386,"character":69}},"selectionRange":{"start":{"line":2385,"character":2},"end":{"line":2386,"character":69}},"children":[]},{"name":"<func@2388:3>","kind":12,"range":{"start":{"line":2387,"character":2},"end":{"line":2388,"character":56}},"selectionRange":{"start":{"line":2387,"character":2},"end":{"line":2388,"character":56}},"children":[]},{"name":"<func@2390:3>","kind":12,"range":{"start":{"line":2389,"character":2},"end":{"line":2390,"character":56}},"selectionRange":{"start":{"line":2389,"character":2},"end":{"line":2390,"character":56}}}]}],"id":1}