{"jsonrpc":"2.0","result":[{"name":"<module@4:1>","kind":2,"range":{"start":{"line":3,"character":0},"end":{"line":10,"character":1}},"selectionRange":{"start":{"line":3,"character":0},"end":{"line":10,"character":1}},"children":[{"name":"<func@5:3>","kind":12,"range":{"start":{"line":4,"character":2},"end":{"line":4,"character":101}},"selectionRange":{"start":{"line":4,"character":2},"end":{"line":4,"character":101}},"children":[]},{"name":"<func@6:3>","kind":12,"range":{"start":{"line":5,"character":2},"end":{"line":5,"character":101}},"selectionRange":{"start":{"line":5,"character":2},"end":{"line":5,"character":101}},"children":[]},{"name":"<func@7:3>","kind":12,"range":{"start":{"line":6,"character":2},"end":{"line":6,"character":101}},"selectionRange":{"start":{"line":6,"character":2},"end":{"line":6,"character":101}},"children":[]},{"name":"<func@8:3>","kind":12,"range":{"start":{"line":7,"character":2},"end":{"line":7,"character":101}},"selectionRange":{"start":{"line":7,"character":2},"end":{"line":7,"character":101}},"children":[]},{"name":"<func@9:3>","kind":12,"range":{"start":{"line":8,"character":2},"end":{"line":8,"character":82}},"selectionRange":{"start":{"line":8,"character":2},"end":{"line":8,"character":82}},"children":[]},{"name":"<func@10:3>","kind":12,"range":{"start":{"line":9,"character":2},"end":{"line":9,"character":84}},"selectionRange":{"start":{"line":9,"character":2},"end":{"line":9,"character":84}},"children":[]}]},{"name":"<module@5279:1>","kind":2,"range":{"start":{"line":5278,"character":0},"end":{"line":5291,"character":1}},"selectionRange":{"start":{"line":5278,"character":0},"end":{"line":5291,"character":1}},"children":[{"name":"<func@5280:3>","kind":12,"range":{"start":{"line":5279,"character":2},"end":{"line":5280,"character":86}},"selectionRange":{"start":{"line":5279,"character":2},"end":{"line":5280,"character":86}},"children":[]},{"name":"<func@5282:3>","kind":12,"range":{"start":{"line":5281,"character":2},"end":{"line":5282,"character":87}},"selectionRange":{"start":{"line":5281,"character":2},"end":{"line":5282,"character":87}},"children":[]},{"name":"<func@5284:3>","kind":12,"range":{"start":{"line":5283,"character":2},"end":{"line":5284,"character":86}},"selectionRange":{"start":{"line":5283,"character":2},"end":{"line":5284,"character":86}},"children":[]},{"name":"<func@5286:3>","kind":12,"range":{"start":{"line":5285,"character":2},"end":{"line":5286,"character":43}},"selectionRange":{"start":{"line":5285,"character":2},"end":{"line":5286,"character":43}},"children":[]},{"name":"<func@5288:3>","kind":12,"range":{"start":{"line":5287,"character":2},"end":{"line":5288,"character":45}},"selectionRange":{"start":{"line":5287,"character":2},"end":{"line":5288,"character":45}},"children":[]},{"name":"<func@5290:3>","kind":12,"range":{"start":{"line":5289,"character":2},"end":{"line":5290,"character":72}},"selectionRange":{"start":{"line":5289,"character":2},"end":{"line":5290,"character":72}},"children":[]}]},{"name":"<module@5393:1>","kind":2,"range":{"start":{"line":5392,"character":0},"end":{"line":5425,"character":1}},"selectionRange":{"start":{"line":5392,"character":0},"end":{"line":5425,"character":1}},"children":[{"name":"<func@5394:3>","kind":12,"range":{"start":{"line":5393,"character":2},"end":{"line":5394,"character":69}},"selectionRange":{"start":{"line":5393,"character":2},"end":{"line":5394,"character":69}},"children":[]},{"name":"<func@5396:3>","kind":12,"range":{"start":{"line":5395,"character":2},"end":{"line":5396,"character":69}},"selectionRange":{"start":{"line":5395,"character":2},"end":{"line":5396,"character":69}},"children":[]},{"name":"<func@5398:3>","kind":12,"range":{"start":{"line":5397,"character":2},"end":{"line":5398,"character":69}},"selectionRange":{"start":{"line":5397,"character":2},"end":{"line":5398,"character":69}},"children":[]},{"name":"<func@5400:3>","kind":12,"range":{"start":{"line":5399,"character":2},"end":{"line":5400,"character":69}},"selectionRange":{"start":{"line":5399,"character":2},"end":{"line":5400,"character":69}},"children":[]},{"name":"<func@5402:3>","kind":12,"range":{"start":{"line":5401,"character":2},"end":{"line":5402,"character":69}},"selectionRange":{"start":{"line":5401,"character":2},"end":{"line":5402,"character":69}},"children":[]},{"name":"<func@5404:3>","kind":12,"range":{"start":{"line":5403,"character":2},"end":{"line":5404,"character":69}},"selectionRange":{"start":{"line":5403,"character":2},"end":{"line":5404,"character":69}},"children":[]},{"name":"<func@5406:3>","kind":12,"range":{"start":{"line":5405,"character":2},"end":{"line":5406,"character":69}},"selectionRange":{"start":{"line":5405,"character":2},"end":{"line":5406,"character":69}},"children":[]},{"name":"<func@5408:3>","kind":12,"range":{"start":{"line":5407,"character":2},"end":{"line":5408,"character":69}},"selectionRange":{"start":{"line":5407,"character":2},"end":{"line":5408,"character":69}},"children":[]},{"name":"<func@5410:3>","kind":12,"range":{"start":{"line":5409,"character":2},"end":{"line":5410,"character":56}},"selectionRange":{"start":{"line":5409,"character":2},"end":{"line":5410,"character":56}},"children":[]},{"name":"<func@5412:3>","kind":12,"range":{"start":{"line":5411,"character":2},"end":{"line":5412,"character":57}},"selectionRange":{"start":{"line":5411,"character":2},"end":{"line":5412,"character":57}},"children":[]},{"name":"<func@5414:3>","kind":12,"range":{"start":{"line":5413,"character":2},"end":{"line":5414,"character":56}},"selectionRange":{"start":{"line":5413,"character":2},"end":{"line":5414,"character":56}},"children":[]},{"name":"<func@5416:3>","kind":12,"range":{"start":{"line":5415,"character":2},"end":{"line":5416,"character":57}},"selectionRange":{"start":{"line":5415,"character":2},"end":{"line":5416,"character":57}},"children":[]},{"name":"<func@5418:3>","kind":12,"range":{"start":{"line":5417,"character":2},"end":{"line":5418,"character":56}},"selectionRange":{"start":{"line":5417,"character":2},"end":{"line":5418,"character":56}},"children":[]},{"name":"<func@5420:3>","kind":12,"range":{"start":{"line":5419,"character":2},"end":{"line":5420,"character":57}},"selectionRange":{"start":{"line":5419,"character":2},"end":{"line":5420,"character":57}},"children":[]},{"name":"<func@5422:3>","kind":12,"range":{"start":{"line":5421,"character":2},"end":{"line":5422,"character":56}},"selectionRange":{"start":{"line":5421,"character":2},"end":{"line":5422,"character":56}},"children":[]},{"name":"<func@5424:3>","kind":12,"range":{"start":{"line":5423,"character":2},"end":{"line":5424,"character":57}},"selectionRange":{"start":{"line":5423,"character":2},"end":{"line":5424,"character":57}}}]}],"id":1}