{"jsonrpc":"2.0","result":[{"name":"<module@4:1>","kind":2,"range":{"start":{"line":3,"character":0},"end":{"line":14,"character":1}},"selectionRange":{"start":{"line":3,"character":0},"end":{"line":14,"character":1}},"children":[{"name":"<func@5:3>","kind":12,"range":{"start":{"line":4,"character":2},"end":{"line":4,"character":109}},"selectionRange":{"start":{"line":4,"character":2},"end":{"line":4,"character":109}},"children":[]},{"name":"<func@6:3>","kind":12,"range":{"start":{"line":5,"character":2},"end":{"line":5,"character":109}},"selectionRange":{"start":{"line":5,"character":2},"end":{"line":5,"character":109}},"children":[]},{"name":"<func@7:3>","kind":12,"range":{"start":{"line":6,"character":2},"end":{"line":6,"character":113}},"selectionRange":{"start":{"line":6,"character":2},"end":{"line":6,"character":113}},"children":[]},{"name":"<func@8:3>","kind":12,"range":{"start":{"line":7,"character":2},"end":{"line":7,"character":113}},"selectionRange":{"start":{"line":7,"character":2},"end":{"line":7,"character":113}},"children":[]},{"name":"<func@9:3>","kind":12,"range":{"start":{"line":8,"character":2},"end":{"line":8,"character":113}},"selectionRange":{"start":{"line":8,"character":2},"end":{"line":8,"character":113}},"children":[]},{"name":"<func@10:3>","kind":12,"range":{"start":{"line":9,"character":2},"end":{"line":9,"character":113}},"selectionRange":{"start":{"line":9,"character":2},"end":{"line":9,"character":113}},"children":[]},{"name":"<func@11:3>","kind":12,"range":{"start":{"line":10,"character":2},"end":{"line":10,"character":113}},"selectionRange":{"start":{"line":10,"character":2},"end":{"line":10,"character":113}},"children":[]},{"name":"<func@12:3>","kind":12,"range":{"start":{"line":11,"character":2},"end":{"line":11,"character":113}},"selectionRange":{"start":{"line":11,"character":2},"end":{"line":11,"character":113}},"children":[]},{"name":"<func@13:3>","kind":12,"range":{"start":{"line":12,"character":2},"end":{"line":12,"character":113}},"selectionRange":{"start":{"line":12,"character":2},"end":{"line":12,"character":113}},"children":[]},{"name":"<func@14:3>","kind":12,"range":{"start":{"line":13,"character":2},"end":{"line":13,"character":113}},"selectionRange":{"start":{"line":13,"character":2},"end":{"line":13,"character":113}},"children":[]}]},{"name":"<module@1475:1>","kind":2,"range":{"start":{"line":1474,"character":0},"end":{"line":1729,"character":1}},"selectionRange":{"start":{"line":1474,"character":0},"end":{"line":1729,"character":1}},"children":[{"name":"<memory@1475:9>","kind":18,"range":{"start":{"line":1474,"character":8},"end":{"line":1474,"character":18}},"selectionRange":{"start":{"line":1474,"character":8},"end":{"line":1474,"character":18}},"children":[]},{"name":"<func@1476:3>","kind":12,"range":{"start":{"line":1475,"character":2},"end":{"line":1486,"character":3}},"selectionRange":{"start":{"line":1475,"character":2},"end":{"line":1486,"character":3}},"children":[]},{"name":"<func@1488:3>","kind":12,"range":{"start":{"line":1487,"character":2},"end":{"line":1498,"character":3}},"selectionRange":{"start":{"line":1487,"character":2},"end":{"line":1498,"character":3}},"children":[]},{"name":"<func@1500:3>","kind":12,"range":{"start":{"line":1499,"character":2},"end":{"line":1510,"character":3}},"selectionRange":{"start":{"line":1499,"character":2},"end":{"line":1510,"character":3}},"children":[]},{"name":"<func@1512:3>","kind":12,"range":{"start":{"line":1511,"character":2},"end":{"line":1522,"character":3}},"selectionRange":{"start":{"line":1511,"character":2},"end":{"line":1522,"character":3}},"children":[]},{"name":"<func@1524:3>","kind":12,"range":{"start":{"line":1523,"character":2},"end":{"line":1534,"character":3}},"selectionRange":{"start":{"line":1523,"character":2},"end":{"line":1534,"character":3}},"children":[]},{"name":"<func@1536:3>","kind":12,"range":{"start":{"line":1535,"character":2},"end":{"line":1546,"character":3}},"selectionRange":{"start":{"line":1535,"character":2},"end":{"line":1546,"character":3}},"children":[]},{"name":"<func@1548:3>","kind":12,"range":{"start":{"line":1547,"character":2},"end":{"line":1572,"character":3}},"selectionRange":{"start":{"line":1547,"character":2},"end":{"line":1572,"character":3}},"children":[]},{"name":"<func@1574:3>","kind":12,"range":{"start":{"line":1573,"character":2},"end":{"line":1598,"character":3}},"selectionRange":{"start":{"line":1573,"character":2},"end":{"line":1598,"character":3}},"children":[]},{"name":"<func@1600:3>","kind":12,"range":{"start":{"line":1599,"character":2},"end":{"line":1624,"character":3}},"selectionRange":{"start":{"line":1599,"character":2},"end":{"line":1624,"character":3}},"children":[]},{"name":"<func@1626:3>","kind":12,"range":{"start":{"line":1625,"character":2},"end":{"line":1650,"character":3}},"selectionRange":{"start":{"line":1625,"character":2},"end":{"line":1650,"character":3}},"children":[]},{"name":"<func@1652:3>","kind":12,"range":{"start":{"line":1651,"character":2},"end":{"line":1676,"character":3}},"selectionRange":{"start":{"line":1651,"character":2},"end":{"line":1676,"character":3}},"children":[]},{"name":"<func@1678:3>","kind":12,"range":{"start":{"line":1677,"character":2},"end":{"line":1702,"character":3}},"selectionRange":{"start":{"line":1677,"character":2},"end":{"line":1702,"character":3}},"children":[]},{"name":"<func@1704:3>","kind":12,"range":{"start":{"line":1703,"character":2},"end":{"line":1728,"character":3}},"selectionRange":{"start":{"line":1703,"character":2},"end":{"line":1728,"character":3}}}]}],"id":1}