{"jsonrpc":"2.0","result":[{"name":"<module@3:1>","kind":2,"range":{"start":{"line":2,"character":0},"end":{"line":238,"character":1}},"selectionRange":{"start":{"line":2,"character":0},"end":{"line":238,"character":1}},"children":[{"name":"$sig","kind":26,"range":{"start":{"line":4,"character":2},"end":{"line":4,"character":20}},"selectionRange":{"start":{"line":4,"character":8},"end":{"line":4,"character":12}},"children":[]},{"name":"$dummy","kind":12,"range":{"start":{"line":5,"character":2},"end":{"line":5,"character":15}},"selectionRange":{"start":{"line":5,"character":8},"end":{"line":5,"character":14}},"children":[]},{"name":"<func@10:3>","kind":12,"range":{"start":{"line":9,"character":2},"end":{"line":9,"character":8}},"selectionRange":{"start":{"line":9,"character":2},"end":{"line":9,"character":8}},"children":[]},{"name":"<func@11:3>","kind":12,"range":{"start":{"line":10,"character":2},"end":{"line":10,"character":21}},"selectionRange":{"start":{"line":10,"character":2},"end":{"line":10,"character":21}},"children":[]},{"name":"$f","kind":12,"range":{"start":{"line":11,"character":2},"end":{"line":11,"character":11}},"selectionRange":{"start":{"line":11,"character":8},"end":{"line":11,"character":10}},"children":[]},{"name":"$h","kind":12,"range":{"start":{"line":12,"character":2},"end":{"line":12,"character":24}},"selectionRange":{"start":{"line":12,"character":8},"end":{"line":12,"character":10}},"children":[]},{"name":"<func@15:3>","kind":12,"range":{"start":{"line":14,"character":2},"end":{"line":14,"character":16}},"selectionRange":{"start":{"line":14,"character":2},"end":{"line":14,"character":16}},"children":[]},{"name":"<func@16:3>","kind":12,"range":{"start":{"line":15,"character":2},"end":{"line":15,"character":24}},"selectionRange":{"start":{"line":15,"character":2},"end":{"line":15,"character":24}},"children":[]},{"name":"<func@17:3>","kind":12,"range":{"start":{"line":16,"character":2},"end":{"line":16,"character":20}},"selectionRange":{"start":{"line":16,"character":2},"end":{"line":16,"character":20}},"children":[]},{"name":"<func@18:3>","kind":12,"range":{"start":{"line":17,"character":2},"end":{"line":17,"character":23}},"selectionRange":{"start":{"line":17,"character":2},"end":{"line":17,"character":23}},"children":[]},{"name":"<func@19:3>","kind":12,"range":{"start":{"line":18,"character":2},"end":{"line":18,"character":28}},"selectionRange":{"start":{"line":18,"character":2},"end":{"line":18,"character":28}},"children":[]},{"name":"<func@20:3>","kind":12,"range":{"start":{"line":19,"character":2},"end":{"line":19,"character":32}},"selectionRange":{"start":{"line":19,"character":2},"end":{"line":19,"character":32}},"children":[]},{"name":"<func@21:3>","kind":12,"range":{"start":{"line":20,"character":2},"end":{"line":20,"character":63}},"selectionRange":{"start":{"line":20,"character":2},"end":{"line":20,"character":63}},"children":[]},{"name":"<func@23:3>","kind":12,"range":{"start":{"line":22,"character":2},"end":{"line":22,"character":16}},"selectionRange":{"start":{"line":22,"character":2},"end":{"line":22,"character":16}},"children":[]},{"name":"<func@24:3>","kind":12,"range":{"start":{"line":23,"character":2},"end":{"line":23,"character":24}},"selectionRange":{"start":{"line":23,"character":2},"end":{"line":23,"character":24}},"children":[]},{"name":"<func@25:3>","kind":12,"range":{"start":{"line":24,"character":2},"end":{"line":24,"character":20}},"selectionRange":{"start":{"line":24,"character":2},"end":{"line":24,"character":20}},"children":[]},{"name":"<func@26:3>","kind":12,"range":{"start":{"line":25,"character":2},"end":{"line":25,"character":23}},"selectionRange":{"start":{"line":25,"character":2},"end":{"line":25,"character":23}},"children":[]},{"name":"<func@27:3>","kind":12,"range":{"start":{"line":26,"character":2},"end":{"line":26,"character":28}},"selectionRange":{"start":{"line":26,"character":2},"end":{"line":26,"character":28}},"children":[]},{"name":"<func@28:3>","kind":12,"range":{"start":{"line":27,"character":2},"end":{"line":27,"character":32}},"selectionRange":{"start":{"line":27,"character":2},"end":{"line":27,"character":32}},"children":[]},{"name":"<func@29:3>","kind":12,"range":{"start":{"line":28,"character":2},"end":{"line":28,"character":63}},"selectionRange":{"start":{"line":28,"character":2},"end":{"line":28,"character":63}},"children":[]},{"name":"<func@31:3>","kind":12,"range":{"start":{"line":30,"character":2},"end":{"line":30,"character":17}},"selectionRange":{"start":{"line":30,"character":2},"end":{"line":30,"character":17}},"children":[]},{"name":"<func@32:3>","kind":12,"range":{"start":{"line":31,"character":2},"end":{"line":31,"character":26}},"selectionRange":{"start":{"line":31,"character":2},"end":{"line":31,"character":26}},"children":[]},{"name":"<func@33:3>","kind":12,"range":{"start":{"line":32,"character":2},"end":{"line":32,"character":35}},"selectionRange":{"start":{"line":32,"character":2},"end":{"line":32,"character":35}},"children":[]},{"name":"<func@34:3>","kind":12,"range":{"start":{"line":33,"character":2},"end":{"line":33,"character":43}},"selectionRange":{"start":{"line":33,"character":2},"end":{"line":33,"character":43}},"children":[]},{"name":"<func@35:3>","kind":12,"range":{"start":{"line":34,"character":2},"end":{"line":34,"character":48}},"selectionRange":{"start":{"line":34,"character":2},"end":{"line":34,"character":48}},"children":[]},{"name":"<func@36:3>","kind":12,"range":{"start":{"line":35,"character":2},"end":{"line":35,"character":78}},"selectionRange":{"start":{"line":35,"character":2},"end":{"line":35,"character":78}},"children":[]},{"name":"$sig-1","kind":26,"range":{"start":{"line":37,"character":2},"end":{"line":37,"character":22}},"selectionRange":{"start":{"line":37,"character":8},"end":{"line":37,"character":14}},"children":[]},{"name":"$sig-2","kind":26,"range":{"start":{"line":38,"character":2},"end":{"line":38,"character":35}},"selectionRange":{"start":{"line":38,"character":8},"end":{"line":38,"character":14}},"children":[]},{"name":"$sig-3","kind":26,"range":{"start":{"line":39,"character":2},"end":{"line":39,"character":37}},"selectionRange":{"start":{"line":39,"character":8},"end":{"line":39,"character":14}},"children":[]},{"name":"$sig-4","kind":26,"range":{"start":{"line":40,"character":2},"end":{"line":40,"character":55}},"selectionRange":{"start":{"line":40,"character":8},"end":{"line":40,"character":14}},"children":[]},{"name":"<func@43:3>","kind":12,"range":{"start":{"line":42,"character":2},"end":{"line":42,"character":44}},"selectionRange":{"start":{"line":42,"character":2},"end":{"line":42,"character":44}},"children":[]},{"name":"<func@44:3>","kind":12,"range":{"start":{"line":43,"character":2},"end":{"line":43,"character":58}},"selectionRange":{"start":{"line":43,"character":2},"end":{"line":43,"character":58}},"children":[]},{"name":"<func@45:3>","kind":12,"range":{"start":{"line":44,"character":2},"end":{"line":44,"character":44}},"selectionRange":{"start":{"line":44,"character":2},"end":{"line":44,"character":44}},"children":[]},{"name":"<func@46:3>","kind":12,"range":{"start":{"line":45,"character":2},"end":{"line":45,"character":58}},"selectionRange":{"start":{"line":45,"character":2},"end":{"line":45,"character":58}},"children":[]},{"name":"<func@47:3>","kind":12,"range":{"start":{"line":46,"character":2},"end":{"line":46,"character":71}},"selectionRange":{"start":{"line":46,"character":2},"end":{"line":46,"character":71}},"children":[]},{"name":"<func@48:3>","kind":12,"range":{"start":{"line":47,"character":2},"end":{"line":47,"character":56}},"selectionRange":{"start":{"line":47,"character":2},"end":{"line":47,"character":56}},"children":[]},{"name":"<func@49:3>","kind":12,"range":{"start":{"line":48,"character":2},"end":{"line":50,"character":3}},"selectionRange":{"start":{"line":48,"character":2},"end":{"line":50,"character":3}},"children":[]},{"name":"<func@53:3>","kind":12,"range":{"start":{"line":52,"character":2},"end":{"line":52,"character":20}},"selectionRange":{"start":{"line":52,"character":2},"end":{"line":52,"character":20}},"children":[]},{"name":"<func@54:3>","kind":12,"range":{"start":{"line":53,"character":2},"end":{"line":53,"character":24}},"selectionRange":{"start":{"line":53,"character":2},"end":{"line":53,"character":24}},"children":[]},{"name":"$complex","kind":12,"range":{"start":{"line":55,"character":2},"end":{"line":60,"character":3}},"selectionRange":{"start":{"line":55,"character":8},"end":{"line":55,"character":16}},"children":[]},{"name":"$complex-sig","kind":12,"range":{"start":{"line":61,"character":2},"end":{"line":65,"character":3}},"selectionRange":{"start":{"line":61,"character":8},"end":{"line":61,"character":20}},"children":[]},{"name":"$forward","kind":26,"range":{"start":{"line":67,"character":2},"end":{"line":67,"character":24}},"selectionRange":{"start":{"line":67,"character":8},"end":{"line":67,"character":16}},"children":[]},{"name":"<func@72:3>","kind":12,"range":{"start":{"line":71,"character":2},"end":{"line":71,"character":78}},"selectionRange":{"start":{"line":71,"character":2},"end":{"line":71,"character":78}},"children":[]},{"name":"<func@73:3>","kind":12,"range":{"start":{"line":72,"character":2},"end":{"line":72,"character":78}},"selectionRange":{"start":{"line":72,"character":2},"end":{"line":72,"character":78}},"children":[]},{"name":"<func@74:3>","kind":12,"range":{"start":{"line":73,"character":2},"end":{"line":73,"character":78}},"selectionRange":{"start":{"line":73,"character":2},"end":{"line":73,"character":78}},"children":[]},{"name":"<func@75:3>","kind":12,"range":{"start":{"line":74,"character":2},"end":{"line":74,"character":78}},"selectionRange":{"start":{"line":74,"character":2},"end":{"line":74,"character":78}},"children":[]},{"name":"<func@76:3>","kind":12,"range":{"start":{"line":75,"character":2},"end":{"line":75,"character":79}},"selectionRange":{"start":{"line":75,"character":2},"end":{"line":75,"character":79}},"children":[]},{"name":"<func@77:3>","kind":12,"range":{"start":{"line":76,"character":2},"end":{"line":76,"character":79}},"selectionRange":{"start":{"line":76,"character":2},"end":{"line":76,"character":79}},"children":[]},{"name":"<func@78:3>","kind":12,"range":{"start":{"line":77,"character":2},"end":{"line":77,"character":79}},"selectionRange":{"start":{"line":77,"character":2},"end":{"line":77,"character":79}},"children":[]},{"name":"<func@79:3>","kind":12,"range":{"start":{"line":78,"character":2},"end":{"line":78,"character":79}},"selectionRange":{"start":{"line":78,"character":2},"end":{"line":78,"character":79}},"children":[]},{"name":"<func@80:3>","kind":12,"range":{"start":{"line":79,"character":2},"end":{"line":88,"character":3}},"selectionRange":{"start":{"line":79,"character":2},"end":{"line":88,"character":3}},"children":[]},{"name":"<func@93:3>","kind":12,"range":{"start":{"line":92,"character":2},"end":{"line":92,"character":78}},"selectionRange":{"start":{"line":92,"character":2},"end":{"line":92,"character":78}},"children":[]},{"name":"<func@94:3>","kind":12,"range":{"start":{"line":93,"character":2},"end":{"line":93,"character":78}},"selectionRange":{"start":{"line":93,"character":2},"end":{"line":93,"character":78}},"children":[]},{"name":"<func@95:3>","kind":12,"range":{"start":{"line":94,"character":2},"end":{"line":94,"character":78}},"selectionRange":{"start":{"line":94,"character":2},"end":{"line":94,"character":78}},"children":[]},{"name":"<func@96:3>","kind":12,"range":{"start":{"line":95,"character":2},"end":{"line":95,"character":78}},"selectionRange":{"start":{"line":95,"character":2},"end":{"line":95,"character":78}},"children":[]},{"name":"<func@97:3>","kind":12,"range":{"start":{"line":96,"character":2},"end":{"line":96,"character":79}},"selectionRange":{"start":{"line":96,"character":2},"end":{"line":96,"character":79}},"children":[]},{"name":"<func@98:3>","kind":12,"range":{"start":{"line":97,"character":2},"end":{"line":97,"character":79}},"selectionRange":{"start":{"line":97,"character":2},"end":{"line":97,"character":79}},"children":[]},{"name":"<func@99:3>","kind":12,"range":{"start":{"line":98,"character":2},"end":{"line":98,"character":79}},"selectionRange":{"start":{"line":98,"character":2},"end":{"line":98,"character":79}},"children":[]},{"name":"<func@100:3>","kind":12,"range":{"start":{"line":99,"character":2},"end":{"line":99,"character":79}},"selectionRange":{"start":{"line":99,"character":2},"end":{"line":99,"character":79}},"children":[]},{"name":"<func@101:3>","kind":12,"range":{"start":{"line":100,"character":2},"end":{"line":109,"character":3}},"selectionRange":{"start":{"line":100,"character":2},"end":{"line":109,"character":3}},"children":[]},{"name":"<func@114:3>","kind":12,"range":{"start":{"line":113,"character":2},"end":{"line":113,"character":25}},"selectionRange":{"start":{"line":113,"character":2},"end":{"line":113,"character":25}},"children":[]},{"name":"<func@115:3>","kind":12,"range":{"start":{"line":114,"character":2},"end":{"line":114,"character":44}},"selectionRange":{"start":{"line":114,"character":2},"end":{"line":114,"character":44}},"children":[]},{"name":"<func@116:3>","kind":12,"range":{"start":{"line":115,"character":2},"end":{"line":115,"character":57}},"selectionRange":{"start":{"line":115,"character":2},"end":{"line":115,"character":57}},"children":[]},{"name":"<func@117:3>","kind":12,"range":{"start":{"line":116,"character":2},"end":{"line":116,"character":59}},"selectionRange":{"start":{"line":116,"character":2},"end":{"line":116,"character":59}},"children":[]},{"name":"<func@118:3>","kind":12,"range":{"start":{"line":117,"character":2},"end":{"line":117,"character":59}},"selectionRange":{"start":{"line":117,"character":2},"end":{"line":117,"character":59}},"children":[]},{"name":"<func@119:3>","kind":12,"range":{"start":{"line":118,"character":2},"end":{"line":118,"character":60}},"selectionRange":{"start":{"line":118,"character":2},"end":{"line":118,"character":60}},"children":[]},{"name":"<func@120:3>","kind":12,"range":{"start":{"line":119,"character":2},"end":{"line":119,"character":79}},"selectionRange":{"start":{"line":119,"character":2},"end":{"line":119,"character":79}},"children":[]},{"name":"<func@121:3>","kind":12,"range":{"start":{"line":120,"character":2},"end":{"line":122,"character":3}},"selectionRange":{"start":{"line":120,"character":2},"end":{"line":122,"character":3}},"children":[]},{"name":"<func@124:3>","kind":12,"range":{"start":{"line":123,"character":2},"end":{"line":123,"character":72}},"selectionRange":{"start":{"line":123,"character":2},"end":{"line":123,"character":72}},"children":[]},{"name":"<func@125:3>","kind":12,"range":{"start":{"line":124,"character":2},"end":{"line":126,"character":3}},"selectionRange":{"start":{"line":124,"character":2},"end":{"line":126,"character":3}},"children":[]},{"name":"<func@128:3>","kind":12,"range":{"start":{"line":127,"character":2},"end":{"line":129,"character":3}},"selectionRange":{"start":{"line":127,"character":2},"end":{"line":129,"character":3}},"children":[]},{"name":"<func@132:3>","kind":12,"range":{"start":{"line":131,"character":2},"end":{"line":131,"character":41}},"selectionRange":{"start":{"line":131,"character":2},"end":{"line":131,"character":41}},"children":[]},{"name":"<func@133:3>","kind":12,"range":{"start":{"line":132,"character":2},"end":{"line":132,"character":67}},"selectionRange":{"start":{"line":132,"character":2},"end":{"line":132,"character":67}},"children":[]},{"name":"<func@134:3>","kind":12,"range":{"start":{"line":133,"character":2},"end":{"line":133,"character":69}},"selectionRange":{"start":{"line":133,"character":2},"end":{"line":133,"character":69}},"children":[]},{"name":"<func@135:3>","kind":12,"range":{"start":{"line":134,"character":2},"end":{"line":134,"character":69}},"selectionRange":{"start":{"line":134,"character":2},"end":{"line":134,"character":69}},"children":[]},{"name":"<func@136:3>","kind":12,"range":{"start":{"line":135,"character":2},"end":{"line":135,"character":70}},"selectionRange":{"start":{"line":135,"character":2},"end":{"line":135,"character":70}},"children":[]},{"name":"<func@137:3>","kind":12,"range":{"start":{"line":136,"character":2},"end":{"line":138,"character":3}},"selectionRange":{"start":{"line":136,"character":2},"end":{"line":138,"character":3}},"children":[]},{"name":"<func@140:3>","kind":12,"range":{"start":{"line":139,"character":2},"end":{"line":141,"character":3}},"selectionRange":{"start":{"line":139,"character":2},"end":{"line":141,"character":3}},"children":[]},{"name":"<func@143:3>","kind":12,"range":{"start":{"line":142,"character":2},"end":{"line":144,"character":3}},"selectionRange":{"start":{"line":142,"character":2},"end":{"line":144,"character":3}},"children":[]},{"name":"<func@146:3>","kind":12,"range":{"start":{"line":145,"character":2},"end":{"line":147,"character":3}},"selectionRange":{"start":{"line":145,"character":2},"end":{"line":147,"character":3}},"children":[]},{"name":"<func@150:3>","kind":12,"range":{"start":{"line":149,"character":2},"end":{"line":149,"character":38}},"selectionRange":{"start":{"line":149,"character":2},"end":{"line":149,"character":38}},"children":[]},{"name":"<func@151:3>","kind":12,"range":{"start":{"line":150,"character":2},"end":{"line":150,"character":64}},"selectionRange":{"start":{"line":150,"character":2},"end":{"line":150,"character":64}},"children":[]},{"name":"<func@152:3>","kind":12,"range":{"start":{"line":151,"character":2},"end":{"line":151,"character":66}},"selectionRange":{"start":{"line":151,"character":2},"end":{"line":151,"character":66}},"children":[]},{"name":"<func@153:3>","kind":12,"range":{"start":{"line":152,"character":2},"end":{"line":152,"character":66}},"selectionRange":{"start":{"line":152,"character":2},"end":{"line":152,"character":66}},"children":[]},{"name":"<func@154:3>","kind":12,"range":{"start":{"line":153,"character":2},"end":{"line":153,"character":67}},"selectionRange":{"start":{"line":153,"character":2},"end":{"line":153,"character":67}},"children":[]},{"name":"<func@155:3>","kind":12,"range":{"start":{"line":154,"character":2},"end":{"line":156,"character":3}},"selectionRange":{"start":{"line":154,"character":2},"end":{"line":156,"character":3}},"children":[]},{"name":"<func@158:3>","kind":12,"range":{"start":{"line":157,"character":2},"end":{"line":159,"character":3}},"selectionRange":{"start":{"line":157,"character":2},"end":{"line":159,"character":3}},"children":[]},{"name":"<func@161:3>","kind":12,"range":{"start":{"line":160,"character":2},"end":{"line":162,"character":3}},"selectionRange":{"start":{"line":160,"character":2},"end":{"line":162,"character":3}},"children":[]},{"name":"<func@164:3>","kind":12,"range":{"start":{"line":163,"character":2},"end":{"line":165,"character":3}},"selectionRange":{"start":{"line":163,"character":2},"end":{"line":165,"character":3}},"children":[]},{"name":"<func@168:3>","kind":12,"range":{"start":{"line":167,"character":2},"end":{"line":169,"character":3}},"selectionRange":{"start":{"line":167,"character":2},"end":{"line":169,"character":3}},"children":[]},{"name":"<func@171:3>","kind":12,"range":{"start":{"line":170,"character":2},"end":{"line":172,"character":3}},"selectionRange":{"start":{"line":170,"character":2},"end":{"line":172,"character":3}},"children":[]},{"name":"<func@174:3>","kind":12,"range":{"start":{"line":173,"character":2},"end":{"line":176,"character":3}},"selectionRange":{"start":{"line":173,"character":2},"end":{"line":176,"character":3}},"children":[]},{"name":"<func@179:3>","kind":12,"range":{"start":{"line":178,"character":2},"end":{"line":180,"character":3}},"selectionRange":{"start":{"line":178,"character":2},"end":{"line":180,"character":3}},"children":[]},{"name":"<func@182:3>","kind":12,"range":{"start":{"line":181,"character":2},"end":{"line":183,"character":3}},"selectionRange":{"start":{"line":181,"character":2},"end":{"line":183,"character":3}},"children":[]},{"name":"<func@185:3>","kind":12,"range":{"start":{"line":184,"character":2},"end":{"line":187,"character":3}},"selectionRange":{"start":{"line":184,"character":2},"end":{"line":187,"character":3}},"children":[]},{"name":"<func@189:3>","kind":12,"range":{"start":{"line":188,"character":2},"end":{"line":190,"character":3}},"selectionRange":{"start":{"line":188,"character":2},"end":{"line":190,"character":3}},"children":[]},{"name":"<func@192:3>","kind":12,"range":{"start":{"line":191,"character":2},"end":{"line":198,"character":3}},"selectionRange":{"start":{"line":191,"character":2},"end":{"line":198,"character":3}},"children":[]},{"name":"<func@200:3>","kind":12,"range":{"start":{"line":199,"character":2},"end":{"line":207,"character":3}},"selectionRange":{"start":{"line":199,"character":2},"end":{"line":207,"character":3}},"children":[]},{"name":"<func@212:3>","kind":12,"range":{"start":{"line":211,"character":2},"end":{"line":230,"character":3}},"selectionRange":{"start":{"line":211,"character":2},"end":{"line":230,"character":3}},"children":[]},{"name":"<func@235:3>","kind":12,"range":{"start":{"line":234,"character":2},"end":{"line":234,"character":73}},"selectionRange":{"start":{"line":234,"character":2},"end":{"line":234,"character":73}},"children":[]},{"name":"<func@236:3>","kind":12,"range":{"start":{"line":235,"character":2},"end":{"line":235,"character":73}},"selectionRange":{"start":{"line":235,"character":2},"end":{"line":235,"character":73}},"children":[]},{"name":"<func@237:3>","kind":12,"range":{"start":{"line":236,"character":2},"end":{"line":236,"character":73}},"selectionRange":{"start":{"line":236,"character":2},"end":{"line":236,"character":73}},"children":[]},{"name":"<func@238:3>","kind":12,"range":{"start":{"line":237,"character":2},"end":{"line":237,"character":73}},"selectionRange":{"start":{"line":237,"character":2},"end":{"line":237,"character":73}},"children":[]}]},{"name":"<module@422:1>","kind":2,"range":{"start":{"line":421,"character":0},"end":{"line":432,"character":1}},"selectionRange":{"start":{"line":421,"character":0},"end":{"line":432,"character":1}},"children":[{"name":"$f","kind":12,"range":{"start":{"line":422,"character":2},"end":{"line":422,"character":38}},"selectionRange":{"start":{"line":422,"character":8},"end":{"line":422,"character":10}},"children":[]},{"name":"$g","kind":12,"range":{"start":{"line":423,"character":2},"end":{"line":423,"character":23}},"selectionRange":{"start":{"line":423,"character":8},"end":{"line":423,"character":10}},"children":[]},{"name":"$t","kind":26,"range":{"start":{"line":424,"character":2},"end":{"line":424,"character":30}},"selectionRange":{"start":{"line":424,"character":8},"end":{"line":424,"character":10}},"children":[]},{"name":"$i32->void","kind":12,"range":{"start":{"line":426,"character":2},"end":{"line":426,"character":28}},"selectionRange":{"start":{"line":426,"character":8},"end":{"line":426,"character":18}},"children":[]},{"name":"$void->f64","kind":12,"range":{"start":{"line":427,"character":2},"end":{"line":427,"character":42}},"selectionRange":{"start":{"line":427,"character":8},"end":{"line":427,"character":18}},"children":[]},{"name":"$check","kind":12,"range":{"start":{"line":428,"character":2},"end":{"line":431,"character":3}},"selectionRange":{"start":{"line":428,"character":8},"end":{"line":428,"character":14}},"children":[]}]},{"name":"<module@459:1>","kind":2,"range":{"start":{"line":458,"character":0},"end":{"line":480,"character":1}},"selectionRange":{"start":{"line":458,"character":0},"end":{"line":480,"character":1}},"children":[{"name":"$proc","kind":26,"range":{"start":{"line":459,"character":2},"end":{"line":459,"character":34}},"selectionRange":{"start":{"line":459,"character":8},"end":{"line":459,"character":13}},"children":[]},{"name":"$sig","kind":26,"range":{"start":{"line":460,"character":2},"end":{"line":460,"character":45}},"selectionRange":{"start":{"line":460,"character":8},"end":{"line":460,"character":12}},"children":[]},{"name":"<func@463:3>","kind":12,"range":{"start":{"line":462,"character":2},"end":{"line":465,"character":3}},"selectionRange":{"start":{"line":462,"character":2},"end":{"line":465,"character":3}},"children":[]},{"name":"$g","kind":12,"range":{"start":{"line":467,"character":2},"end":{"line":470,"character":3}},"selectionRange":{"start":{"line":467,"character":8},"end":{"line":467,"character":10}},"children":[]},{"name":"<func@472:3>","kind":12,"range":{"start":{"line":471,"character":2},"end":{"line":473,"character":3}},"selectionRange":{"start":{"line":471,"character":2},"end":{"line":473,"character":3}},"children":[]},{"name":"<func@476:3>","kind":12,"range":{"start":{"line":475,"character":2},"end":{"line":479,"character":3}},"selectionRange":{"start":{"line":475,"character":2},"end":{"line":479,"character":3}},"children":[]}]},{"name":"<module@488:1>","kind":2,"range":{"start":{"line":487,"character":0},"end":{"line":548,"character":1}},"selectionRange":{"start":{"line":487,"character":0},"end":{"line":548,"character":1}},"children":[{"name":"$sig","kind":26,"range":{"start":{"line":488,"character":2},"end":{"line":488,"character":20}},"selectionRange":{"start":{"line":488,"character":8},"end":{"line":488,"character":12}},"children":[]},{"name":"$empty-sig-1","kind":12,"range":{"start":{"line":490,"character":2},"end":{"line":490,"character":21}},"selectionRange":{"start":{"line":490,"character":8},"end":{"line":490,"character":20}},"children":[]},{"name":"$complex-sig-1","kind":12,"range":{"start":{"line":491,"character":2},"end":{"line":491,"character":63}},"selectionRange":{"start":{"line":491,"character":8},"end":{"line":491,"character":22}},"children":[]},{"name":"$empty-sig-2","kind":12,"range":{"start":{"line":492,"character":2},"end":{"line":492,"character":21}},"selectionRange":{"start":{"line":492,"character":8},"end":{"line":492,"character":20}},"children":[]},{"name":"$complex-sig-2","kind":12,"range":{"start":{"line":493,"character":2},"end":{"line":493,"character":63}},"selectionRange":{"start":{"line":493,"character":8},"end":{"line":493,"character":22}},"children":[]},{"name":"$complex-sig-3","kind":12,"range":{"start":{"line":494,"character":2},"end":{"line":494,"character":63}},"selectionRange":{"start":{"line":494,"character":8},"end":{"line":494,"character":22}},"children":[]},{"name":"$complex-sig-4","kind":12,"range":{"start":{"line":495,"character":2},"end":{"line":495,"character":63}},"selectionRange":{"start":{"line":495,"character":8},"end":{"line":495,"character":22}},"children":[]},{"name":"$complex-sig-5","kind":12,"range":{"start":{"line":496,"character":2},"end":{"line":496,"character":63}},"selectionRange":{"start":{"line":496,"character":8},"end":{"line":496,"character":22}},"children":[]},{"name":"$empty-sig-duplicate","kind":26,"range":{"start":{"line":498,"character":2},"end":{"line":498,"character":36}},"selectionRange":{"start":{"line":498,"character":8},"end":{"line":498,"character":28}},"children":[]},{"name":"$complex-sig-duplicate","kind":26,"range":{"start":{"line":499,"character":2},"end":{"line":499,"character":78}},"selectionRange":{"start":{"line":499,"character":8},"end":{"line":499,"character":30}},"children":[]},{"name":"<table@501:3>","kind":11,"range":{"start":{"line":500,"character":2},"end":{"line":505,"character":3}},"selectionRange":{"start":{"line":500,"character":2},"end":{"line":505,"character":3}},"children":[]},{"name":"<func@508:3>","kind":12,"range":{"start":{"line":507,"character":2},"end":{"line":510,"character":3}},"selectionRange":{"start":{"line":507,"character":2},"end":{"line":510,"character":3}},"children":[]},{"name":"<func@513:3>","kind":12,"range":{"start":{"line":512,"character":2},"end":{"line":530,"character":3}},"selectionRange":{"start":{"line":512,"character":2},"end":{"line":530,"character":3}},"children":[]},{"name":"<func@533:3>","kind":12,"range":{"start":{"line":532,"character":2},"end":{"line":534,"character":3}},"selectionRange":{"start":{"line":532,"character":2},"end":{"line":534,"character":3}},"children":[]},{"name":"<func@537:3>","kind":12,"range":{"start":{"line":536,"character":2},"end":{"line":547,"character":3}},"selectionRange":{"start":{"line":536,"character":2},"end":{"line":547,"character":3}}}]}],"id":1}