{"jsonrpc":"2.0","result":[{"name":"<module@1:1>","kind":2,"range":{"start":{"line":0,"character":0},"end":{"line":34,"character":1}},"selectionRange":{"start":{"line":0,"character":0},"end":{"line":34,"character":1}},"children":[{"name":"<func@2:3>","kind":12,"range":{"start":{"line":1,"character":2},"end":{"line":1,"character":73}},"selectionRange":{"start":{"line":1,"character":2},"end":{"line":1,"character":73}},"children":[]},{"name":"<func@3:3>","kind":12,"range":{"start":{"line":2,"character":2},"end":{"line":2,"character":73}},"selectionRange":{"start":{"line":2,"character":2},"end":{"line":2,"character":73}},"children":[]},{"name":"<func@4:3>","kind":12,"range":{"start":{"line":3,"character":2},"end":{"line":3,"character":73}},"selectionRange":{"start":{"line":3,"character":2},"end":{"line":3,"character":73}},"children":[]},{"name":"<func@5:3>","kind":12,"range":{"start":{"line":4,"character":2},"end":{"line":4,"character":78}},"selectionRange":{"start":{"line":4,"character":2},"end":{"line":4,"character":78}},"children":[]},{"name":"<func@6:3>","kind":12,"range":{"start":{"line":5,"character":2},"end":{"line":5,"character":74}},"selectionRange":{"start":{"line":5,"character":2},"end":{"line":5,"character":74}},"children":[]},{"name":"<func@7:3>","kind":12,"range":{"start":{"line":6,"character":2},"end":{"line":6,"character":77}},"selectionRange":{"start":{"line":6,"character":2},"end":{"line":6,"character":77}},"children":[]},{"name":"<func@8:3>","kind":12,"range":{"start":{"line":7,"character":2},"end":{"line":7,"character":102}},"selectionRange":{"start":{"line":7,"character":2},"end":{"line":7,"character":102}},"children":[]},{"name":"<func@9:3>","kind":12,"range":{"start":{"line":8,"character":2},"end":{"line":8,"character":71}},"selectionRange":{"start":{"line":8,"character":2},"end":{"line":8,"character":71}},"children":[]},{"name":"<func@10:3>","kind":12,"range":{"start":{"line":9,"character":2},"end":{"line":9,"character":71}},"selectionRange":{"start":{"line":9,"character":2},"end":{"line":9,"character":71}},"children":[]},{"name":"<func@11:3>","kind":12,"range":{"start":{"line":10,"character":2},"end":{"line":10,"character":85}},"selectionRange":{"start":{"line":10,"character":2},"end":{"line":10,"character":85}},"children":[]},{"name":"<func@12:3>","kind":12,"range":{"start":{"line":11,"character":2},"end":{"line":11,"character":71}},"selectionRange":{"start":{"line":11,"character":2},"end":{"line":11,"character":71}},"children":[]},{"name":"<func@14:3>","kind":12,"range":{"start":{"line":13,"character":2},"end":{"line":13,"character":81}},"selectionRange":{"start":{"line":13,"character":2},"end":{"line":13,"character":81}},"children":[]},{"name":"<func@15:3>","kind":12,"range":{"start":{"line":14,"character":2},"end":{"line":14,"character":81}},"selectionRange":{"start":{"line":14,"character":2},"end":{"line":14,"character":81}},"children":[]},{"name":"<func@16:3>","kind":12,"range":{"start":{"line":15,"character":2},"end":{"line":15,"character":81}},"selectionRange":{"start":{"line":15,"character":2},"end":{"line":15,"character":81}},"children":[]},{"name":"<func@17:3>","kind":12,"range":{"start":{"line":16,"character":2},"end":{"line":16,"character":86}},"selectionRange":{"start":{"line":16,"character":2},"end":{"line":16,"character":86}},"children":[]},{"name":"<func@18:3>","kind":12,"range":{"start":{"line":17,"character":2},"end":{"line":17,"character":82}},"selectionRange":{"start":{"line":17,"character":2},"end":{"line":17,"character":82}},"children":[]},{"name":"<func@19:3>","kind":12,"range":{"start":{"line":18,"character":2},"end":{"line":18,"character":85}},"selectionRange":{"start":{"line":18,"character":2},"end":{"line":18,"character":85}},"children":[]},{"name":"<func@20:3>","kind":12,"range":{"start":{"line":19,"character":2},"end":{"line":19,"character":110}},"selectionRange":{"start":{"line":19,"character":2},"end":{"line":19,"character":110}},"children":[]},{"name":"<func@21:3>","kind":12,"range":{"start":{"line":20,"character":2},"end":{"line":20,"character":71}},"selectionRange":{"start":{"line":20,"character":2},"end":{"line":20,"character":71}},"children":[]},{"name":"<func@22:3>","kind":12,"range":{"start":{"line":21,"character":2},"end":{"line":21,"character":71}},"selectionRange":{"start":{"line":21,"character":2},"end":{"line":21,"character":71}},"children":[]},{"name":"<func@23:3>","kind":12,"range":{"start":{"line":22,"character":2},"end":{"line":22,"character":95}},"selectionRange":{"start":{"line":22,"character":2},"end":{"line":22,"character":95}},"children":[]},{"name":"<func@24:3>","kind":12,"range":{"start":{"line":23,"character":2},"end":{"line":23,"character":71}},"selectionRange":{"start":{"line":23,"character":2},"end":{"line":23,"character":71}},"children":[]},{"name":"<func@26:3>","kind":12,"range":{"start":{"line":25,"character":2},"end":{"line":25,"character":67}},"selectionRange":{"start":{"line":25,"character":2},"end":{"line":25,"character":67}},"children":[]},{"name":"<func@27:3>","kind":12,"range":{"start":{"line":26,"character":2},"end":{"line":26,"character":65}},"selectionRange":{"start":{"line":26,"character":2},"end":{"line":26,"character":65}},"children":[]},{"name":"<func@28:3>","kind":12,"range":{"start":{"line":27,"character":2},"end":{"line":27,"character":70}},"selectionRange":{"start":{"line":27,"character":2},"end":{"line":27,"character":70}},"children":[]},{"name":"<func@29:3>","kind":12,"range":{"start":{"line":28,"character":2},"end":{"line":28,"character":69}},"selectionRange":{"start":{"line":28,"character":2},"end":{"line":28,"character":69}},"children":[]},{"name":"<func@31:3>","kind":12,"range":{"start":{"line":30,"character":2},"end":{"line":30,"character":67}},"selectionRange":{"start":{"line":30,"character":2},"end":{"line":30,"character":67}},"children":[]},{"name":"<func@32:3>","kind":12,"range":{"start":{"line":31,"character":2},"end":{"line":31,"character":65}},"selectionRange":{"start":{"line":31,"character":2},"end":{"line":31,"character":65}},"children":[]},{"name":"<func@33:3>","kind":12,"range":{"start":{"line":32,"character":2},"end":{"line":32,"character":76}},"selectionRange":{"start":{"line":32,"character":2},"end":{"line":32,"character":76}},"children":[]},{"name":"<func@34:3>","kind":12,"range":{"start":{"line":33,"character":2},"end":{"line":33,"character":69}},"selectionRange":{"start":{"line":33,"character":2},"end":{"line":33,"character":69}}}]}],"id":1}