{"jsonrpc":"2.0","result":[{"name":"<module@1:1>","kind":2,"range":{"start":{"line":0,"character":0},"end":{"line":178,"character":1}},"selectionRange":{"start":{"line":0,"character":0},"end":{"line":178,"character":1}},"children":[{"name":"<memory@2:3>","kind":18,"range":{"start":{"line":1,"character":2},"end":{"line":1,"character":12}},"selectionRange":{"start":{"line":1,"character":2},"end":{"line":1,"character":12}},"children":[]},{"name":"$i32_T","kind":26,"range":{"start":{"line":3,"character":2},"end":{"line":3,"character":51}},"selectionRange":{"start":{"line":3,"character":8},"end":{"line":3,"character":14}},"children":[]},{"name":"$i64_T","kind":26,"range":{"start":{"line":4,"character":2},"end":{"line":4,"character":51}},"selectionRange":{"start":{"line":4,"character":8},"end":{"line":4,"character":14}},"children":[]},{"name":"$f32_T","kind":26,"range":{"start":{"line":5,"character":2},"end":{"line":5,"character":51}},"selectionRange":{"start":{"line":5,"character":8},"end":{"line":5,"character":14}},"children":[]},{"name":"$f64_T","kind":26,"range":{"start":{"line":6,"character":2},"end":{"line":6,"character":51}},"selectionRange":{"start":{"line":6,"character":8},"end":{"line":6,"character":14}},"children":[]},{"name":"<table@8:3>","kind":11,"range":{"start":{"line":7,"character":2},"end":{"line":9,"character":3}},"selectionRange":{"start":{"line":7,"character":2},"end":{"line":9,"character":3}},"children":[]},{"name":"$i32_t0","kind":12,"range":{"start":{"line":11,"character":2},"end":{"line":11,"character":45}},"selectionRange":{"start":{"line":11,"character":8},"end":{"line":11,"character":15}},"children":[]},{"name":"$i32_t1","kind":12,"range":{"start":{"line":12,"character":2},"end":{"line":12,"character":45}},"selectionRange":{"start":{"line":12,"character":8},"end":{"line":12,"character":15}},"children":[]},{"name":"$i64_t0","kind":12,"range":{"start":{"line":13,"character":2},"end":{"line":13,"character":45}},"selectionRange":{"start":{"line":13,"character":8},"end":{"line":13,"character":15}},"children":[]},{"name":"$i64_t1","kind":12,"range":{"start":{"line":14,"character":2},"end":{"line":14,"character":45}},"selectionRange":{"start":{"line":14,"character":8},"end":{"line":14,"character":15}},"children":[]},{"name":"$f32_t0","kind":12,"range":{"start":{"line":15,"character":2},"end":{"line":15,"character":45}},"selectionRange":{"start":{"line":15,"character":8},"end":{"line":15,"character":15}},"children":[]},{"name":"$f32_t1","kind":12,"range":{"start":{"line":16,"character":2},"end":{"line":16,"character":45}},"selectionRange":{"start":{"line":16,"character":8},"end":{"line":16,"character":15}},"children":[]},{"name":"$f64_t0","kind":12,"range":{"start":{"line":17,"character":2},"end":{"line":17,"character":45}},"selectionRange":{"start":{"line":17,"character":8},"end":{"line":17,"character":15}},"children":[]},{"name":"$f64_t1","kind":12,"range":{"start":{"line":18,"character":2},"end":{"line":18,"character":45}},"selectionRange":{"start":{"line":18,"character":8},"end":{"line":18,"character":15}},"children":[]},{"name":"$reset","kind":12,"range":{"start":{"line":28,"character":2},"end":{"line":28,"character":55}},"selectionRange":{"start":{"line":28,"character":8},"end":{"line":28,"character":14}},"children":[]},{"name":"$bump","kind":12,"range":{"start":{"line":30,"character":2},"end":{"line":34,"character":46}},"selectionRange":{"start":{"line":30,"character":8},"end":{"line":30,"character":13}},"children":[]},{"name":"$get","kind":12,"range":{"start":{"line":36,"character":2},"end":{"line":36,"character":51}},"selectionRange":{"start":{"line":36,"character":8},"end":{"line":36,"character":12}},"children":[]},{"name":"$i32_left","kind":12,"range":{"start":{"line":38,"character":2},"end":{"line":38,"character":99}},"selectionRange":{"start":{"line":38,"character":8},"end":{"line":38,"character":17}},"children":[]},{"name":"$i32_right","kind":12,"range":{"start":{"line":39,"character":2},"end":{"line":39,"character":100}},"selectionRange":{"start":{"line":39,"character":8},"end":{"line":39,"character":18}},"children":[]},{"name":"$i32_another","kind":12,"range":{"start":{"line":40,"character":2},"end":{"line":40,"character":102}},"selectionRange":{"start":{"line":40,"character":8},"end":{"line":40,"character":20}},"children":[]},{"name":"$i32_callee","kind":12,"range":{"start":{"line":41,"character":2},"end":{"line":41,"character":101}},"selectionRange":{"start":{"line":41,"character":8},"end":{"line":41,"character":19}},"children":[]},{"name":"$i32_bool","kind":12,"range":{"start":{"line":42,"character":2},"end":{"line":42,"character":99}},"selectionRange":{"start":{"line":42,"character":8},"end":{"line":42,"character":17}},"children":[]},{"name":"$i64_left","kind":12,"range":{"start":{"line":43,"character":2},"end":{"line":43,"character":99}},"selectionRange":{"start":{"line":43,"character":8},"end":{"line":43,"character":17}},"children":[]},{"name":"$i64_right","kind":12,"range":{"start":{"line":44,"character":2},"end":{"line":44,"character":100}},"selectionRange":{"start":{"line":44,"character":8},"end":{"line":44,"character":18}},"children":[]},{"name":"$i64_another","kind":12,"range":{"start":{"line":45,"character":2},"end":{"line":45,"character":102}},"selectionRange":{"start":{"line":45,"character":8},"end":{"line":45,"character":20}},"children":[]},{"name":"$i64_callee","kind":12,"range":{"start":{"line":46,"character":2},"end":{"line":46,"character":101}},"selectionRange":{"start":{"line":46,"character":8},"end":{"line":46,"character":19}},"children":[]},{"name":"$i64_bool","kind":12,"range":{"start":{"line":47,"character":2},"end":{"line":47,"character":99}},"selectionRange":{"start":{"line":47,"character":8},"end":{"line":47,"character":17}},"children":[]},{"name":"$f32_left","kind":12,"range":{"start":{"line":48,"character":2},"end":{"line":48,"character":99}},"selectionRange":{"start":{"line":48,"character":8},"end":{"line":48,"character":17}},"children":[]},{"name":"$f32_right","kind":12,"range":{"start":{"line":49,"character":2},"end":{"line":49,"character":100}},"selectionRange":{"start":{"line":49,"character":8},"end":{"line":49,"character":18}},"children":[]},{"name":"$f32_another","kind":12,"range":{"start":{"line":50,"character":2},"end":{"line":50,"character":102}},"selectionRange":{"start":{"line":50,"character":8},"end":{"line":50,"character":20}},"children":[]},{"name":"$f32_callee","kind":12,"range":{"start":{"line":51,"character":2},"end":{"line":51,"character":101}},"selectionRange":{"start":{"line":51,"character":8},"end":{"line":51,"character":19}},"children":[]},{"name":"$f32_bool","kind":12,"range":{"start":{"line":52,"character":2},"end":{"line":52,"character":99}},"selectionRange":{"start":{"line":52,"character":8},"end":{"line":52,"character":17}},"children":[]},{"name":"$f64_left","kind":12,"range":{"start":{"line":53,"character":2},"end":{"line":53,"character":99}},"selectionRange":{"start":{"line":53,"character":8},"end":{"line":53,"character":17}},"children":[]},{"name":"$f64_right","kind":12,"range":{"start":{"line":54,"character":2},"end":{"line":54,"character":100}},"selectionRange":{"start":{"line":54,"character":8},"end":{"line":54,"character":18}},"children":[]},{"name":"$f64_another","kind":12,"range":{"start":{"line":55,"character":2},"end":{"line":55,"character":102}},"selectionRange":{"start":{"line":55,"character":8},"end":{"line":55,"character":20}},"children":[]},{"name":"$f64_callee","kind":12,"range":{"start":{"line":56,"character":2},"end":{"line":56,"character":101}},"selectionRange":{"start":{"line":56,"character":8},"end":{"line":56,"character":19}},"children":[]},{"name":"$f64_bool","kind":12,"range":{"start":{"line":57,"character":2},"end":{"line":57,"character":99}},"selectionRange":{"start":{"line":57,"character":8},"end":{"line":57,"character":17}},"children":[]},{"name":"$i32_dummy","kind":12,"range":{"start":{"line":58,"character":2},"end":{"line":58,"character":35}},"selectionRange":{"start":{"line":58,"character":8},"end":{"line":58,"character":18}},"children":[]},{"name":"$i64_dummy","kind":12,"range":{"start":{"line":59,"character":2},"end":{"line":59,"character":35}},"selectionRange":{"start":{"line":59,"character":8},"end":{"line":59,"character":18}},"children":[]},{"name":"$f32_dummy","kind":12,"range":{"start":{"line":60,"character":2},"end":{"line":60,"character":35}},"selectionRange":{"start":{"line":60,"character":8},"end":{"line":60,"character":18}},"children":[]},{"name":"$f64_dummy","kind":12,"range":{"start":{"line":61,"character":2},"end":{"line":61,"character":35}},"selectionRange":{"start":{"line":61,"character":8},"end":{"line":61,"character":18}},"children":[]},{"name":"<func@64:3>","kind":12,"range":{"start":{"line":63,"character":2},"end":{"line":63,"character":118}},"selectionRange":{"start":{"line":63,"character":2},"end":{"line":63,"character":118}},"children":[]},{"name":"<func@65:3>","kind":12,"range":{"start":{"line":64,"character":2},"end":{"line":64,"character":118}},"selectionRange":{"start":{"line":64,"character":2},"end":{"line":64,"character":118}},"children":[]},{"name":"<func@66:3>","kind":12,"range":{"start":{"line":65,"character":2},"end":{"line":65,"character":118}},"selectionRange":{"start":{"line":65,"character":2},"end":{"line":65,"character":118}},"children":[]},{"name":"<func@67:3>","kind":12,"range":{"start":{"line":66,"character":2},"end":{"line":66,"character":122}},"selectionRange":{"start":{"line":66,"character":2},"end":{"line":66,"character":122}},"children":[]},{"name":"<func@68:3>","kind":12,"range":{"start":{"line":67,"character":2},"end":{"line":67,"character":122}},"selectionRange":{"start":{"line":67,"character":2},"end":{"line":67,"character":122}},"children":[]},{"name":"<func@69:3>","kind":12,"range":{"start":{"line":68,"character":2},"end":{"line":68,"character":122}},"selectionRange":{"start":{"line":68,"character":2},"end":{"line":68,"character":122}},"children":[]},{"name":"<func@70:3>","kind":12,"range":{"start":{"line":69,"character":2},"end":{"line":69,"character":122}},"selectionRange":{"start":{"line":69,"character":2},"end":{"line":69,"character":122}},"children":[]},{"name":"<func@71:3>","kind":12,"range":{"start":{"line":70,"character":2},"end":{"line":70,"character":118}},"selectionRange":{"start":{"line":70,"character":2},"end":{"line":70,"character":118}},"children":[]},{"name":"<func@72:3>","kind":12,"range":{"start":{"line":71,"character":2},"end":{"line":71,"character":116}},"selectionRange":{"start":{"line":71,"character":2},"end":{"line":71,"character":116}},"children":[]},{"name":"<func@73:3>","kind":12,"range":{"start":{"line":72,"character":2},"end":{"line":72,"character":118}},"selectionRange":{"start":{"line":72,"character":2},"end":{"line":72,"character":118}},"children":[]},{"name":"<func@74:3>","kind":12,"range":{"start":{"line":73,"character":2},"end":{"line":73,"character":118}},"selectionRange":{"start":{"line":73,"character":2},"end":{"line":73,"character":118}},"children":[]},{"name":"<func@75:3>","kind":12,"range":{"start":{"line":74,"character":2},"end":{"line":74,"character":122}},"selectionRange":{"start":{"line":74,"character":2},"end":{"line":74,"character":122}},"children":[]},{"name":"<func@76:3>","kind":12,"range":{"start":{"line":75,"character":2},"end":{"line":75,"character":122}},"selectionRange":{"start":{"line":75,"character":2},"end":{"line":75,"character":122}},"children":[]},{"name":"<func@77:3>","kind":12,"range":{"start":{"line":76,"character":2},"end":{"line":76,"character":116}},"selectionRange":{"start":{"line":76,"character":2},"end":{"line":76,"character":116}},"children":[]},{"name":"<func@78:3>","kind":12,"range":{"start":{"line":77,"character":2},"end":{"line":77,"character":116}},"selectionRange":{"start":{"line":77,"character":2},"end":{"line":77,"character":116}},"children":[]},{"name":"<func@79:3>","kind":12,"range":{"start":{"line":78,"character":2},"end":{"line":78,"character":120}},"selectionRange":{"start":{"line":78,"character":2},"end":{"line":78,"character":120}},"children":[]},{"name":"<func@80:3>","kind":12,"range":{"start":{"line":79,"character":2},"end":{"line":79,"character":120}},"selectionRange":{"start":{"line":79,"character":2},"end":{"line":79,"character":120}},"children":[]},{"name":"<func@81:3>","kind":12,"range":{"start":{"line":80,"character":2},"end":{"line":80,"character":120}},"selectionRange":{"start":{"line":80,"character":2},"end":{"line":80,"character":120}},"children":[]},{"name":"<func@82:3>","kind":12,"range":{"start":{"line":81,"character":2},"end":{"line":81,"character":120}},"selectionRange":{"start":{"line":81,"character":2},"end":{"line":81,"character":120}},"children":[]},{"name":"<func@83:3>","kind":12,"range":{"start":{"line":82,"character":2},"end":{"line":82,"character":120}},"selectionRange":{"start":{"line":82,"character":2},"end":{"line":82,"character":120}},"children":[]},{"name":"<func@84:3>","kind":12,"range":{"start":{"line":83,"character":2},"end":{"line":83,"character":120}},"selectionRange":{"start":{"line":83,"character":2},"end":{"line":83,"character":120}},"children":[]},{"name":"<func@85:3>","kind":12,"range":{"start":{"line":84,"character":2},"end":{"line":84,"character":120}},"selectionRange":{"start":{"line":84,"character":2},"end":{"line":84,"character":120}},"children":[]},{"name":"<func@86:3>","kind":12,"range":{"start":{"line":85,"character":2},"end":{"line":85,"character":120}},"selectionRange":{"start":{"line":85,"character":2},"end":{"line":85,"character":120}},"children":[]},{"name":"<func@87:3>","kind":12,"range":{"start":{"line":86,"character":2},"end":{"line":86,"character":115}},"selectionRange":{"start":{"line":86,"character":2},"end":{"line":86,"character":115}},"children":[]},{"name":"<func@88:3>","kind":12,"range":{"start":{"line":87,"character":2},"end":{"line":87,"character":117}},"selectionRange":{"start":{"line":87,"character":2},"end":{"line":87,"character":117}},"children":[]},{"name":"<func@89:3>","kind":12,"range":{"start":{"line":88,"character":2},"end":{"line":88,"character":119}},"selectionRange":{"start":{"line":88,"character":2},"end":{"line":88,"character":119}},"children":[]},{"name":"<func@90:3>","kind":12,"range":{"start":{"line":89,"character":2},"end":{"line":89,"character":120}},"selectionRange":{"start":{"line":89,"character":2},"end":{"line":89,"character":120}},"children":[]},{"name":"<func@91:3>","kind":12,"range":{"start":{"line":90,"character":2},"end":{"line":90,"character":167}},"selectionRange":{"start":{"line":90,"character":2},"end":{"line":90,"character":167}},"children":[]},{"name":"<func@92:3>","kind":12,"range":{"start":{"line":91,"character":2},"end":{"line":91,"character":137}},"selectionRange":{"start":{"line":91,"character":2},"end":{"line":91,"character":137}},"children":[]},{"name":"<func@94:3>","kind":12,"range":{"start":{"line":93,"character":2},"end":{"line":93,"character":118}},"selectionRange":{"start":{"line":93,"character":2},"end":{"line":93,"character":118}},"children":[]},{"name":"<func@95:3>","kind":12,"range":{"start":{"line":94,"character":2},"end":{"line":94,"character":118}},"selectionRange":{"start":{"line":94,"character":2},"end":{"line":94,"character":118}},"children":[]},{"name":"<func@96:3>","kind":12,"range":{"start":{"line":95,"character":2},"end":{"line":95,"character":118}},"selectionRange":{"start":{"line":95,"character":2},"end":{"line":95,"character":118}},"children":[]},{"name":"<func@97:3>","kind":12,"range":{"start":{"line":96,"character":2},"end":{"line":96,"character":122}},"selectionRange":{"start":{"line":96,"character":2},"end":{"line":96,"character":122}},"children":[]},{"name":"<func@98:3>","kind":12,"range":{"start":{"line":97,"character":2},"end":{"line":97,"character":122}},"selectionRange":{"start":{"line":97,"character":2},"end":{"line":97,"character":122}},"children":[]},{"name":"<func@99:3>","kind":12,"range":{"start":{"line":98,"character":2},"end":{"line":98,"character":122}},"selectionRange":{"start":{"line":98,"character":2},"end":{"line":98,"character":122}},"children":[]},{"name":"<func@100:3>","kind":12,"range":{"start":{"line":99,"character":2},"end":{"line":99,"character":122}},"selectionRange":{"start":{"line":99,"character":2},"end":{"line":99,"character":122}},"children":[]},{"name":"<func@101:3>","kind":12,"range":{"start":{"line":100,"character":2},"end":{"line":100,"character":118}},"selectionRange":{"start":{"line":100,"character":2},"end":{"line":100,"character":118}},"children":[]},{"name":"<func@102:3>","kind":12,"range":{"start":{"line":101,"character":2},"end":{"line":101,"character":116}},"selectionRange":{"start":{"line":101,"character":2},"end":{"line":101,"character":116}},"children":[]},{"name":"<func@103:3>","kind":12,"range":{"start":{"line":102,"character":2},"end":{"line":102,"character":118}},"selectionRange":{"start":{"line":102,"character":2},"end":{"line":102,"character":118}},"children":[]},{"name":"<func@104:3>","kind":12,"range":{"start":{"line":103,"character":2},"end":{"line":103,"character":118}},"selectionRange":{"start":{"line":103,"character":2},"end":{"line":103,"character":118}},"children":[]},{"name":"<func@105:3>","kind":12,"range":{"start":{"line":104,"character":2},"end":{"line":104,"character":122}},"selectionRange":{"start":{"line":104,"character":2},"end":{"line":104,"character":122}},"children":[]},{"name":"<func@106:3>","kind":12,"range":{"start":{"line":105,"character":2},"end":{"line":105,"character":122}},"selectionRange":{"start":{"line":105,"character":2},"end":{"line":105,"character":122}},"children":[]},{"name":"<func@107:3>","kind":12,"range":{"start":{"line":106,"character":2},"end":{"line":106,"character":116}},"selectionRange":{"start":{"line":106,"character":2},"end":{"line":106,"character":116}},"children":[]},{"name":"<func@108:3>","kind":12,"range":{"start":{"line":107,"character":2},"end":{"line":107,"character":116}},"selectionRange":{"start":{"line":107,"character":2},"end":{"line":107,"character":116}},"children":[]},{"name":"<func@109:3>","kind":12,"range":{"start":{"line":108,"character":2},"end":{"line":108,"character":120}},"selectionRange":{"start":{"line":108,"character":2},"end":{"line":108,"character":120}},"children":[]},{"name":"<func@110:3>","kind":12,"range":{"start":{"line":109,"character":2},"end":{"line":109,"character":120}},"selectionRange":{"start":{"line":109,"character":2},"end":{"line":109,"character":120}},"children":[]},{"name":"<func@111:3>","kind":12,"range":{"start":{"line":110,"character":2},"end":{"line":110,"character":120}},"selectionRange":{"start":{"line":110,"character":2},"end":{"line":110,"character":120}},"children":[]},{"name":"<func@112:3>","kind":12,"range":{"start":{"line":111,"character":2},"end":{"line":111,"character":120}},"selectionRange":{"start":{"line":111,"character":2},"end":{"line":111,"character":120}},"children":[]},{"name":"<func@113:3>","kind":12,"range":{"start":{"line":112,"character":2},"end":{"line":112,"character":120}},"selectionRange":{"start":{"line":112,"character":2},"end":{"line":112,"character":120}},"children":[]},{"name":"<func@114:3>","kind":12,"range":{"start":{"line":113,"character":2},"end":{"line":113,"character":120}},"selectionRange":{"start":{"line":113,"character":2},"end":{"line":113,"character":120}},"children":[]},{"name":"<func@115:3>","kind":12,"range":{"start":{"line":114,"character":2},"end":{"line":114,"character":120}},"selectionRange":{"start":{"line":114,"character":2},"end":{"line":114,"character":120}},"children":[]},{"name":"<func@116:3>","kind":12,"range":{"start":{"line":115,"character":2},"end":{"line":115,"character":120}},"selectionRange":{"start":{"line":115,"character":2},"end":{"line":115,"character":120}},"children":[]},{"name":"<func@117:3>","kind":12,"range":{"start":{"line":116,"character":2},"end":{"line":116,"character":115}},"selectionRange":{"start":{"line":116,"character":2},"end":{"line":116,"character":115}},"children":[]},{"name":"<func@118:3>","kind":12,"range":{"start":{"line":117,"character":2},"end":{"line":117,"character":117}},"selectionRange":{"start":{"line":117,"character":2},"end":{"line":117,"character":117}},"children":[]},{"name":"<func@119:3>","kind":12,"range":{"start":{"line":118,"character":2},"end":{"line":118,"character":119}},"selectionRange":{"start":{"line":118,"character":2},"end":{"line":118,"character":119}},"children":[]},{"name":"<func@120:3>","kind":12,"range":{"start":{"line":119,"character":2},"end":{"line":119,"character":119}},"selectionRange":{"start":{"line":119,"character":2},"end":{"line":119,"character":119}},"children":[]},{"name":"<func@121:3>","kind":12,"range":{"start":{"line":120,"character":2},"end":{"line":120,"character":120}},"selectionRange":{"start":{"line":120,"character":2},"end":{"line":120,"character":120}},"children":[]},{"name":"<func@122:3>","kind":12,"range":{"start":{"line":121,"character":2},"end":{"line":121,"character":167}},"selectionRange":{"start":{"line":121,"character":2},"end":{"line":121,"character":167}},"children":[]},{"name":"<func@123:3>","kind":12,"range":{"start":{"line":122,"character":2},"end":{"line":122,"character":137}},"selectionRange":{"start":{"line":122,"character":2},"end":{"line":122,"character":137}},"children":[]},{"name":"<func@125:3>","kind":12,"range":{"start":{"line":124,"character":2},"end":{"line":124,"character":118}},"selectionRange":{"start":{"line":124,"character":2},"end":{"line":124,"character":118}},"children":[]},{"name":"<func@126:3>","kind":12,"range":{"start":{"line":125,"character":2},"end":{"line":125,"character":118}},"selectionRange":{"start":{"line":125,"character":2},"end":{"line":125,"character":118}},"children":[]},{"name":"<func@127:3>","kind":12,"range":{"start":{"line":126,"character":2},"end":{"line":126,"character":118}},"selectionRange":{"start":{"line":126,"character":2},"end":{"line":126,"character":118}},"children":[]},{"name":"<func@128:3>","kind":12,"range":{"start":{"line":127,"character":2},"end":{"line":127,"character":118}},"selectionRange":{"start":{"line":127,"character":2},"end":{"line":127,"character":118}},"children":[]},{"name":"<func@129:3>","kind":12,"range":{"start":{"line":128,"character":2},"end":{"line":128,"character":128}},"selectionRange":{"start":{"line":128,"character":2},"end":{"line":128,"character":128}},"children":[]},{"name":"<func@130:3>","kind":12,"range":{"start":{"line":129,"character":2},"end":{"line":129,"character":116}},"selectionRange":{"start":{"line":129,"character":2},"end":{"line":129,"character":116}},"children":[]},{"name":"<func@131:3>","kind":12,"range":{"start":{"line":130,"character":2},"end":{"line":130,"character":116}},"selectionRange":{"start":{"line":130,"character":2},"end":{"line":130,"character":116}},"children":[]},{"name":"<func@132:3>","kind":12,"range":{"start":{"line":131,"character":2},"end":{"line":131,"character":116}},"selectionRange":{"start":{"line":131,"character":2},"end":{"line":131,"character":116}},"children":[]},{"name":"<func@133:3>","kind":12,"range":{"start":{"line":132,"character":2},"end":{"line":132,"character":116}},"selectionRange":{"start":{"line":132,"character":2},"end":{"line":132,"character":116}},"children":[]},{"name":"<func@134:3>","kind":12,"range":{"start":{"line":133,"character":2},"end":{"line":133,"character":116}},"selectionRange":{"start":{"line":133,"character":2},"end":{"line":133,"character":116}},"children":[]},{"name":"<func@135:3>","kind":12,"range":{"start":{"line":134,"character":2},"end":{"line":134,"character":116}},"selectionRange":{"start":{"line":134,"character":2},"end":{"line":134,"character":116}},"children":[]},{"name":"<func@136:3>","kind":12,"range":{"start":{"line":135,"character":2},"end":{"line":135,"character":118}},"selectionRange":{"start":{"line":135,"character":2},"end":{"line":135,"character":118}},"children":[]},{"name":"<func@137:3>","kind":12,"range":{"start":{"line":136,"character":2},"end":{"line":136,"character":118}},"selectionRange":{"start":{"line":136,"character":2},"end":{"line":136,"character":118}},"children":[]},{"name":"<func@138:3>","kind":12,"range":{"start":{"line":137,"character":2},"end":{"line":137,"character":115}},"selectionRange":{"start":{"line":137,"character":2},"end":{"line":137,"character":115}},"children":[]},{"name":"<func@139:3>","kind":12,"range":{"start":{"line":138,"character":2},"end":{"line":138,"character":120}},"selectionRange":{"start":{"line":138,"character":2},"end":{"line":138,"character":120}},"children":[]},{"name":"<func@140:3>","kind":12,"range":{"start":{"line":139,"character":2},"end":{"line":139,"character":167}},"selectionRange":{"start":{"line":139,"character":2},"end":{"line":139,"character":167}},"children":[]},{"name":"<func@141:3>","kind":12,"range":{"start":{"line":140,"character":2},"end":{"line":140,"character":137}},"selectionRange":{"start":{"line":140,"character":2},"end":{"line":140,"character":137}},"children":[]},{"name":"<func@143:3>","kind":12,"range":{"start":{"line":142,"character":2},"end":{"line":142,"character":118}},"selectionRange":{"start":{"line":142,"character":2},"end":{"line":142,"character":118}},"children":[]},{"name":"<func@144:3>","kind":12,"range":{"start":{"line":143,"character":2},"end":{"line":143,"character":118}},"selectionRange":{"start":{"line":143,"character":2},"end":{"line":143,"character":118}},"children":[]},{"name":"<func@145:3>","kind":12,"range":{"start":{"line":144,"character":2},"end":{"line":144,"character":118}},"selectionRange":{"start":{"line":144,"character":2},"end":{"line":144,"character":118}},"children":[]},{"name":"<func@146:3>","kind":12,"range":{"start":{"line":145,"character":2},"end":{"line":145,"character":118}},"selectionRange":{"start":{"line":145,"character":2},"end":{"line":145,"character":118}},"children":[]},{"name":"<func@147:3>","kind":12,"range":{"start":{"line":146,"character":2},"end":{"line":146,"character":128}},"selectionRange":{"start":{"line":146,"character":2},"end":{"line":146,"character":128}},"children":[]},{"name":"<func@148:3>","kind":12,"range":{"start":{"line":147,"character":2},"end":{"line":147,"character":116}},"selectionRange":{"start":{"line":147,"character":2},"end":{"line":147,"character":116}},"children":[]},{"name":"<func@149:3>","kind":12,"range":{"start":{"line":148,"character":2},"end":{"line":148,"character":116}},"selectionRange":{"start":{"line":148,"character":2},"end":{"line":148,"character":116}},"children":[]},{"name":"<func@150:3>","kind":12,"range":{"start":{"line":149,"character":2},"end":{"line":149,"character":116}},"selectionRange":{"start":{"line":149,"character":2},"end":{"line":149,"character":116}},"children":[]},{"name":"<func@151:3>","kind":12,"range":{"start":{"line":150,"character":2},"end":{"line":150,"character":116}},"selectionRange":{"start":{"line":150,"character":2},"end":{"line":150,"character":116}},"children":[]},{"name":"<func@152:3>","kind":12,"range":{"start":{"line":151,"character":2},"end":{"line":151,"character":116}},"selectionRange":{"start":{"line":151,"character":2},"end":{"line":151,"character":116}},"children":[]},{"name":"<func@153:3>","kind":12,"range":{"start":{"line":152,"character":2},"end":{"line":152,"character":116}},"selectionRange":{"start":{"line":152,"character":2},"end":{"line":152,"character":116}},"children":[]},{"name":"<func@154:3>","kind":12,"range":{"start":{"line":153,"character":2},"end":{"line":153,"character":118}},"selectionRange":{"start":{"line":153,"character":2},"end":{"line":153,"character":118}},"children":[]},{"name":"<func@155:3>","kind":12,"range":{"start":{"line":154,"character":2},"end":{"line":154,"character":118}},"selectionRange":{"start":{"line":154,"character":2},"end":{"line":154,"character":118}},"children":[]},{"name":"<func@156:3>","kind":12,"range":{"start":{"line":155,"character":2},"end":{"line":155,"character":115}},"selectionRange":{"start":{"line":155,"character":2},"end":{"line":155,"character":115}},"children":[]},{"name":"<func@157:3>","kind":12,"range":{"start":{"line":156,"character":2},"end":{"line":156,"character":120}},"selectionRange":{"start":{"line":156,"character":2},"end":{"line":156,"character":120}},"children":[]},{"name":"<func@158:3>","kind":12,"range":{"start":{"line":157,"character":2},"end":{"line":157,"character":167}},"selectionRange":{"start":{"line":157,"character":2},"end":{"line":157,"character":167}},"children":[]},{"name":"<func@159:3>","kind":12,"range":{"start":{"line":158,"character":2},"end":{"line":158,"character":137}},"selectionRange":{"start":{"line":158,"character":2},"end":{"line":158,"character":137}},"children":[]},{"name":"<func@161:3>","kind":12,"range":{"start":{"line":160,"character":2},"end":{"line":166,"character":3}},"selectionRange":{"start":{"line":160,"character":2},"end":{"line":166,"character":3}},"children":[]},{"name":"<func@168:3>","kind":12,"range":{"start":{"line":167,"character":2},"end":{"line":177,"character":3}},"selectionRange":{"start":{"line":167,"character":2},"end":{"line":177,"character":3}}}]}],"id":1}