{"jsonrpc":"2.0","result":[{"name":"<module@3:1>","kind":2,"range":{"start":{"line":2,"character":0},"end":{"line":158,"character":1}},"selectionRange":{"start":{"line":2,"character":0},"end":{"line":158,"character":1}},"children":[{"name":"<memory@4:3>","kind":18,"range":{"start":{"line":3,"character":2},"end":{"line":3,"character":12}},"selectionRange":{"start":{"line":3,"character":2},"end":{"line":3,"character":12}},"children":[]},{"name":"<func@6:3>","kind":12,"range":{"start":{"line":5,"character":2},"end":{"line":7,"character":3}},"selectionRange":{"start":{"line":5,"character":2},"end":{"line":7,"character":3}},"children":[]},{"name":"<func@10:3>","kind":12,"range":{"start":{"line":9,"character":2},"end":{"line":11,"character":3}},"selectionRange":{"start":{"line":9,"character":2},"end":{"line":11,"character":3}},"children":[]},{"name":"<func@13:3>","kind":12,"range":{"start":{"line":12,"character":2},"end":{"line":16,"character":3}},"selectionRange":{"start":{"line":12,"character":2},"end":{"line":16,"character":3}},"children":[]},{"name":"<func@18:3>","kind":12,"range":{"start":{"line":17,"character":2},"end":{"line":21,"character":3}},"selectionRange":{"start":{"line":17,"character":2},"end":{"line":21,"character":3}},"children":[]},{"name":"<func@24:3>","kind":12,"range":{"start":{"line":23,"character":2},"end":{"line":25,"character":3}},"selectionRange":{"start":{"line":23,"character":2},"end":{"line":25,"character":3}},"children":[]},{"name":"<func@27:3>","kind":12,"range":{"start":{"line":26,"character":2},"end":{"line":30,"character":3}},"selectionRange":{"start":{"line":26,"character":2},"end":{"line":30,"character":3}},"children":[]},{"name":"<func@32:3>","kind":12,"range":{"start":{"line":31,"character":2},"end":{"line":35,"character":3}},"selectionRange":{"start":{"line":31,"character":2},"end":{"line":35,"character":3}},"children":[]},{"name":"<func@38:3>","kind":12,"range":{"start":{"line":37,"character":2},"end":{"line":39,"character":3}},"selectionRange":{"start":{"line":37,"character":2},"end":{"line":39,"character":3}},"children":[]},{"name":"<func@42:3>","kind":12,"range":{"start":{"line":41,"character":2},"end":{"line":45,"character":3}},"selectionRange":{"start":{"line":41,"character":2},"end":{"line":45,"character":3}},"children":[]},{"name":"<func@47:3>","kind":12,"range":{"start":{"line":46,"character":2},"end":{"line":50,"character":3}},"selectionRange":{"start":{"line":46,"character":2},"end":{"line":50,"character":3}},"children":[]},{"name":"<func@52:3>","kind":12,"range":{"start":{"line":51,"character":2},"end":{"line":55,"character":3}},"selectionRange":{"start":{"line":51,"character":2},"end":{"line":55,"character":3}},"children":[]},{"name":"<func@58:3>","kind":12,"range":{"start":{"line":57,"character":2},"end":{"line":59,"character":3}},"selectionRange":{"start":{"line":57,"character":2},"end":{"line":59,"character":3}},"children":[]},{"name":"<func@61:3>","kind":12,"range":{"start":{"line":60,"character":2},"end":{"line":62,"character":3}},"selectionRange":{"start":{"line":60,"character":2},"end":{"line":62,"character":3}},"children":[]},{"name":"<func@64:3>","kind":12,"range":{"start":{"line":63,"character":2},"end":{"line":65,"character":3}},"selectionRange":{"start":{"line":63,"character":2},"end":{"line":65,"character":3}},"children":[]},{"name":"$f","kind":12,"range":{"start":{"line":67,"character":2},"end":{"line":67,"character":59}},"selectionRange":{"start":{"line":67,"character":8},"end":{"line":67,"character":10}},"children":[]},{"name":"<func@69:3>","kind":12,"range":{"start":{"line":68,"character":2},"end":{"line":70,"character":3}},"selectionRange":{"start":{"line":68,"character":2},"end":{"line":70,"character":3}},"children":[]},{"name":"<func@72:3>","kind":12,"range":{"start":{"line":71,"character":2},"end":{"line":73,"character":3}},"selectionRange":{"start":{"line":71,"character":2},"end":{"line":73,"character":3}},"children":[]},{"name":"<func@75:3>","kind":12,"range":{"start":{"line":74,"character":2},"end":{"line":76,"character":3}},"selectionRange":{"start":{"line":74,"character":2},"end":{"line":76,"character":3}},"children":[]},{"name":"$sig","kind":26,"range":{"start":{"line":78,"character":2},"end":{"line":78,"character":53}},"selectionRange":{"start":{"line":78,"character":8},"end":{"line":78,"character":12}},"children":[]},{"name":"<table@80:3>","kind":11,"range":{"start":{"line":79,"character":2},"end":{"line":79,"character":27}},"selectionRange":{"start":{"line":79,"character":2},"end":{"line":79,"character":27}},"children":[]},{"name":"<func@81:3>","kind":12,"range":{"start":{"line":80,"character":2},"end":{"line":84,"character":3}},"selectionRange":{"start":{"line":80,"character":2},"end":{"line":84,"character":3}},"children":[]},{"name":"<func@86:3>","kind":12,"range":{"start":{"line":85,"character":2},"end":{"line":89,"character":3}},"selectionRange":{"start":{"line":85,"character":2},"end":{"line":89,"character":3}},"children":[]},{"name":"<func@91:3>","kind":12,"range":{"start":{"line":90,"character":2},"end":{"line":94,"character":3}},"selectionRange":{"start":{"line":90,"character":2},"end":{"line":94,"character":3}},"children":[]},{"name":"<func@96:3>","kind":12,"range":{"start":{"line":95,"character":2},"end":{"line":99,"character":3}},"selectionRange":{"start":{"line":95,"character":2},"end":{"line":99,"character":3}},"children":[]},{"name":"<func@102:3>","kind":12,"range":{"start":{"line":101,"character":2},"end":{"line":103,"character":3}},"selectionRange":{"start":{"line":101,"character":2},"end":{"line":103,"character":3}},"children":[]},{"name":"<func@105:3>","kind":12,"range":{"start":{"line":104,"character":2},"end":{"line":106,"character":3}},"selectionRange":{"start":{"line":104,"character":2},"end":{"line":106,"character":3}},"children":[]},{"name":"$g","kind":24,"range":{"start":{"line":107,"character":2},"end":{"line":107,"character":37}},"selectionRange":{"start":{"line":107,"character":10},"end":{"line":107,"character":12}},"children":[]},{"name":"<func@109:3>","kind":12,"range":{"start":{"line":108,"character":2},"end":{"line":110,"character":3}},"selectionRange":{"start":{"line":108,"character":2},"end":{"line":110,"character":3}},"children":[]},{"name":"<func@113:3>","kind":12,"range":{"start":{"line":112,"character":2},"end":{"line":114,"character":3}},"selectionRange":{"start":{"line":112,"character":2},"end":{"line":114,"character":3}},"children":[]},{"name":"<func@116:3>","kind":12,"range":{"start":{"line":115,"character":2},"end":{"line":117,"character":3}},"selectionRange":{"start":{"line":115,"character":2},"end":{"line":117,"character":3}},"children":[]},{"name":"<func@120:3>","kind":12,"range":{"start":{"line":119,"character":2},"end":{"line":121,"character":3}},"selectionRange":{"start":{"line":119,"character":2},"end":{"line":121,"character":3}},"children":[]},{"name":"<func@123:3>","kind":12,"range":{"start":{"line":122,"character":2},"end":{"line":124,"character":3}},"selectionRange":{"start":{"line":122,"character":2},"end":{"line":124,"character":3}},"children":[]},{"name":"<func@127:3>","kind":12,"range":{"start":{"line":126,"character":2},"end":{"line":128,"character":3}},"selectionRange":{"start":{"line":126,"character":2},"end":{"line":128,"character":3}},"children":[]},{"name":"<func@130:3>","kind":12,"range":{"start":{"line":129,"character":2},"end":{"line":131,"character":3}},"selectionRange":{"start":{"line":129,"character":2},"end":{"line":131,"character":3}},"children":[]},{"name":"<func@134:3>","kind":12,"range":{"start":{"line":133,"character":2},"end":{"line":135,"character":3}},"selectionRange":{"start":{"line":133,"character":2},"end":{"line":135,"character":3}},"children":[]},{"name":"<func@138:3>","kind":12,"range":{"start":{"line":137,"character":2},"end":{"line":139,"character":3}},"selectionRange":{"start":{"line":137,"character":2},"end":{"line":139,"character":3}},"children":[]},{"name":"<func@141:3>","kind":12,"range":{"start":{"line":140,"character":2},"end":{"line":142,"character":3}},"selectionRange":{"start":{"line":140,"character":2},"end":{"line":142,"character":3}},"children":[]},{"name":"<func@145:3>","kind":12,"range":{"start":{"line":144,"character":2},"end":{"line":146,"character":3}},"selectionRange":{"start":{"line":144,"character":2},"end":{"line":146,"character":3}},"children":[]},{"name":"<func@149:3>","kind":12,"range":{"start":{"line":148,"character":2},"end":{"line":150,"character":3}},"selectionRange":{"start":{"line":148,"character":2},"end":{"line":150,"character":3}},"children":[]},{"name":"<func@152:3>","kind":12,"range":{"start":{"line":151,"character":2},"end":{"line":153,"character":3}},"selectionRange":{"start":{"line":151,"character":2},"end":{"line":153,"character":3}},"children":[]},{"name":"<func@156:3>","kind":12,"range":{"start":{"line":155,"character":2},"end":{"line":157,"character":3}},"selectionRange":{"start":{"line":155,"character":2},"end":{"line":157,"character":3}}}]}],"id":1}