{"jsonrpc":"2.0","result":[{"name":"<module@1:1>","kind":2,"range":{"start":{"line":0,"character":0},"end":{"line":177,"character":1}},"selectionRange":{"start":{"line":0,"character":0},"end":{"line":177,"character":1}},"children":[{"name":"<memory@3:3>","kind":18,"range":{"start":{"line":2,"character":2},"end":{"line":2,"character":12}},"selectionRange":{"start":{"line":2,"character":2},"end":{"line":2,"character":12}},"children":[]},{"name":"$dummy","kind":12,"range":{"start":{"line":4,"character":2},"end":{"line":4,"character":15}},"selectionRange":{"start":{"line":4,"character":8},"end":{"line":4,"character":14}},"children":[]},{"name":"<func@7:3>","kind":12,"range":{"start":{"line":6,"character":2},"end":{"line":7,"character":64}},"selectionRange":{"start":{"line":6,"character":2},"end":{"line":7,"character":64}},"children":[]},{"name":"<func@10:3>","kind":12,"range":{"start":{"line":9,"character":2},"end":{"line":10,"character":64}},"selectionRange":{"start":{"line":9,"character":2},"end":{"line":10,"character":64}},"children":[]},{"name":"<func@13:3>","kind":12,"range":{"start":{"line":12,"character":2},"end":{"line":13,"character":64}},"selectionRange":{"start":{"line":12,"character":2},"end":{"line":13,"character":64}},"children":[]},{"name":"<func@16:3>","kind":12,"range":{"start":{"line":15,"character":2},"end":{"line":16,"character":64}},"selectionRange":{"start":{"line":15,"character":2},"end":{"line":16,"character":64}},"children":[]},{"name":"<func@20:3>","kind":12,"range":{"start":{"line":19,"character":2},"end":{"line":21,"character":3}},"selectionRange":{"start":{"line":19,"character":2},"end":{"line":21,"character":3}},"children":[]},{"name":"<func@23:3>","kind":12,"range":{"start":{"line":22,"character":2},"end":{"line":24,"character":3}},"selectionRange":{"start":{"line":22,"character":2},"end":{"line":24,"character":3}},"children":[]},{"name":"<func@27:3>","kind":12,"range":{"start":{"line":26,"character":2},"end":{"line":32,"character":3}},"selectionRange":{"start":{"line":26,"character":2},"end":{"line":32,"character":3}},"children":[]},{"name":"<func@37:3>","kind":12,"range":{"start":{"line":36,"character":2},"end":{"line":38,"character":3}},"selectionRange":{"start":{"line":36,"character":2},"end":{"line":38,"character":3}},"children":[]},{"name":"<func@40:3>","kind":12,"range":{"start":{"line":39,"character":2},"end":{"line":41,"character":3}},"selectionRange":{"start":{"line":39,"character":2},"end":{"line":41,"character":3}},"children":[]},{"name":"<func@43:3>","kind":12,"range":{"start":{"line":42,"character":2},"end":{"line":44,"character":3}},"selectionRange":{"start":{"line":42,"character":2},"end":{"line":44,"character":3}},"children":[]},{"name":"<func@47:3>","kind":12,"range":{"start":{"line":46,"character":2},"end":{"line":48,"character":3}},"selectionRange":{"start":{"line":46,"character":2},"end":{"line":48,"character":3}},"children":[]},{"name":"<func@50:3>","kind":12,"range":{"start":{"line":49,"character":2},"end":{"line":51,"character":3}},"selectionRange":{"start":{"line":49,"character":2},"end":{"line":51,"character":3}},"children":[]},{"name":"<func@53:3>","kind":12,"range":{"start":{"line":52,"character":2},"end":{"line":54,"character":3}},"selectionRange":{"start":{"line":52,"character":2},"end":{"line":54,"character":3}},"children":[]},{"name":"<func@57:3>","kind":12,"range":{"start":{"line":56,"character":2},"end":{"line":58,"character":3}},"selectionRange":{"start":{"line":56,"character":2},"end":{"line":58,"character":3}},"children":[]},{"name":"<func@60:3>","kind":12,"range":{"start":{"line":59,"character":2},"end":{"line":61,"character":3}},"selectionRange":{"start":{"line":59,"character":2},"end":{"line":61,"character":3}},"children":[]},{"name":"<func@63:3>","kind":12,"range":{"start":{"line":62,"character":2},"end":{"line":64,"character":3}},"selectionRange":{"start":{"line":62,"character":2},"end":{"line":64,"character":3}},"children":[]},{"name":"<func@67:3>","kind":12,"range":{"start":{"line":66,"character":2},"end":{"line":68,"character":3}},"selectionRange":{"start":{"line":66,"character":2},"end":{"line":68,"character":3}},"children":[]},{"name":"<func@70:3>","kind":12,"range":{"start":{"line":69,"character":2},"end":{"line":71,"character":3}},"selectionRange":{"start":{"line":69,"character":2},"end":{"line":71,"character":3}},"children":[]},{"name":"<func@74:3>","kind":12,"range":{"start":{"line":73,"character":2},"end":{"line":75,"character":3}},"selectionRange":{"start":{"line":73,"character":2},"end":{"line":75,"character":3}},"children":[]},{"name":"<func@77:3>","kind":12,"range":{"start":{"line":76,"character":2},"end":{"line":78,"character":3}},"selectionRange":{"start":{"line":76,"character":2},"end":{"line":78,"character":3}},"children":[]},{"name":"$func","kind":12,"range":{"start":{"line":80,"character":2},"end":{"line":80,"character":57}},"selectionRange":{"start":{"line":80,"character":8},"end":{"line":80,"character":13}},"children":[]},{"name":"$check","kind":26,"range":{"start":{"line":81,"character":2},"end":{"line":81,"character":51}},"selectionRange":{"start":{"line":81,"character":8},"end":{"line":81,"character":14}},"children":[]},{"name":"<table@83:3>","kind":11,"range":{"start":{"line":82,"character":2},"end":{"line":82,"character":30}},"selectionRange":{"start":{"line":82,"character":2},"end":{"line":82,"character":30}},"children":[]},{"name":"<func@84:3>","kind":12,"range":{"start":{"line":83,"character":2},"end":{"line":89,"character":3}},"selectionRange":{"start":{"line":83,"character":2},"end":{"line":89,"character":3}},"children":[]},{"name":"<func@91:3>","kind":12,"range":{"start":{"line":90,"character":2},"end":{"line":96,"character":3}},"selectionRange":{"start":{"line":90,"character":2},"end":{"line":96,"character":3}},"children":[]},{"name":"<func@98:3>","kind":12,"range":{"start":{"line":97,"character":2},"end":{"line":103,"character":3}},"selectionRange":{"start":{"line":97,"character":2},"end":{"line":103,"character":3}},"children":[]},{"name":"<func@106:3>","kind":12,"range":{"start":{"line":105,"character":2},"end":{"line":107,"character":3}},"selectionRange":{"start":{"line":105,"character":2},"end":{"line":107,"character":3}},"children":[]},{"name":"<func@109:3>","kind":12,"range":{"start":{"line":108,"character":2},"end":{"line":110,"character":3}},"selectionRange":{"start":{"line":108,"character":2},"end":{"line":110,"character":3}},"children":[]},{"name":"<func@113:3>","kind":12,"range":{"start":{"line":112,"character":2},"end":{"line":114,"character":3}},"selectionRange":{"start":{"line":112,"character":2},"end":{"line":114,"character":3}},"children":[]},{"name":"$f","kind":12,"range":{"start":{"line":116,"character":2},"end":{"line":116,"character":50}},"selectionRange":{"start":{"line":116,"character":8},"end":{"line":116,"character":10}},"children":[]},{"name":"<func@119:3>","kind":12,"range":{"start":{"line":118,"character":2},"end":{"line":120,"character":3}},"selectionRange":{"start":{"line":118,"character":2},"end":{"line":120,"character":3}},"children":[]},{"name":"<func@122:3>","kind":12,"range":{"start":{"line":121,"character":2},"end":{"line":123,"character":3}},"selectionRange":{"start":{"line":121,"character":2},"end":{"line":123,"character":3}},"children":[]},{"name":"<func@125:3>","kind":12,"range":{"start":{"line":124,"character":2},"end":{"line":126,"character":3}},"selectionRange":{"start":{"line":124,"character":2},"end":{"line":126,"character":3}},"children":[]},{"name":"<func@128:3>","kind":12,"range":{"start":{"line":127,"character":2},"end":{"line":129,"character":3}},"selectionRange":{"start":{"line":127,"character":2},"end":{"line":129,"character":3}},"children":[]},{"name":"<func@131:3>","kind":12,"range":{"start":{"line":130,"character":2},"end":{"line":132,"character":3}},"selectionRange":{"start":{"line":130,"character":2},"end":{"line":132,"character":3}},"children":[]},{"name":"<func@134:3>","kind":12,"range":{"start":{"line":133,"character":2},"end":{"line":135,"character":3}},"selectionRange":{"start":{"line":133,"character":2},"end":{"line":135,"character":3}},"children":[]},{"name":"$a","kind":24,"range":{"start":{"line":136,"character":2},"end":{"line":136,"character":38}},"selectionRange":{"start":{"line":136,"character":10},"end":{"line":136,"character":12}},"children":[]},{"name":"<func@138:3>","kind":12,"range":{"start":{"line":137,"character":2},"end":{"line":140,"character":3}},"selectionRange":{"start":{"line":137,"character":2},"end":{"line":140,"character":3}},"children":[]},{"name":"<func@142:3>","kind":12,"range":{"start":{"line":141,"character":2},"end":{"line":143,"character":3}},"selectionRange":{"start":{"line":141,"character":2},"end":{"line":143,"character":3}},"children":[]},{"name":"<func@146:3>","kind":12,"range":{"start":{"line":145,"character":2},"end":{"line":147,"character":3}},"selectionRange":{"start":{"line":145,"character":2},"end":{"line":147,"character":3}},"children":[]},{"name":"<func@149:3>","kind":12,"range":{"start":{"line":148,"character":2},"end":{"line":153,"character":3}},"selectionRange":{"start":{"line":148,"character":2},"end":{"line":153,"character":3}},"children":[]},{"name":"<func@155:3>","kind":12,"range":{"start":{"line":154,"character":2},"end":{"line":158,"character":3}},"selectionRange":{"start":{"line":154,"character":2},"end":{"line":158,"character":3}},"children":[]},{"name":"<func@161:3>","kind":12,"range":{"start":{"line":160,"character":2},"end":{"line":164,"character":3}},"selectionRange":{"start":{"line":160,"character":2},"end":{"line":164,"character":3}},"children":[]},{"name":"<func@166:3>","kind":12,"range":{"start":{"line":165,"character":2},"end":{"line":169,"character":3}},"selectionRange":{"start":{"line":165,"character":2},"end":{"line":169,"character":3}},"children":[]},{"name":"<func@172:3>","kind":12,"range":{"start":{"line":171,"character":2},"end":{"line":175,"character":3}},"selectionRange":{"start":{"line":171,"character":2},"end":{"line":175,"character":3}}}]}],"id":1}